******************************************************************************
                  TI ARM Linker PC v18.1.4                     
******************************************************************************
>> Linked Wed Mar 13 16:05:17 2019

OUTPUT FILE NAME:   <temp_sensor_CC26X2R1_LAUNCHXL_tirtos_ccs.out>
ENTRY POINT SYMBOL: "ResetISR"  address: 00018b91


MEMORY CONFIGURATION

         name            origin    length      used     unused   attr    fill
----------------------  --------  ---------  --------  --------  ----  --------
  FLASH                 00000000   00058000  0002565c  000329a4  R  X
  GPRAM                 11000000   00002000  00000000  00002000  RW X
  SRAM                  20000000   00014000  00008f33  0000b0cd  RW X


SEGMENT ALLOCATION MAP

run origin  load origin   length   init length attrs members
----------  ----------- ---------- ----------- ----- -------
00000000    00000000    00021608   00021608    r-x
  00000000    00000000    0000003c   0000003c    r-- .resetVecs
  0000003c    0000003c    0001ffac   0001ffac    r-x .text
  0001ffe8    0001ffe8    00001364   00001364    r-- .const
  00021350    00021350    000002b8   000002b8    r-- .cinit
00052000    00052000    00004000   00000000    rw-
  00052000    00052000    00004000   00000000    rw- .TI.bound:flashBuf$0
00057fa8    00057fa8    00000058   00000058    r--
  00057fa8    00057fa8    00000058   00000058    r-- .ccfg
20000100    20000100    00007a63   00000000    rw-
  20000100    20000100    00000004   00000000    rw- .data:xdcRomConstPtr
  20000104    20000104    00000004   00000000    rw- .data:xdcRomExternFuncPtr
  20000108    20000108    00000004   00000000    rw- .data:xdcRomStatePtr
  20000110    20000110    00004a4c   00000000    rw- .bss
  20004b60    20004b60    00003003   00000000    rw- .data
20007b68    20007b68    00001000   00000000    r--
  20007b68    20007b68    00001000   00000000    r-- .priheap
20013c00    20013c00    00000400   00000000    rw-
  20013c00    20013c00    00000400   00000000    rw- .stack


SECTION ALLOCATION MAP

 output                                  attributes/
section   page    origin      length       input sections
--------  ----  ----------  ----------   ----------------
.binit     0    00000000    00000000     

.cinit     0    00021350    000002b8     
                  00021350    0000025e     (.cinit..data.load) [load image, compression = lzss]
                  000215ae    00000002     --HOLE-- [fill = 0]
                  000215b0    0000000c     (__TI_handler_table)
                  000215bc    00000004     --HOLE-- [fill = 0]
                  000215c0    00000008     (.cinit..bss.load) [load image, compression = zero_init]
                  000215c8    00000008     (.cinit..data:xdcRomConstPtr.load) [load image, compression = lzss]
                  000215d0    00000008     (.cinit..data:xdcRomExternFuncPtr.load) [load image, compression = lzss]
                  000215d8    00000008     (.cinit..data:xdcRomStatePtr.load) [load image, compression = lzss]
                  000215e0    00000028     (__TI_cinit_table)

.init_array 
*          0    00000000    00000000     UNINITIALIZED

.ccfg      0    00057fa8    00000058     
                  00057fa8    00000058     ccfg.obj (.ccfg:retain)

.bss       0    20000110    00004a4c     UNINITIALIZED
                  20000110    00003c20     libopenthread_mtd.lib : instance.obj (.bss:_ZN34_INTERNAL_12_instance_cpp_0ce081802ot12sInstanceRawE$37)
                  20003d30    00000250     (.common:uartCC26XXObjects)
                  20003f80    00000200     rf_multiMode_cc26x2.aem4f : RFCC26X2_multiMode.oem4f (.bss:RF_cmdPool)
                  20004180    00000200     release_pem4f.oem4f (.bss:taskStackSection)
                  20004380    000000d8     (.common:ti_sysbios_family_arm_m3_Hwi_dispatchTable)
                  20004458    00000080     CC26X2R1_LAUNCHXL.obj (.bss:uartStringBuf$0)
                  200044d8    0000007c     (.common:pinHandleTable)
                  20004554    00000004     drivers_cc26x2.aem4f : ECJPAKECC26X2.oem4f (.bss)
                  20004558    00000068     rf_multiMode_cc26x2.aem4f : RFCC26X2_multiMode.oem4f (.bss:RF_ratModule)
                  200045c0    00000058     radio.obj (.bss:sSrcMatchExtData$16)
                  20004618    00000040     (.common:uartCC26XXRingBuffer)
                  20004658    0000003c     radio.obj (.bss:sReceiveCmd$16)
                  20004694    00000038     random.obj (.bss:$O13$$)
                  200046cc    00000034     rf_multiMode_cc26x2.aem4f : RFCC26X2_multiMode.oem4f (.bss:RF_swiFsmObj)
                  20004700    00000034                               : RFCC26X2_multiMode.oem4f (.bss:RF_swiHwObj)
                  20004734    00000034     drivers_cc26x2.aem4f : PINCC26XX.oem4f (.bss:pinSwi)
                  20004768    00000030     radio.obj (.bss:sSrcMatchShortData$16)
                  20004798    0000002c     otrtosapi.obj (.bss:OtRtosApi_mutexHandle$9)
                  200047c4    00000028     rf_multiMode_cc26x2.aem4f : RFCC26X2_multiMode.oem4f (.bss:RF_Sch)
                  200047ec    00000024                               : RFCC26X2_multiMode.oem4f (.bss:RF_clkInactivityObj)
                  20004810    00000024                               : RFCC26X2_multiMode.oem4f (.bss:RF_clkPowerUpObj)
                  20004834    00000020     libopenthread_diag_mtd.lib : diag_process.obj (.bss:$O18$$)
                  20004854    00000020     rf_multiMode_cc26x2.aem4f : RFCC26X2_multiMode.oem4f (.bss:RF_cmdQ)
                  20004874    00000020     drivers_cc26x2.aem4f : GPIOCC26XX.oem4f (.bss:gpioCallbackInfo)
                  20004894    00000020                          : PINCC26XX.oem4f (.bss:pinGpioConfigTable)
                  200048b4    00000020     radio.obj (.bss:sCsmaBackoffCmd$16)
                  200048d4    00000020     (.common:ecjpakeCC26X2Objects)
                  200048f4    0000001c     driverlib.lib : osc.obj (.bss:$O29$$)
                  20004910    0000001c     rf_multiMode_cc26x2.aem4f : RFCC26X2_multiMode.oem4f (.bss:RF_hwiCpe0Obj)
                  2000492c    0000001c                               : RFCC26X2_multiMode.oem4f (.bss:RF_hwiHwObj)
                  20004948    0000001c     drivers_cc26x2.aem4f : PINCC26XX.oem4f (.bss:pinHwi)
                  20004964    0000001c                          : PINCC26XX.oem4f (.bss:pinSemaphore)
                  20004980    0000001c     (.common:CryptoResourceCC26XX_accessSemaphore)
                  2000499c    0000001c     (.common:CryptoResourceCC26XX_hwi)
                  200049b8    0000001c     (.common:CryptoResourceCC26XX_operationSemaphore)
                  200049d4    0000001c     (.common:PKAResourceCC26XX_accessSemaphore)
                  200049f0    0000001c     (.common:PKAResourceCC26XX_hwi)
                  20004a0c    0000001c     (.common:PKAResourceCC26XX_operationSemaphore)
                  20004a28    00000018     radio.obj (.bss:sEdScanCmd$16)
                  20004a40    00000018     radio.obj (.bss:sRadioSetupCmd$16)
                  20004a58    00000018     radio.obj (.bss:sTransmitCmd$16)
                  20004a70    00000018     (.common:aesecbCC26XXObjects)
                  20004a88    00000016     rf_multiMode_cc26x2.aem4f : RFCC26X2_multiMode.oem4f (.bss)
                  20004a9e    00000002     drivers_cc26x2.aem4f : UARTCC26XX.oem4f (.bss)
                  20004aa0    00000014     rf_multiMode_cc26x2.aem4f : RFCC26X2_multiMode.oem4f (.bss:RF_ratSyncCmd)
                  20004ab4    00000014                               : RFCC26X2_multiMode.oem4f (.bss:RF_wakeupNotifyObj)
                  20004ac8    00000014     drivers_cc26x2.aem4f : GPIOCC26XX.oem4f (.bss:powerNotifyObj)
                  20004adc    00000014     radio.obj (.bss:sTransmitRxAckCmd$16)
                  20004af0    00000010     rf_multiMode_cc26x2.aem4f : RFCC26X2_multiMode.oem4f (.bss:RF_core)
                  20004b00    00000010     radio.obj (.bss:sRfStats$16)
                  20004b10    0000000c     drivers_cc26x2.aem4f : NVSCC26XX.oem4f (.bss)
                  20004b1c    0000000c                          : GPIOCC26XX.oem4f (.bss:gpioPinState)
                  20004b28    0000000c     (.common:displayUartObject)
                  20004b34    00000009                          : SHA2CC26X2.oem4f (.bss)
                  20004b3d    00000001     keys_utils.obj (.bss)
                  20004b3e    00000001     radio.obj (.bss)
                  20004b3f    00000001     (.common:driverlib_release_0_53646)
                  20004b40    00000008     drivers_cc26x2.aem4f : GPIOCC26XX.oem4f (.bss)
                  20004b48    00000004                          : PINCC26XX.oem4f (.bss)
                  20004b4c    00000004     (.common:ClockP_tickPeriod)
                  20004b50    00000004     (.common:PowerCC26XX_swiKey)
                  20004b54    00000004     (.common:PowerCC26XX_taskKey)
                  20004b58    00000004     (.common:nvsCC26xxObjects)

.data      0    20004b60    00003003     UNINITIALIZED
                  20004b60    00001cdc     otstack.obj (.data:$O3$$)
                  2000683c    0000085c     tempsensor.obj (.data:$O4$$)
                  20007098    00000420     radio.obj (.data:$O11$$)
                  200074b8    0000010c     release_pem4f.oem4f (.data:ROM_stateStruct)
                  200075c4    000000ec     drivers_cc26x2.aem4f : PowerCC26X2.oem4f (.data:PowerCC26X2_module)
                  200076b0    00000088     rom_sysbios.aem4f : rom_sysbios.obj (.data:$O1$$)
                  20007738    00000054     release_pem4f.oem4f (.data:ti_sysbios_gates_GateMutex_Object__table__V)
                  2000778c    0000004c     release_pem4f.oem4f (.data:ti_sysbios_knl_Task_Object__table__V)
                  200077d8    00000048     release_pem4f.oem4f (.data:ti_sysbios_family_arm_cc26xx_Timer_Object__table__V)
                  20007820    00000040     uart.obj (.data:$O14$$)
                  20007860    00000038     nvoctp.obj (.data:$O16$$)
                  20007898    00000030     CC26X2R1_LAUNCHXL.obj (.data:gpioPinConfigs)
                  200078c8    00000030     release_pem4f.oem4f (.data:ti_sysbios_knl_Swi_Module_State_0_readyQ__A)
                  200078f8    00000030     release_pem4f.oem4f (.data:ti_sysbios_knl_Swi_Object__table__V)
                  20007928    00000030     release_pem4f.oem4f (.data:ti_sysbios_knl_Task_Module_State_0_readyQ__A)
                  20007958    0000002c     keys_utils.obj (.data:$O2$$)
                  20007984    00000028     settings.obj (.data:sNvoctpFps$25)
                  200079ac    00000024     libmbedcrypto.lib : ssl_tls.obj (.data:$O27$$)
                  200079d0    00000020     release_pem4f.oem4f (.data:ti_sysbios_knl_Clock_Object__table__V)
                  200079f0    00000020     release_pem4f.oem4f (.data:xdc_runtime_Error_IgnoreBlock)
                  20007a10    00000018     diag.obj (.data:$O10$$)
                  20007a28    00000018     release_pem4f.oem4f (.data:ti_sysbios_family_arm_m3_Hwi_Object__table__V)
                  20007a40    00000018     release_pem4f.oem4f (.data:ti_sysbios_heaps_HeapMem_Object__table__V)
                  20007a58    00000010     alarm.obj (.data:$O6$$)
                  20007a68    00000010     alarm_micro.obj (.data:$O8$$)
                  20007a78    00000010     CC26X2R1_LAUNCHXL.obj (.data:gpioCallbackFunctions)
                  20007a88    00000008     aes_alt.obj (.data:$O15$$)
                  20007a90    00000008     libmbedcrypto.lib : ecp.obj (.data:$O23$$)
                  20007a98    00000008                       : platform.obj (.data:$O26$$)
                  20007aa0    00000008     rtsv7M4_T_le_v4SPD16_eabi.lib : _lock.c.obj (.data:$O31$$)
                  20007aa8    00000008     disp_utils.obj (.data)
                  20007ab0    00000008     drivers_cc26x2.aem4f : ECJPAKECC26X2.oem4f (.data)
                  20007ab8    00000008                          : PINCC26XX.oem4f (.data)
                  20007ac0    00000008     release_pem4f.oem4f (.data:ti_sysbios_family_arm_cc26xx_Seconds_Module__state__V)
                  20007ac8    00000008     release_pem4f.oem4f (.data:ti_sysbios_family_arm_m3_Hwi_Module__root__V)
                  20007ad0    00000008     release_pem4f.oem4f (.data:ti_sysbios_gates_GateHwi_Module__root__V)
                  20007ad8    00000008     release_pem4f.oem4f (.data:ti_sysbios_gates_GateMutexPri_Module__root__V)
                  20007ae0    00000008     release_pem4f.oem4f (.data:ti_sysbios_gates_GateMutex_Module__root__V)
                  20007ae8    00000008     release_pem4f.oem4f (.data:ti_sysbios_hal_Hwi_Module__root__V)
                  20007af0    00000008     release_pem4f.oem4f (.data:ti_sysbios_heaps_HeapMem_Module__root__V)
                  20007af8    00000008     release_pem4f.oem4f (.data:ti_sysbios_knl_Clock_Module__root__V)
                  20007b00    00000008     release_pem4f.oem4f (.data:ti_sysbios_knl_Event_Module__root__V)
                  20007b08    00000008     release_pem4f.oem4f (.data:ti_sysbios_knl_Mailbox_Module__root__V)
                  20007b10    00000008     release_pem4f.oem4f (.data:ti_sysbios_knl_Queue_Module__root__V)
                  20007b18    00000008     release_pem4f.oem4f (.data:ti_sysbios_knl_Semaphore_Module__root__V)
                  20007b20    00000008     release_pem4f.oem4f (.data:ti_sysbios_knl_Swi_Module__root__V)
                  20007b28    00000008     release_pem4f.oem4f (.data:ti_sysbios_knl_Task_Module__root__V)
                  20007b30    00000008     release_pem4f.oem4f (.data:xdc_runtime_System_Module_State_0_atexitHandlers__A)
                  20007b38    00000005     drivers_cc26x2.aem4f : GPIOCC26XX.oem4f (.data)
                  20007b3d    00000002                          : CryptoResourceCC26XX.oem4f (.data)
                  20007b3f    00000001                          : AESECBCC26XX.oem4f (.data)
                  20007b40    00000004                          : GPIOCC26XX.oem4f (.data:gpioPinTable)
                  20007b44    00000004     libmbedcrypto.lib : ecp_curves.obj (.data:one$1$95)
                  20007b48    00000004     radio.obj (.data)
                  20007b4c    00000004     rtsv7M4_T_le_v4SPD16_eabi.lib : stkdepth_vars.c.obj (.data)
                  20007b50    00000004     release_pem4f.oem4f (.data:ti_sysbios_family_arm_m3_Hwi_Module_State_0_excContext__A)
                  20007b54    00000004     release_pem4f.oem4f (.data:ti_sysbios_family_arm_m3_Hwi_Module_State_0_excStack__A)
                  20007b58    00000004     release_pem4f.oem4f (.data:ti_sysbios_knl_Task_Module_State_0_idleTask__A)
                  20007b5c    00000002     drivers_cc26x2.aem4f : PKAResourceCC26XX.oem4f (.data)
                  20007b5e    00000002     release_pem4f.oem4f (.data:ti_sysbios_family_arm_m3_Hwi_Module_State_0_excActive__A)
                  20007b60    00000001     drivers_cc26x2.aem4f : NVS.oem4f (.data)
                  20007b61    00000001                          : UART.oem4f (.data)
                  20007b62    00000001     otstack.obj (.data)

.stack     0    20013c00    00000400     UNINITIALIZED
                  20013c00    00000400     --HOLE--

.priheap   0    20007b68    00001000     UNINITIALIZED
                  20007b68    00001000     --HOLE--

.data:xdcRomConstPtr 
*          0    20000100    00000004     UNINITIALIZED
                  20000100    00000004     release_pem4f.oem4f (.data:xdcRomConstPtr)

.data:xdcRomExternFuncPtr 
*          0    20000104    00000004     UNINITIALIZED
                  20000104    00000004     release_pem4f.oem4f (.data:xdcRomExternFuncPtr)

.data:xdcRomStatePtr 
*          0    20000108    00000004     UNINITIALIZED
                  20000108    00000004     release_pem4f.oem4f (.data:xdcRomStatePtr)

.bootVecs 
*          0    00000000    00000008     DSECT
                  00000000    00000008     boot.aem4f : boot.oem4f (.bootVecs)

.resetVecs 
*          0    00000000    0000003c     
                  00000000    0000003c     release_pem4f.oem4f (.resetVecs)

.vecs      0    20000000    000000d8     NOLOAD SECTION
                  20000000    000000d8     release_pem4f.oem4f (.vecs)

xdc.meta   0    00000000    0000014b     COPY SECTION
                  00000000    0000014b     release_pem4f.oem4f (xdc.meta)

xdc.noload 
*          0    00000000    00000000     COPY SECTION

.TI.bound:flashBuf$0 
*          0    00052000    00004000     UNINITIALIZED
                  00052000    00004000     CC26X2R1_LAUNCHXL.obj (.TI.bound:flashBuf$0)

.text      0    0000003c    0001ffac     
                  0000003c    00001460     libmbedcrypto.lib : ssl_tls.obj (.text:mbedtls_ssl_handshake)
                  0000149c    000007ce     rtsv7M4_T_le_v4SPD16_eabi.lib : _printfi_nf.c.obj (.text:__TI_printfi_nofloat)
                  00001c6a    00000002     display.aem4f : DisplayUart.oem4f (.text:DisplayUartMin_clear)
                  00001c6c    000007a0     libmbedcrypto.lib : ssl_tls.obj (.text:mbedtls_ssl_read_record)
                  0000240c    0000069a     drivers_cc26x2.aem4f : ECJPAKECC26X2.oem4f (.text:ECJPAKECC26X2_runFSM)
                  00002aa6    000004ec     libmbedcrypto.lib : ecp_curves.obj (.text:ecp_mod_p256$95)
                  00002f92    000004e8     libopenthread_mtd.lib : lowpan.obj (.text:_ZN2ot6Lowpan6Lowpan8CompressERNS_7MessageERKNS_3Mac7AddressES7_Ph)
                  0000347a    000004b0                           : mle.obj (.text:_ZN2ot3Mle3Mle16HandleUdpReceiveERNS_7MessageERKNS_3Ip611MessageInfoE)
                  0000392a    0000049e                           : ip6.obj (.text:_ZN2ot3Ip63Ip614HandleDatagramERNS_7MessageEPNS0_5NetifEaPKvb)
                  00003dc8    00000484     tempsensor.obj (.text:TempSensor_task$7)
                  0000424c    0000040e     libopenthread_mtd.lib : mle.obj (.text:_ZN2ot3Mle3Mle20HandleParentResponseERKNS_7MessageERKNS_3Ip611MessageInfoEj)
                  0000465a    00000400                           : mac.obj (.text:_ZN2ot3Mac3Mac19HandleReceivedFrameEPNS0_5FrameE7otError)
                  00004a5a    000003d0                           : lowpan.obj (.text:_ZN2ot6Lowpan6Lowpan20DecompressBaseHeaderERNS_3Ip66HeaderERbRKNS_3Mac7AddressES9_PKht)
                  00004e2a    00000002     display.aem4f : DisplayUart.oem4f (.text:DisplayUartMin_clearLines)
                  00004e2c    000003b8     rf_multiMode_cc26x2.aem4f : RFCC26X2_multiMode.oem4f (.text:RF_fsmActiveState)
                  000051e4    00000388     libopenthread_mtd.lib : mesh_forwarder.obj (.text:_ZN2ot13MeshForwarder19HandleReceivedFrameERNS_3Mac5FrameE)
                  0000556c    00000384                           : mle.obj (.text:_ZN2ot3Mle3Mle17HandleAttachTimerERNS_5TimerE)
                  000058f0    00000360     otstack.obj (.text:OtStack_task)
                  00005c50    00000360     libopenthread_mtd.lib : lowpan.obj (.text:_ZN2ot6Lowpan6Lowpan10DecompressERNS_7MessageERKNS_3Mac7AddressES7_PKhtt)
                  00005fb0    0000034c                           : dtls.obj (.text:_ZN2ot7MeshCoP4Dtls5StartEbPFvPvbEPFvS2_PhtEPF7otErrorS2_PKhthES2_)
                  000062fc    00000308                           : ip6.obj (.text:_ZN2ot3Ip63Ip613HandleOptionsERNS_7MessageERNS0_6HeaderERb)
                  00006604    000002fe                           : mesh_forwarder.obj (.text:_ZN2ot13MeshForwarder12SendFragmentERNS_7MessageERNS_3Mac5FrameE)
                  00006902    00000002     display.aem4f : DisplayUart.oem4f (.text:DisplayUartMin_init)
                  00006904    000002e8     libmbedcrypto.lib : ssl_tls.obj (.text:mbedtls_ssl_write_record)
                  00006bec    000002de     libopenthread_mtd.lib : mac.obj (.text:_ZN2ot3Mac3Mac18HandleTransmitDoneEP12otRadioFrameS3_7otError)
                  00006eca    00000002     driverlib.lib : rfc.obj (.text:NOROM_RFCCpePatchReset)
                  00006ecc    000002dc     libopenthread_mtd.lib : dtls.obj (.text:_ZN2ot7MeshCoP4Dtls7ProcessEv)
                  000071a8    000002d8     libmbedcrypto.lib : ssl_tls.obj (.text:mbedtls_ssl_derive_keys)
                  00007480    000002cc     libopenthread_mtd.lib : mac.obj (.text:_ZN2ot3Mac3Mac13BeginTransmitEv)
                  0000774c    000002c4                           : mle.obj (.text:_ZN2ot3Mle3MleC1ERNS_8InstanceE)
                  00007a10    00000294                           : mesh_forwarder.obj (.text:_ZN2ot13MeshForwarder15HandleSentFrameERNS_3Mac6SenderERNS1_5FrameE7otError)
                  00007ca4    0000027c                           : dataset_local.obj (.text:_ZNK2ot7MeshCoP12DatasetLocal3GetER20otOperationalDataset)
                  00007f20    00000264                           : mle.obj (.text:_ZN2ot3Mle3Mle23HandleDiscoveryResponseERKNS_7MessageERKNS_3Ip611MessageInfoE)
                  00008184    00000254                           : mle.obj (.text:_ZN2ot3Mle3Mle16HandleLeaderDataERKNS_7MessageERKNS_3Ip611MessageInfoE)
                  000083d8    00000242     libmbedcrypto.lib : ccm.obj (.text:ccm_auth_crypt$109)
                  0000861a    00000002     rf_multiMode_cc26x2.aem4f : RFCC26X2_multiMode.oem4f (.text:RF_defaultCallback)
                  0000861c    0000022c     libopenthread_mtd.lib : joiner.obj (.text:_ZN2ot7MeshCoP6Joiner18SendJoinerFinalizeEv)
                  00008848    0000021e                           : mle.obj (.text:_ZN2ot3Mle3Mle25HandleChildUpdateResponseERKNS_7MessageERKNS_3Ip611MessageInfoE)
                  00008a66    0000021c                           : mle.obj (.text:_ZN2ot3Mle3Mle21HandleChildIdResponseERKNS_7MessageERKNS_3Ip611MessageInfoE)
                  00008c82    00000002     drivers_cc26x2.aem4f : SHA2CC26X2.oem4f (.text:SHA2_init)
                  00008c84    00000210     ecjpake_alt.obj (.text:ecjpake_kzkp_kzkp_write$21)
                  00008e94    00000208     libopenthread_mtd.lib : mesh_forwarder.obj (.text:_ZN2ot13MeshForwarder18HandleFrameRequestERNS_3Mac6SenderERNS1_5FrameE)
                  0000909c    000001fe                           : mesh_forwarder.obj (.text:_ZN2ot13MeshForwarder24ScheduleTransmissionTaskERNS_7TaskletE)
                  0000929a    000001ec                           : ip6.obj (.text:_ZN2ot3Ip63Ip619SelectSourceAddressERNS0_11MessageInfoE)
                  00009486    00000002     rtsv7M4_T_le_v4SPD16_eabi.lib : typeinfo.c.obj (.text:_ZN10__cxxabiv117__class_type_infoD1Ev)
                  00009488    000001e0     libopenthread_mtd.lib : mac.obj (.text:_ZN2ot3Mac3Mac22ProcessReceiveSecurityERNS0_5FrameERKNS0_7AddressEPNS_8NeighborE)
                  00009668    000001dc                           : mle.obj (.text:_ZN2ot3Mle3Mle24HandleChildUpdateRequestERKNS_7MessageERKNS_3Ip611MessageInfoE)
                  00009844    000001cc     rom_sysbios.aem4f : rom_sysbios.obj (.text:acquireMutex$50)
                  00009a10    000001c4     libopenthread_mtd.lib : coap.obj (.text:_ZN2ot4Coap8CoapBase23ProcessReceivedResponseERNS0_6HeaderERNS_7MessageERKNS_3Ip611MessageInfoE)
                  00009bd4    000001c0     drivers_cc26x2.aem4f : PINCC26XX.oem4f (.text:PIN_init)
                  00009d94    000001ba     libopenthread_mtd.lib : mle.obj (.text:_ZN2ot3Mle3Mle11SendMessageERNS_7MessageERKNS_3Ip67AddressE)
                  00009f4e    000001b6     rtsv7M4_T_le_v4SPD16_eabi.lib : fd_add_t2.asm.obj (.text)
                  0000a104    000001b4     libopenthread_mtd.lib : coap_header.obj (.text:_ZN2ot4Coap6Header11FromMessageERKNS_7MessageEt)
                  0000a2b8    000001ac     drivers_cc26x2.aem4f : PowerCC26X2.oem4f (.text:Power_sleep)
                  0000a464    000001ac     libopenthread_mtd.lib : ip6_api.obj (.text:otIp6SetEnabled)
                  0000a610    000001a4                           : network_data.obj (.text:_ZN2ot11NetworkData11NetworkData19RemoveTemporaryDataEPhRh)
                  0000a7b4    000001a4                           : ip6.obj (.text:_ZN2ot3Ip63Ip612SendDatagramERNS_7MessageERNS0_11MessageInfoENS0_7IpProtoE)
                  0000a958    0000019c                           : mle.obj (.text:_ZN2ot3Mle3Mle19HandleAdvertisementERKNS_7MessageERKNS_3Ip611MessageInfoE)
                  0000aaf4    0000019c                           : mle.obj (.text:_ZN2ot3Mle3Mle25AppendAddressRegistrationERNS_7MessageE)
                  0000ac90    00000198                           : dataset.obj (.text:_ZNK2ot7MeshCoP7Dataset18ApplyConfigurationERNS_8InstanceEPb)
                  0000ae28    00000190     rf_multiMode_cc26x2.aem4f : RFCC26X2_multiMode.oem4f (.text:RF_scheduleCmd)
                  0000afb8    00000190     drivers_cc26x2.aem4f : PowerCC26X2_calibrateRCOSC.oem4f (.text:calibrateRcoscHf1)
                  0000b148    0000018c                          : PowerCC26X2_calibrateRCOSC.oem4f (.text:runCalibrateFsm)
                  0000b2d4    00000188     libopenthread_mtd.lib : aes_ccm.obj (.text:_ZN2ot6Crypto6AesCcm4InitEjjhPKvh)
                  0000b45c    00000184     ecjpake_alt.obj (.text:mbedtls_ecjpake_write_round_two)
                  0000b5e0    00000180     libmbedcrypto.lib : ssl_tls.obj (.text:mbedtls_ssl_set_hs_ecjpake_password)
                  0000b760    0000017e     libopenthread_mtd.lib : network_data.obj (.text:_ZN2ot11NetworkData11NetworkData19GetNextOnMeshPrefixEPjtP20otBorderRouterConfig)
                  0000b8de    00000002                           : dtls.obj (.text:_ZN2ot7MeshCoP4Dtls18HandleMbedtlsDebugEPviPKciS4_)
                  0000b8e0    0000017c                           : energy_scan_server.obj (.text:_ZN2ot16EnergyScanServer13HandleRequestERNS_4Coap6HeaderERNS_7MessageERKNS_3Ip611MessageInfoE)
                  0000ba5c    00000178     release_pem4f.oem4f (.text:xdc_runtime_System_printfExtend__I)
                  0000bbd4    00000174     nvoctp.obj (.text:NVOCTP_newItem$24)
                  0000bd48    00000170     libopenthread_mtd.lib : coap.obj (.text:_ZN2ot4Coap8CoapBase11SendMessageERNS_7MessageERKNS_3Ip611MessageInfoEPFYvPvP12otCoapHeaderP9otMessagePK13otMessageInfo7otErrorES8_)
                  0000beb8    0000016c                           : mbedtls.obj (.text:_ZN33_INTERNAL_11_mbedtls_cpp_01b19df02ot6Crypto4FreeEPv$45)
                  0000c024    0000016c     libmbedcrypto.lib : ctr_drbg.obj (.text:block_cipher_df$93)
                  0000c190    00000168     tempsensor.obj (.text:tempSensorReport$7)
                  0000c2f8    00000164     drivers_cc26x2.aem4f : SHA2CC26X2.oem4f (.text:SHA2_addData)
                  0000c45c    00000164     libmbedcrypto.lib : ssl_tls.obj (.text:mbedtls_ssl_fetch_input)
                  0000c5c0    0000015e     libopenthread_mtd.lib : ip6.obj (.text:_ZN2ot3Ip63Ip615RemoveMplOptionERNS_7MessageE)
                  0000c71e    00000002                           : key_manager.obj (.text:_ZNK2ot10KeyManager12GetMasterKeyEv)
                  0000c720    0000015c     drivers_cc26x2.aem4f : UARTCC26XX.oem4f (.text:UARTCC26XX_open)
                  0000c87c    00000158     libopenthread_mtd.lib : coap.obj (.text:_ZN2ot4Coap8CoapBase25HandleRetransmissionTimerEv)
                  0000c9d4    00000154     drivers_cc26x2.aem4f : UARTCC26XX.oem4f (.text:UARTCC26XX_hwiIntFxn)
                  0000cb28    00000152     libopenthread_mtd.lib : mle.obj (.text:_ZN2ot3Mle3Mle22SendChildUpdateRequestEv)
                  0000cc7a    00000002     rtsv7M4_T_le_v4SPD16_eabi.lib : _lock.c.obj (.text:_nop)
                  0000cc7c    00000150     drivers_cc26x2.aem4f : PowerCC26X2.oem4f (.text:Power_init)
                  0000cdcc    0000014c                          : SHA2CC26X2.oem4f (.text:SHA2_finalize)
                  0000cf18    0000014c     libopenthread_mtd.lib : joiner.obj (.text:_ZN2ot7MeshCoP6Joiner19HandleJoinerEntrustERNS_4Coap6HeaderERNS_7MessageERKNS_3Ip611MessageInfoE)
                  0000d064    0000013c     rf_multiMode_cc26x2.aem4f : RFCC26X2_multiMode.oem4f (.text:RF_dispatchNextCmd)
                  0000d1a0    0000013c     libopenthread_mtd.lib : energy_scan_server.obj (.text:_ZN2ot16EnergyScanServer10SendReportEv)
                  0000d2dc    00000138     nvoctp.obj (.text:NVOCTP_initNvApi$24)
                  0000d414    00000138     drivers_cc26x2.aem4f : NVSCC26XX.oem4f (.text:NVSCC26XX_write)
                  0000d54c    00000138                          : UARTCC26XX.oem4f (.text:UARTCC26XX_read)
                  0000d684    00000134     nvoctp.obj (.text:NVOCTP_compactPage$24)
                  0000d7b8    00000134     libopenthread_mtd.lib : panid_query_server.obj (.text:_ZN2ot16PanIdQueryServer12SendConflictEv)
                  0000d8ec    00000134     libmbedcrypto.lib : ssl_tls.obj (.text:ssl_handshake_init$102)
                  0000da20    00000130     libopenthread_mtd.lib : mac.obj (.text:_ZN2ot3Mac3MacC1ERNS_8InstanceE)
                  0000db50    00000130                           : joiner_api.obj (.text:otJoinerStart)
                  0000dc80    00000130     libmbedcrypto.lib : ssl_tls.obj (.text:tls_prf_generic$102)
                  0000ddb0    0000012c     rf_multiMode_cc26x2.aem4f : RFCC26X2_multiMode.oem4f (.text:RF_init)
                  0000dedc    0000012c     radio.obj (.text:handleTxState$16)
                  0000e008    0000012a     libopenthread_mtd.lib : slaac_address.obj (.text:_ZN2ot5Utils5Slaac15UpdateAddressesEP10otInstanceP14otNetifAddressjPF7otErrorS3_S5_PvES7_)
                  0000e132    00000002     drivers_cc26x2.aem4f : PowerCC26X2.oem4f (.text:emptyClockFunc)
                  0000e134    00000128     rf_multiMode_cc26x2.aem4f : RFCC26X2_multiMode.oem4f (.text:RF_abortCmd)
                  0000e25c    00000124     libopenthread_mtd.lib : panid_query_server.obj (.text:_ZN2ot16PanIdQueryServer11HandleQueryERNS_4Coap6HeaderERNS_7MessageERKNS_3Ip611MessageInfoE)
                  0000e380    00000124                           : ip6_mpl.obj (.text:_ZN2ot3Ip63Mpl25HandleRetransmissionTimerERNS_5TimerE)
                  0000e4a4    00000120     rf_multiMode_cc26x2.aem4f : RFCC26X2_multiMode.oem4f (.text:RF_fsmSetupState)
                  0000e5c4    00000120     libopenthread_mtd.lib : aes_ccm.obj (.text:_ZN2ot6Crypto6AesCcm7PayloadEPvS2_jb)
                  0000e6e4    0000011c                           : thread_netif.obj (.text:_ZN2ot11ThreadNetif11RouteLookupERKNS_3Ip67AddressES4_Ph)
                  0000e800    0000011c                           : announce_begin_server.obj (.text:_ZN2ot19AnnounceBeginServer13HandleRequestERNS_4Coap6HeaderERNS_7MessageERKNS_3Ip611MessageInfoE)
                  0000e91c    0000011c                           : mle.obj (.text:_ZN2ot3Mle3Mle12SendAnnounceEhbRKNS_3Ip67AddressE)
                  0000ea38    00000118     rf_multiMode_cc26x2.aem4f : RFCC26X2_multiMode.oem4f (.text:RF_decodeOverridePointers)
                  0000eb50    00000110     drivers_cc26x2.aem4f : GPIOCC26XX.oem4f (.text:GPIO_setConfig)
                  0000ec60    00000110                          : SHA2CC26X2.oem4f (.text:SHA2_hwiFxn)
                  0000ed70    0000010e     libopenthread_mtd.lib : coap_header.obj (.text:_ZN2ot4Coap6Header12AppendOptionERKNS1_6OptionE)
                  0000ee7e    00000002     drivers_cc26x2.aem4f : CryptoResourceCC26XX.oem4f (.text:errorSpin)
                  0000ee80    00000108     nvoctp.obj (.text:NVOCTP_doNextApi$24)
                  0000ef88    00000108     rf_multiMode_cc26x2.aem4f : RFCC26X2_multiMode.oem4f (.text:RF_fsmPowerUpState)
                  0000f090    00000104     drivers_cc26x2.aem4f : UARTCC26XX.oem4f (.text:UARTCC26XX_write)
                  0000f194    00000104     libopenthread_mtd.lib : mesh_forwarder.obj (.text:_ZN2ot13MeshForwarderC1ERNS_8InstanceE)
                  0000f298    00000104                           : dtls.obj (.text:_ZN2ot7MeshCoP4Dtls5CloseEv)
                  0000f39c    00000102                           : network_data_leader.obj (.text:_ZN2ot11NetworkData10LeaderBase19ExternalRouteLookupEhRKNS_3Ip67AddressEPhPt)
                  0000f49e    000000fc                           : mesh_forwarder.obj (.text:_ZN2ot13MeshForwarder14UpdateIp6RouteERNS_7MessageE)
                  0000f59a    00000002     drivers_cc26x2.aem4f : PKAResourceCC26XX.oem4f (.text:errorSpin)
                  0000f59c    000000fc     libopenthread_mtd.lib : mle.obj (.text:_ZN2ot3Mle3Mle11BecomeChildENS0_10AttachModeE)
                  0000f698    000000fc     libmbedcrypto.lib : ssl_tls.obj (.text:mbedtls_ssl_write_finished)
                  0000f794    000000fc     rtsv7M4_T_le_v4SPD16_eabi.lib : fd_mul_t2.asm.obj (.text)
                  0000f890    000000f8     drivers_cc26x2.aem4f : AESECBCC26XX.oem4f (.text:AESECB_startOperation)
                  0000f988    000000f8     libopenthread_mtd.lib : mle.obj (.text:_ZN2ot3Mle3Mle8DiscoverEjtbbPFvP18otActiveScanResultPvES4_)
                  0000fa80    000000f8                           : joiner.obj (.text:_ZN2ot7MeshCoP6Joiner20HandleDiscoverResultEP18otActiveScanResult)
                  0000fb78    000000f4     driverlib.lib : sys_ctrl.obj (.text:NOROM_SysCtrlStandby)
                  0000fc6c    000000f4     rom_sysbios.aem4f : rom_sysbios.obj (.text:pthread_create)
                  0000fd60    000000f2     libopenthread_mtd.lib : coap.obj (.text:_ZN2ot4Coap8CoapBase22ProcessReceivedRequestERNS0_6HeaderERNS_7MessageERKNS_3Ip611MessageInfoE)
                  0000fe52    000000f2                           : dataset_manager.obj (.text:_ZNK2ot7MeshCoP14DatasetManager15SendGetResponseERKNS_4Coap6HeaderERKNS_3Ip611MessageInfoEPhh)
                  0000ff44    000000f0     rf_multiMode_cc26x2.aem4f : RFCC26X2_multiMode.oem4f (.text:RF_open)
                  00010034    000000ee     libopenthread_mtd.lib : mle.obj (.text:_ZN2ot3Mle3Mle18SetMeshLocalPrefixERK17otMeshLocalPrefix)
                  00010122    00000002     libmbedcrypto.lib : platform.obj (.text:platform_free_uninit$99)
                  00010124    000000ec     rom_sysbios.aem4f : rom_sysbios.obj (.text:timer_create)
                  00010210    000000e8     libopenthread_mtd.lib : icmp6.obj (.text:_ZN2ot3Ip64Icmp17HandleEchoRequestERNS_7MessageERKNS0_11MessageInfoE)
                  000102f8    000000e8                           : udp6.obj (.text:_ZN2ot3Ip69UdpSocket6SendToERNS_7MessageERKNS0_11MessageInfoE)
                  000103e0    000000e4                           : coap.obj (.text:_ZN2ot4Coap14ResponsesQueue22GetMatchedResponseCopyERKNS0_6HeaderERKNS_3Ip611MessageInfoEPPNS_7MessageE)
                  000104c4    000000e4                           : dtls.obj (.text:_ZN2ot7MeshCoP4Dtls4SendERNS_7MessageEt)
                  000105a8    000000e4     libmbedcrypto.lib : entropy.obj (.text:mbedtls_entropy_func)
                  0001068c    000000e2     libopenthread_mtd.lib : mle.obj (.text:_ZN2ot3Mle3Mle7RestoreEv)
                  0001076e    00000002     radio.obj (.text:rfCoreErrorCallback$16)
                  00010770    000000e0     drivers_cc26x2.aem4f : PINCC26XX.oem4f (.text:PINCC26XX_setIoCfg)
                  00010850    000000de     libopenthread_mtd.lib : message.obj (.text:_ZN2ot11MessagePool3NewEhth)
                  0001092e    000000de                           : mle.obj (.text:_ZN2ot3Mle3Mle15SendDataRequestERKNS_3Ip67AddressEPKhht)
                  00010a0c    000000da     rf_multiMode_cc26x2.aem4f : RFCC26X2_multiMode.oem4f (.text:RF_updatePaConfiguration)
                  00010ae6    000000da     libopenthread_mtd.lib : ip6.obj (.text:_ZN2ot3Ip63Ip622ProcessReceiveCallbackERKNS_7MessageERKNS0_11MessageInfoEhb)
                  00010bc0    000000da     libmbedcrypto.lib : ssl_tls.obj (.text:mbedtls_ssl_dtls_replay_update)
                  00010c9a    00000002     rtsv7M4_T_le_v4SPD16_eabi.lib : div0.asm.obj (.text)
                  00010c9c    000000d8     drivers_cc26x2.aem4f : GPIOCC26XX.oem4f (.text:GPIO_init)
                  00010d74    000000d8     driverlib.lib : setup.obj (.text:NOROM_SetupTrimDevice)
                  00010e4c    000000d8                   : setup.obj (.text:TrimAfterColdResetWakeupFromShutDown$116)
                  00010f24    000000d8     libopenthread_mtd.lib : mle.obj (.text:_ZN2ot3Mle3Mle5StoreEv)
                  00010ffc    000000d8     ecjpake_alt.obj (.text:mbedtls_ecjpake_read_round_two)
                  000110d4    000000d8     rom_sysbios.aem4f : rom_sysbios.obj (.text:timer_settime)
                  000111ac    000000d4     nvoctp.obj (.text:NVOCTP_readHeader$24)
                  00011280    000000d4     rf_multiMode_cc26x2.aem4f : RFCC26X2_multiMode.oem4f (.text:RF_initRadioSetup)
                  00011354    000000d4                               : RFCC26X2_multiMode.oem4f (.text:RF_swiHw)
                  00011428    000000d4     libopenthread_mtd.lib : data_poll_manager.obj (.text:_ZN2ot15DataPollManager12SendDataPollEv)
                  000114fc    000000d4                           : joiner.obj (.text:_ZN2ot7MeshCoP6Joiner11TryNextJoinEv)
                  000115d0    000000ce                           : dataset_manager.obj (.text:_ZN2ot7MeshCoP14DatasetManager3SetERKNS0_7DatasetE)
                  0001169e    00000002     release_pem4f.oem4f (.text:ti_sysbios_BIOS_nullFunc__I)
                  000116a0    000000cc     rf_multiMode_cc26x2.aem4f : RFCC26X2_multiMode.oem4f (.text:RF_hwiCpe0Active)
                  0001176c    000000cc     libopenthread_mtd.lib : instance.obj (.text:_ZN2ot8Instance10InitSingleEv)
                  00011838    000000cc                           : mbedtls.obj (.text:_ZN33_INTERNAL_11_mbedtls_cpp_01b19df02ot6Crypto6CAllocEjj$45)
                  00011904    000000cc     radio.obj (.text:otPlatRadioTransmit)
                  000119d0    000000cc     radio.obj (.text:rfCommonCallback$16)
                  00011a9c    000000c8     drivers_cc26x2.aem4f : PowerCC26X2.oem4f (.text:Power_releaseDependency)
                  00011b64    000000c8     tiop_config.obj (.text:TIOP_init)
                  00011c2c    000000c8     libopenthread_mtd.lib : coap_secure.obj (.text:_ZN2ot4Coap10CoapSecure7ReceiveERNS_7MessageERKNS_3Ip611MessageInfoE)
                  00011cf4    000000c4     drivers_cc26x2.aem4f : PowerCC26X2.oem4f (.text:Power_setDependency)
                  00011db8    000000c4     libopenthread_mtd.lib : coap.obj (.text:_ZN2ot4Coap14ResponsesQueue15EnqueueResponseERNS_7MessageERKNS_3Ip611MessageInfoE)
                  00011e7c    000000c4                           : coap.obj (.text:_ZN2ot4Coap8CoapBase18SendHeaderResponseE10otCoapCodeRKNS0_6HeaderERKNS_3Ip611MessageInfoE)
                  00011f40    000000c4     ecjpake_alt.obj (.text:ecjpake_zkp_read$21)
                  00012004    000000c4     random.obj (.text:getRandom$17)
                  000120c8    000000c2     libopenthread_mtd.lib : dataset_local.obj (.text:_ZNK2ot7MeshCoP12DatasetLocal3GetERNS0_7DatasetE)
                  0001218a    00000002     release_pem4f.oem4f (.text:ti_sysbios_rom_cortexm_cc26xx_cc26x2v2_CC26xx_badRomRevision__E)
                  0001218c    000000c0     drivers_cc26x2.aem4f : UARTCC26XX.oem4f (.text:UARTCC26XX_initIO)
                  0001224c    000000c0     libopenthread_mtd.lib : mac.obj (.text:_ZN2ot3Mac3Mac21ProcessTransmitAesCcmERNS0_5FrameEPKNS0_10ExtAddressE)
                  0001230c    000000c0                           : dtls.obj (.text:_ZN2ot7MeshCoP4DtlsC1ERNS_8InstanceE)
                  000123cc    000000c0     ecjpake_alt.obj (.text:ecjpake_hash$21)
                  0001248c    000000c0     libmbedcrypto.lib : md.obj (.text:mbedtls_md_hmac_starts)
                  0001254c    000000c0                       : ssl_tls.obj (.text:mbedtls_ssl_parse_finished)
                  0001260c    000000bc     libopenthread_mtd.lib : dataset_manager.obj (.text:_ZN2ot7MeshCoP14DatasetManager8RegisterEv)
                  000126c8    000000bc     rom_sysbios.aem4f : rom_sysbios.obj (.text:clock_gettime)
                  00012784    000000ba     libopenthread_mtd.lib : lowpan.obj (.text:_ZN2ot6Lowpan6Lowpan17CompressSourceIidERKNS_3Mac7AddressERKNS_3Ip67AddressERKNS0_7ContextERtPh)
                  0001283e    000000ba                           : lowpan.obj (.text:_ZN2ot6Lowpan6Lowpan22CompressDestinationIidERKNS_3Mac7AddressERKNS_3Ip67AddressERKNS0_7ContextERtPh)
                  000128f8    000000b8     drivers_cc26x2.aem4f : UARTCC26XX.oem4f (.text:UARTCC26XX_initHw)
                  000129b0    000000b4     dpl_cc26x2.aem4f : PowerCC26X2_tirtos.oem4f (.text:PowerCC26XX_standbyPolicy)
                  00012a64    000000b4     radio.obj (.text:otPlatRadioEnergyScan)
                  00012b18    000000b2     libopenthread_mtd.lib : ip6.obj (.text:_ZN2ot3Ip63Ip612AddMplOptionERNS_7MessageERNS0_6HeaderE)
                  00012bca    000000b2                           : ip6.obj (.text:_ZN2ot3Ip63Ip620AddTunneledMplOptionERNS_7MessageERNS0_6HeaderERNS0_11MessageInfoE)
                  00012c7c    000000b2                           : mle.obj (.text:_ZN2ot3Mle3Mle18HandleStateChangedERNS_8Notifier8CallbackEj)
                  00012d2e    00000002     rom_sysbios.aem4f : rom_sysbios.obj (.text:xdc_runtime_SysCallback_defaultAbort)
                  00012d30    000000b1     rtsv7M4_T_le_v4SPD16_eabi.lib : _printfi_nf.c.obj (.text:_ltostr)
                  00012de1    00000001     --HOLE-- [fill = 0]
                  00012de2    00000002     rom_sysbios.aem4f : rom_sysbios.obj (.text:xdc_runtime_SysCallback_defaultExit)
                  00012de4    000000b0     nvoctp.obj (.text:NVOCTP_findItem$24)
                  00012e94    000000b0     rf_multiMode_cc26x2.aem4f : RFCC26X2_multiMode.oem4f (.text:RF_corePowerDown)
                  00012f44    000000b0     libopenthread_mtd.lib : thread_netif.obj (.text:_ZN2ot11ThreadNetifC1ERNS_8InstanceE)
                  00012ff4    000000b0     radio.obj (.text:populateReceiveFrame$16)
                  000130a4    000000ac     drivers_cc26x2.aem4f : PINCC26XX.oem4f (.text:PIN_open)
                  00013150    000000ac     libopenthread_mtd.lib : mle.obj (.text:_ZN2ot3Mle3Mle13SetStateChildEt)
                  000131fc    000000ac                           : mle.obj (.text:_ZN2ot3Mle3Mle30HandleMessageTransmissionTimerERNS_5TimerE)
                  000132a8    000000ac     tempsensor.obj (.text:coapHandleServer$7)
                  00013354    000000ac     libmbedcrypto.lib : ssl_tls.obj (.text:mbedtls_ssl_dtls_replay_check)
                  00013400    000000a8     libopenthread_mtd.lib : network_data_leader.obj (.text:_ZN2ot11NetworkData10LeaderBase10GetContextERKNS_3Ip67AddressERNS_6Lowpan7ContextE)
                  000134a8    000000a8                           : coap.obj (.text:_ZN2ot4Coap8CoapBase4StopEv)
                  00013550    000000a8     settings.obj (.text:otPlatSettingsGet)
                  000135f8    000000a6     libopenthread_mtd.lib : message.obj (.text:_ZN2ot7Message5WriteEttPKv)
                  0001369e    00000002     rom_sysbios.aem4f : rom_sysbios.obj (.text:xdc_runtime_SysCallback_defaultFlush)
                  000136a0    000000a5     libopenthread_mtd.lib : dataset_manager.obj (.text:_ZNK2ot7MeshCoP14DatasetManager3GetERKNS_4Coap6HeaderERKNS_7MessageERKNS_3Ip611MessageInfoE)
                  00013745    00000001     --HOLE-- [fill = 0]
                  00013746    00000002     rom_sysbios.aem4f : rom_sysbios.obj (.text:xdc_runtime_SysCallback_defaultPutch)
                  00013748    000000a4     nvoctp.obj (.text:NVOCTP_checkItem$24)
                  000137ec    000000a4     libopenthread_mtd.lib : mle.obj (.text:_ZN2ot3Mle3Mle17SendParentRequestENS1_17ParentRequestTypeE)
                  00013890    000000a4                           : coap_secure.obj (.text:_ZN2ot4Coap10CoapSecure14HandleDtlsSendEPvPKhth)
                  00013934    000000a4                           : coap_header.obj (.text:_ZN2ot4Coap6Header13GetNextOptionEv)
                  000139d8    000000a4                           : ip6_filter.obj (.text:_ZNK2ot3Ip66Filter6AcceptERNS_7MessageE)
                  00013a7c    000000a4     libmbedcrypto.lib : ssl_tls.obj (.text:mbedtls_ssl_flush_output)
                  00013b20    000000a0     drivers_cc26x2.aem4f : UARTCC26XX.oem4f (.text:UARTCC26XX_writeCancel)
                  00013bc0    000000a0     libopenthread_mtd.lib : timer.obj (.text:_ZN2ot10TimerMilli7StartAtEjj)
                  00013c60    000000a0                           : mac.obj (.text:_ZN2ot3Mac3Mac16PerformOperationEv)
                  00013d00    000000a0                           : message.obj (.text:_ZNK2ot7Message4ReadEttPv)
                  00013da0    000000a0     auto_init.aem4f : auto_init.oem4f (.text)
                  00013e40    000000a0     libmbedcrypto.lib : ssl_tls.obj (.text:mbedtls_ssl_parse_change_cipher_spec)
                  00013ee0    000000a0     rom_sysbios.aem4f : rom_sysbios.obj (.text:ti_sysbios_knl_Task_setPri__E)
                  00013f80    0000009e     libopenthread_mtd.lib : mac_frame.obj (.text:_ZN2ot3Mac5Frame13InitMacHeaderEth)
                  0001401e    0000009e                           : mac_frame.obj (.text:_ZNK2ot3Mac5Frame16FindPayloadIndexEv)
                  000140bc    0000009c     drivers_cc26x2.aem4f : ECJPAKECC26X2.oem4f (.text:ECJPAKECC26X2_hwiFxn)
                  00014158    0000009c                          : UARTCC26XX.oem4f (.text:UARTCC26XX_swiIntFxn)
                  000141f4    0000009c     rtsv7M4_T_le_v4SPD16_eabi.lib : memcpy_t2.asm.obj (.text)
                  00014290    00000096     libopenthread_mtd.lib : mac.obj (.text:_ZN2ot3Mac3Mac17PerformEnergyScanEv)
                  00014326    00000096                           : mle.obj (.text:_ZN2ot3Mle3Mle26HandleDelayedResponseTimerEv)
                  000143bc    00000096     libmbedcrypto.lib : ctr_drbg.obj (.text:mbedtls_ctr_drbg_random_with_add)
                  00014452    00000096     rtsv7M4_T_le_v4SPD16_eabi.lib : ull_div_t2.asm.obj (.text)
                  000144e8    00000092     libmbedcrypto.lib : ssl_tls.obj (.text:mbedtls_ssl_resend)
                  0001457a    00000002     --HOLE-- [fill = 0]
                  0001457c    00000090     CC26X2R1_LAUNCHXL_fxns.obj (.text:CC26X2R1_LAUNCHXL_shutDownExtFlash)
                  0001460c    00000090     rf_multiMode_cc26x2.aem4f : RFCC26X2_multiMode.oem4f (.text:RF_discardPendCmd)
                  0001469c    00000090                               : RFCC26X2_multiMode.oem4f (.text:RF_radioOpDoneCb)
                  0001472c    00000090     libopenthread_mtd.lib : mle.obj (.text:_ZN2ot3Mle3Mle20PrepareAnnounceStateEv)
                  000147bc    00000090                           : message.obj (.text:_ZN2ot7Message9SetLengthEt)
                  0001484c    00000090     otstack.obj (.text:handleNetifStateChanged)
                  000148dc    00000090     drivers_cc26x2.aem4f : UARTCC26XX.oem4f (.text:writeTxFifoFlush)
                  0001496c    0000008e     libmbedcrypto.lib : entropy.obj (.text:entropy_gather_internal$96)
                  000149fa    0000008e     libopenthread_mtd.lib : ip6_api.obj (.text:otIp6AddUnicastAddress)
                  00014a88    0000008c                           : mac.obj (.text:_ZN2ot3Mac3Mac16StartCsmaBackoffEv)
                  00014b14    0000008c                           : mle.obj (.text:_ZN2ot3Mle3Mle18SendOrphanAnnounceEv)
                  00014ba0    0000008c                           : coap.obj (.text:_ZN2ot4Coap12CoapMetadataC1EbRKNS_3Ip611MessageInfoEPFYvPvP12otCoapHeaderP9otMessagePK13otMessageInfo7otErrorES6_)
                  00014c2c    0000008c                           : aes_ccm.obj (.text:_ZN2ot6Crypto6AesCcm6HeaderEPKvj)
                  00014cb8    0000008c     ecjpake_alt.obj (.text:mbedtls_ecjpake_derive_secret)
                  00014d44    0000008c     rom_sysbios.aem4f : rom_sysbios.obj (.text:ti_sysbios_gates_GateMutexPri_enter__E)
                  00014dd0    0000008a     libopenthread_mtd.lib : timestamp.obj (.text:_ZNK2ot7MeshCoP9Timestamp7CompareERKS1_)
                  00014e5a    00000002     --HOLE-- [fill = 0]
                  00014e5c    00000088     driverlib.lib : osc.obj (.text:NOROM_OSCHF_AttemptToSwitchToXosc)
                  00014ee4    00000088     rf_multiMode_cc26x2.aem4f : RFCC26X2_multiMode.oem4f (.text:RF_ratFreeChannel)
                  00014f6c    00000088     rom_sysbios.aem4f : rom_sysbios.obj (.text:_pthread_removeThreadKeys)
                  00014ff4    00000088     drivers_cc26x2.aem4f : PowerCC26X2_calibrateRCOSC.oem4f (.text:calibrateRcoscHf2)
                  0001507c    00000088                          : PowerCC26X2.oem4f (.text:disableLFClockQualifiers)
                  00015104    00000088     libmbedcrypto.lib : ssl_tls.obj (.text:ssl_calc_finished_tls_sha256$102)
                  0001518c    00000088     drivers_cc26x2.aem4f : PowerCC26X2_calibrateRCOSC.oem4f (.text:updateSubSecInc)
                  00015214    00000086     rtsv7M4_T_le_v4SPD16_eabi.lib : fd_cmp_t2.asm.obj (.text:__aeabi_cdcmple)
                  0001529a    00000086                                   : fd_cmp_t2.asm.obj (.text:__aeabi_cdrcmple)
                  00015320    00000084     drivers_cc26x2.aem4f : ECJPAKECC26X2.oem4f (.text:ECJPAKE_generateZKP)
                  000153a4    00000084                          : SHA2CC26X2.oem4f (.text:SHA2_cancelOperation)
                  00015428    00000084                          : UARTCC26XX.oem4f (.text:UARTCC26XX_close)
                  000154ac    00000084     libmbedcrypto.lib : ecp_curves.obj (.text:mbedtls_ecp_group_load)
                  00015530    00000084     rom_sysbios.aem4f : rom_sysbios.obj (.text:pthread_mutex_init)
                  000155b4    00000082     libopenthread_mtd.lib : link_quality.obj (.text:_ZN2ot11RssAverager3AddEa)
                  00015636    00000082                           : lowpan.obj (.text:_ZN2ot6Lowpan6Lowpan10ComputeIidERKNS_3Mac7AddressERKNS0_7ContextERNS_3Ip67AddressE)
                  000156b8    00000080     drivers_cc26x2.aem4f : ECJPAKECC26X2.oem4f (.text:ECJPAKE_computeSharedSecret)
                  00015738    00000080                          : ECJPAKECC26X2.oem4f (.text:ECJPAKE_roundTwoGenerateKeys)
                  000157b8    00000080     nvoctp.obj (.text:NVOCTP_writeItemApi$24)
                  00015838    00000080     drivers_cc26x2.aem4f : NVSCC26XX.oem4f (.text:NVSCC26XX_open)
                  000158b8    00000080     rf_multiMode_cc26x2.aem4f : RFCC26X2_multiMode.oem4f (.text:RF_yield)
                  00015938    00000080     libopenthread_mtd.lib : dataset_manager.obj (.text:_ZN2ot7MeshCoP14DatasetManager7RestoreEv)
                  000159b8    00000080                           : dataset_manager.obj (.text:_ZN2ot7MeshCoP14PendingDataset16HandleDelayTimerEv)
                  00015a38    00000080     libmbedcrypto.lib : ctr_drbg.obj (.text:ctr_drbg_update_internal$93)
                  00015ab8    00000080     rom_sysbios.aem4f : rom_sysbios.obj (.text:ti_sysbios_family_arm_cc26xx_Timer_start__E)
                  00015b38    0000007e     rf_multiMode_cc26x2.aem4f : RFCC26X2_multiMode.oem4f (.text:RF_verifyGap)
                  00015bb6    0000007e     libopenthread_mtd.lib : mle.obj (.text:_ZN2ot3Mle3Mle5StartEbb)
                  00015c34    0000007e                           : message.obj (.text:_ZNK2ot7Message5CloneEt)
                  00015cb2    00000002     --HOLE-- [fill = 0]
                  00015cb4    0000007c     drivers_cc26x2.aem4f : ECJPAKECC26X2.oem4f (.text:ECJPAKE_verifyZKP)
                  00015d30    0000007c     libopenthread_mtd.lib : data_poll_manager.obj (.text:_ZN2ot15DataPollManager16ScheduleNextPollENS0_18PollPeriodSelectorE)
                  00015dac    0000007c                           : mle.obj (.text:_ZN2ot3Mle3Mle22AppendPendingTimestampERNS_7MessageE)
                  00015e28    0000007c                           : joiner.obj (.text:_ZN2ot7MeshCoP6Joiner25SendJoinerEntrustResponseERKNS_4Coap6HeaderERKNS_3Ip611MessageInfoE)
                  00015ea4    0000007c                           : message.obj (.text:_ZNK2ot7Message14UpdateChecksumEttt)
                  00015f20    0000007c     drivers_cc26x2.aem4f : PowerCC26X2.oem4f (.text:configureXOSCHF)
                  00015f9c    0000007c     radio.obj (.text:otPlatRadioReceive)
                  00016018    0000007a     libopenthread_mtd.lib : message.obj (.text:_ZN2ot11MessagePool14ReclaimBuffersEih)
                  00016092    0000007a                           : announce_begin_server.obj (.text:_ZN2ot19AnnounceBeginServer11HandleTimerERNS_5TimerE)
                  0001610c    0000007a     rtsv7M4_T_le_v4SPD16_eabi.lib : memset_t2.asm.obj (.text)
                  00016186    00000002     --HOLE-- [fill = 0]
                  00016188    00000078     drivers_cc26x2.aem4f : ECJPAKECC26X2.oem4f (.text:ECJPAKE_roundOneGenerateKeys)
                  00016200    00000078     otstack.obj (.text:OtStack_taskCreate)
                  00016278    00000078     rf_multiMode_cc26x2.aem4f : RFCC26X2_multiMode.oem4f (.text:RF_ratDispatchTime)
                  000162f0    00000078     libopenthread_diag_mtd.lib : diag_process.obj (.text:_ZN2ot11Diagnostics4Diag15DiagReceiveDoneEP10otInstanceP12otRadioFrame7otError)
                  00016368    00000078     libopenthread_mtd.lib : network_data_leader.obj (.text:_ZN2ot11NetworkData10LeaderBase10GetContextEhRNS_6Lowpan7ContextE)
                  000163e0    00000078                           : joiner.obj (.text:_ZN2ot7MeshCoP6Joiner8CompleteE7otError)
                  00016458    00000078     libmbedcrypto.lib : cipher.obj (.text:mbedtls_cipher_update)
                  000164d0    00000078                       : bignum.obj (.text:mbedtls_mpi_cmp_abs)
                  00016548    00000076     libopenthread_mtd.lib : tlvs.obj (.text:_ZN2ot3Tlv9GetOffsetERKNS_7MessageEhRt)
                  000165be    00000076     libmbedcrypto.lib : ctr_drbg.obj (.text:mbedtls_ctr_drbg_reseed)
                  00016634    00000074     drivers_cc26x2.aem4f : PowerCC26X2_calibrateRCOSC.oem4f (.text:PowerCC26X2_auxISR)
                  000166a8    00000074     rf_multiMode_cc26x2.aem4f : RFCC26X2_multiMode.oem4f (.text:RF_issueRadioFreeCb)
                  0001671c    00000074                               : RFCC26X2_multiMode.oem4f (.text:RF_setInactivityTimeout)
                  00016790    00000074     ecjpake_alt.obj (.text:mbedtls_ecjpake_read_round_one)
                  00016804    00000074     rom_sysbios.aem4f : rom_sysbios.obj (.text:ti_sysbios_gates_GateMutexPri_leave__E)
                  00016878    00000072     rf_multiMode_cc26x2.aem4f : RFCC26X2_multiMode.oem4f (.text:RF_detachOverrides)
                  000168ea    00000072     libopenthread_mtd.lib : mle.obj (.text:_ZN2ot3Mle3Mle16SetStateDetachedEv)
                  0001695c    00000072                           : mle.obj (.text:_ZN2ot3Mle3Mle7SetRoleE12otDeviceRole)
                  000169ce    00000072                           : dataset_manager.obj (.text:_ZN2ot7MeshCoP14DatasetManager11HandleTimerEv)
                  00016a40    00000072                           : message.obj (.text:_ZN2ot7Message7PrependEPKvt)
                  00016ab2    00000070     driverlib.lib : rfc.obj (.text:NOROM_RFCAnaDivTxOverride)
                  00016b22    00000002     --HOLE-- [fill = 0]
                  00016b24    00000070     drivers_cc26x2.aem4f : PINCC26XX.oem4f (.text:PIN_add)
                  00016b94    00000070     rf_multiMode_cc26x2.aem4f : RFCC26X2_multiMode.oem4f (.text:RF_hwiHw)
                  00016c04    00000070     libopenthread_mtd.lib : energy_scan_server.obj (.text:_ZN2ot16EnergyScanServerC1ERNS_8InstanceE)
                  00016c74    00000070     libmbedcrypto.lib : bignum.obj (.text:mbedtls_mpi_sub_abs)
                  00016ce4    00000070     settings.obj (.text:otPlatSettingsSet)
                  00016d54    0000006e     rf_multiMode_cc26x2.aem4f : RFCC26X2_multiMode.oem4f (.text:RF_attachOverrides)
                  00016dc2    0000006e     libopenthread_mtd.lib : key_manager.obj (.text:_ZN2ot10KeyManager21SetCurrentKeySequenceEj)
                  00016e30    0000006d     rom_sysbios.aem4f : rom_sysbios.obj (.text:xdc_runtime_System_formatNum__I)
                  00016e9d    00000003     --HOLE-- [fill = 0]
                  00016ea0    0000006c     drivers_cc26x2.aem4f : UARTCC26XX.oem4f (.text:UARTCC26XX_readCancel)
                  00016f0c    0000006c     libopenthread_mtd.lib : mle.obj (.text:_ZN2ot3Mle3Mle13SetLeaderDataEjhh)
                  00016f78    0000006c                           : coap.obj (.text:_ZN2ot4Coap8CoapBase16SendEmptyMessageE10otCoapTypeRKNS0_6HeaderERKNS_3Ip611MessageInfoE)
                  00016fe4    0000006c                           : dataset.obj (.text:_ZN2ot7MeshCoP7Dataset3SetERKNS0_3TlvE)
                  00017050    0000006c     libmbedcrypto.lib : entropy.obj (.text:entropy_update$96)
                  000170bc    0000006c                       : bignum.obj (.text:mbedtls_mpi_copy)
                  00017128    0000006c     radio.obj (.text:processRxQueue$16)
                  00017194    0000006a     rf_multiMode_cc26x2.aem4f : RFCC26X2_multiMode.oem4f (.text:RF_howToSchedule)
                  000171fe    0000006a     libopenthread_mtd.lib : network_data_leader.obj (.text:_ZN2ot11NetworkData10LeaderBase14SetNetworkDataEhhbRKNS_7MessageEt)
                  00017268    0000006a                           : mesh_forwarder.obj (.text:_ZN2ot13MeshForwarder21HandleReassemblyTimerERNS_5TimerE)
                  000172d2    0000006a                           : instance.obj (.text:_ZN2ot8InstanceC1Ev)
                  0001733c    00000068     rf_multiMode_cc26x2.aem4f : RFCC26X2_multiMode.oem4f (.text:RF_getCurrentTime)
                  000173a4    00000068     libopenthread_mtd.lib : key_manager.obj (.text:_ZN2ot10KeyManager12SetMasterKeyERK11otMasterKey)
                  0001740c    00000068                           : message.obj (.text:_ZN2ot12MessageQueue7DequeueERNS_7MessageE)
                  00017474    00000068                           : mesh_forwarder.obj (.text:_ZN2ot13MeshForwarder22HandleDiscoverCompleteEv)
                  000174dc    00000068                           : mesh_forwarder.obj (.text:_ZN2ot13MeshForwarder24GetMacDestinationAddressERKNS_3Ip67AddressERNS_3Mac7AddressE)
                  00017544    00000068     rtsv7M4_T_le_v4SPD16_eabi.lib : copy_decompress_lzss.c.obj (.text:decompress:lzss:__TI_decompress_lzss)
                  000175ac    00000068     ecjpake_alt.obj (.text:ecjpake_k_zkp_read$21)
                  00017614    00000068     random.obj (.text:fillRandomPool$17)
                  0001767c    00000068     libmbedcrypto.lib : ecp.obj (.text:mbedtls_ecp_group_free)
                  000176e4    00000068     alarm.obj (.text:otPlatAlarmMilliStartAt)
                  0001774c    00000064     drivers_cc26x2.aem4f : CryptoResourceCC26XX.oem4f (.text:CryptoResourceCC26XX_constructRTOSObjects)
                  000177b0    00000064                          : ECJPAKECC26X2.oem4f (.text:ECJPAKE_open)
                  00017814    00000064     keys_utils.obj (.text:KeysUtils_initialize)
                  00017878    00000064     driverlib.lib : osc.obj (.text:NOROM_OSCHF_SwitchToRcOscTurnOffXosc)
                  000178dc    00000064     drivers_cc26x2.aem4f : PKAResourceCC26XX.oem4f (.text:PKAResourceCC26XX_constructRTOSObjects)
                  00017940    00000064                          : UARTCC26XX.oem4f (.text:UARTCC26XX_control)
                  000179a4    00000064     libmbedcrypto.lib : ssl_tls.obj (.text:mbedtls_ssl_handshake_free)
                  00017a08    00000064     radio.obj (.text:otPlatRadioSetExtendedAddress)
                  00017a6c    00000064     libmbedcrypto.lib : ssl_tls.obj (.text:ssl_swap_epochs$102)
                  00017ad0    00000062     libopenthread_mtd.lib : mesh_forwarder.obj (.text:_ZN2ot13MeshForwarder19HandleDiscoverTimerERNS_5TimerE)
                  00017b32    00000002     --HOLE-- [fill = 0]
                  00017b34    00000060     drivers_cc26x2.aem4f : AESECBCC26XX.oem4f (.text:AESECB_hwiFxn)
                  00017b94    00000060                          : AESECBCC26XX.oem4f (.text:AESECB_open)
                  00017bf4    00000060                          : AESECBCC26XX.oem4f (.text:AESECB_waitForResult)
                  00017c54    00000060                          : GPIOCC26XX.oem4f (.text:GPIO_write)
                  00017cb4    00000060     nvoctp.obj (.text:NVOCTP_copyItem$24)
                  00017d14    00000060     nvoctp.obj (.text:NVOCTP_readItemApi$24)
                  00017d74    00000060     rf_multiMode_cc26x2.aem4f : RFCC26X2_multiMode.oem4f (.text:RF_applyRfCorePatch)
                  00017dd4    00000060                               : RFCC26X2_multiMode.oem4f (.text:RF_dispatchNextEvent)
                  00017e34    00000060                               : RFCC26X2_multiMode.oem4f (.text:RF_ratArmChannel)
                  00017e94    00000060     libopenthread_mtd.lib : netif.obj (.text:_ZN2ot3Ip65Netif28UnsubscribeExternalMulticastERKNS0_7AddressE)
                  00017ef4    00000060                           : mac.obj (.text:_ZN2ot3Mac3Mac10RadioSleepEv)
                  00017f54    00000060                           : coap.obj (.text:_ZN2ot4Coap14ResponsesQueue11HandleTimerEv)
                  00017fb4    00000060                           : dataset_manager.obj (.text:_ZN2ot7MeshCoP14PendingDatasetC1ERNS_8InstanceE)
                  00018014    00000060                           : joiner.obj (.text:_ZN2ot7MeshCoP6JoinerC1ERNS_8InstanceE)
                  00018074    00000060     ecjpake_alt.obj (.text:ecjpake_write_len_point$21)
                  000180d4    00000060     libmbedcrypto.lib : md.obj (.text:mbedtls_md_hmac_finish)
                  00018134    00000060                       : ssl_tls.obj (.text:mbedtls_ssl_handshake_wrapup)
                  00018194    00000060     rom_sysbios.aem4f : rom_sysbios.obj (.text:pthread_mutex_unlock)
                  000181f4    00000060     tempsensor.obj (.text:startReportingTimer$7)
                  00018254    0000005e     libopenthread_mtd.lib : netif.obj (.text:_ZN2ot3Ip65Netif28RemoveExternalUnicastAddressERKNS0_7AddressE)
                  000182b2    0000005e                           : mle.obj (.text:_ZN2ot3Mle3Mle18AddDelayedResponseERNS_7MessageERKNS_3Ip67AddressEt)
                  00018310    0000005c     display.aem4f : Display.oem4f (.text:Display_doOpen)
                  0001836c    0000005c     nvoctp.obj (.text:NVOCTP_createItemApi$24)
                  000183c8    0000005c     nvoctp.obj (.text:NVOCTP_readItem$24)
                  00018424    0000005c     drivers_cc26x2.aem4f : PINCC26XX.oem4f (.text:PIN_remove)
                  00018480    0000005c     rf_multiMode_cc26x2.aem4f : RFCC26X2_multiMode.oem4f (.text:RF_fsmXOSCState)
                  000184dc    0000005c                               : RFCC26X2_multiMode.oem4f (.text:RF_hwiCpe0PowerFsm)
                  00018538    0000005c     libopenthread_mtd.lib : mac.obj (.text:_ZN2ot3Mac3Mac14SetNetworkNameEPKch)
                  00018594    0000005c                           : mle.obj (.text:_ZN2ot3Mle3Mle11GetNeighborERKNS_3Mac10ExtAddressE)
                  000185f0    0000005c                           : coap_secure.obj (.text:_ZN2ot4Coap10CoapSecureC1ERNS_8InstanceE)
                  0001864c    0000005c                           : dataset_manager.obj (.text:_ZN2ot7MeshCoP14PendingDataset15StartDelayTimerEv)
                  000186a8    0000005c     drivers_cc26x2.aem4f : NVSCC26XX.oem4f (.text:doErase)
                  00018704    0000005c     libmbedcrypto.lib : bignum.obj (.text:mbedtls_mpi_grow)
                  00018760    0000005c     ecjpake_alt.obj (.text:read_tls_point$21)
                  000187bc    0000005c     rom_sysbios.aem4f : rom_sysbios.obj (.text:ti_sysbios_heaps_HeapMem_initPrimary__I)
                  00018818    0000005c     release_pem4f.oem4f (.text:xdc_runtime_Startup_getState__I)
                  00018874    0000005a     libopenthread_mtd.lib : heap.obj (.text:_ZN2ot5Utils4HeapC1Ev)
                  000188ce    0000005a     rom_sysbios.aem4f : rom_sysbios.obj (.text:pthread_cancel)
                  00018928    00000058     nvoctp.obj (.text:NVOCTP_doNVCRC$24)
                  00018980    00000058     drivers_cc26x2.aem4f : PowerCC26X2_calibrateRCOSC.oem4f (.text:PowerCC26X2_initiateCalibration)
                  000189d8    00000058     rf_multiMode_cc26x2.aem4f : RFCC26X2_multiMode.oem4f (.text:RF_TxPowerTable_findValue)
                  00018a30    00000058                               : RFCC26X2_multiMode.oem4f (.text:RF_cmdDispatchTime)
                  00018a88    00000058     drivers_cc26x2.aem4f : SHA2CC26X2.oem4f (.text:SHA2CC26X2_construct)
                  00018ae0    00000058     libopenthread_mtd.lib : key_manager.obj (.text:_ZN2ot10KeyManager10ComputeKeyEjPh)
                  00018b38    00000058                           : key_manager.obj (.text:_ZN2ot10KeyManagerC1ERNS_8InstanceE)
                  00018b90    00000058     boot.aem4f : boot.oem4f (.text)
                  00018be8    00000058     libmbedcrypto.lib : cipher_wrap.obj (.text:ccm_aes_setkey_wrap$105)
                  00018c40    00000058     radio.obj (.text:otPlatRadioEnable)
                  00018c98    00000058     radio.obj (.text:otPlatRadioSetPanId)
                  00018cf0    00000058     radio.obj (.text:otPlatRadioSetShortAddress)
                  00018d48    00000058     rom_sysbios.aem4f : rom_sysbios.obj (.text:pthread_exit)
                  00018da0    00000056     libopenthread_mtd.lib : mac.obj (.text:_ZN2ot3Mac3Mac14StartOperationENS1_9OperationE)
                  00018df6    00000056                           : mle.obj (.text:_ZN2ot3Mle3Mle14BecomeDetachedEv)
                  00018e4c    00000056                           : lowpan.obj (.text:_ZN2ot6Lowpan6Lowpan11CopyContextERKNS0_7ContextERNS_3Ip67AddressE)
                  00018ea2    00000002     --HOLE-- [fill = 0]
                  00018ea4    00000054     nvoctp.obj (.text:NVOCTP_deleteItemApi$24)
                  00018ef8    00000054     drivers_cc26x2.aem4f : NVSCC26XX.oem4f (.text:NVSCC26XX_init)
                  00018f4c    00000054     libopenthread_mtd.lib : message.obj (.text:_ZN2ot12MessageQueue7EnqueueERNS_7MessageENS0_13QueuePositionE)
                  00018fa0    00000054                           : ip6_headers.obj (.text:_ZN2ot3Ip66Header4InitERKNS_7MessageE)
                  00018ff4    00000054                           : mac.obj (.text:_ZN2ot3Mac3Mac13SetPanChannelEh)
                  00019048    00000054                           : dtls.obj (.text:_ZN2ot7MeshCoP4Dtls23HandleMbedtlsExportKeysEPKhS3_jjj)
                  0001909c    00000054                           : mac_frame.obj (.text:_ZNK2ot3Mac5Frame10GetDstAddrERNS0_7AddressE)
                  000190f0    00000054                           : mac_frame.obj (.text:_ZNK2ot3Mac5Frame10GetSrcAddrERNS0_7AddressE)
                  00019144    00000054     libmbedcrypto.lib : ctr_drbg.obj (.text:mbedtls_ctr_drbg_seed_entropy_len)
                  00019198    00000054     drivers_cc26x2.aem4f : GPIOCC26XX.oem4f (.text:powerPostNotify)
                  000191ec    00000054     rom_sysbios.aem4f : rom_sysbios.obj (.text:timer_gettime)
                  00019240    00000052     rf_multiMode_cc26x2.aem4f : RFCC26X2_multiMode.oem4f (.text:RF_defaultSubmitPolicy)
                  00019292    00000052     libopenthread_mtd.lib : joiner.obj (.text:_ZN2ot7MeshCoP6Joiner11HandleTimerERNS_5TimerE)
                  000192e4    00000050     dpl_cc26x2.aem4f : ClockP_tirtos.oem4f (.text:ClockP_construct)
                  00019334    00000050     drivers_cc26x2.aem4f : GPIOCC26XX.oem4f (.text:GPIO_enableInt)
                  00019384    00000050     nvoctp.obj (.text:NVOCTP_findOffset$24)
                  000193d4    00000050     rf_multiMode_cc26x2.aem4f : RFCC26X2_multiMode.oem4f (.text:RF_wakeupNotification)
                  00019424    00000050     tempsensor.obj (.text:TempSensor_taskCreate)
                  00019474    00000050     libopenthread_mtd.lib : mesh_forwarder.obj (.text:_ZN2ot13MeshForwarder15SetRxOnWhenIdleEb)
                  000194c4    00000050                           : ip6_mpl.obj (.text:_ZN2ot3Ip63Mpl10InitOptionERNS0_9OptionMplERKNS0_7AddressE)
                  00019514    00000050                           : mac_frame.obj (.text:_ZN2ot3Mac5Frame10SetDstAddrERKNS0_7AddressE)
                  00019564    00000050                           : coap.obj (.text:_ZN2ot4Coap8CoapBaseC1ERNS_8InstanceEPFvRNS_5TimerEES7_)
                  000195b4    00000050                           : dataset_manager.obj (.text:_ZN2ot7MeshCoP13ActiveDatasetC1ERNS_8InstanceE)
                  00019604    00000050                           : mac_frame.obj (.text:_ZNK2ot3Mac5Frame23FindSecurityHeaderIndexEv)
                  00019654    00000050     libmbedcrypto.lib : bignum.obj (.text:mbedtls_mpi_bitlen)
                  000196a4    0000004e     libopenthread_mtd.lib : thread_netif.obj (.text:_ZN2ot11ThreadNetif12IsTmfMessageERKNS_3Ip611MessageInfoE)
                  000196f2    0000004e                           : message.obj (.text:_ZN2ot13PriorityQueue14RemoveFromListEhRNS_7MessageE)
                  00019740    0000004e                           : announce_begin_server.obj (.text:_ZN2ot19AnnounceBeginServer12SendAnnounceEjht)
                  0001978e    0000004e                           : mac.obj (.text:_ZN2ot3Mac3Mac14HandleMacTimerERNS_5TimerE)
                  000197dc    0000004e                           : mle.obj (.text:_ZN2ot3Mle3Mle21AppendActiveTimestampERNS_7MessageE)
                  0001982a    0000004e                           : mle.obj (.text:_ZN2ot3Mle3Mle32ScheduleMessageTransmissionTimerEv)
                  00019878    0000004e                           : dataset_manager.obj (.text:_ZN2ot7MeshCoP14DatasetManager5ClearEv)
                  000198c6    00000002     --HOLE-- [fill = 0]
                  000198c8    0000004c     driverlib.lib : chipinfo.obj (.text:NOROM_ChipInfo_GetChipType)
                  00019914    0000004c     nvoctp.obj (.text:NVOCTP_write$24)
                  00019960    0000004c     rf_multiMode_cc26x2.aem4f : RFCC26X2_multiMode.oem4f (.text:RF_ratRestartChannels)
                  000199ac    0000004c     libopenthread_mtd.lib : ip6.obj (.text:_ZN2ot3Ip63Ip6C1ERNS_8InstanceE)
                  000199f8    0000004c                           : aes_ccm.obj (.text:_ZN2ot6Crypto6AesCcm8FinalizeEPvPh)
                  00019a44    0000004c                           : dtls.obj (.text:_ZN2ot7MeshCoP4Dtls20HandleMbedtlsReceiveEPvPhj)
                  00019a90    0000004c                           : joiner.obj (.text:_ZN2ot7MeshCoP6Joiner28HandleJoinerFinalizeResponseEPvP12otCoapHeaderP9otMessagePK13otMessageInfo7otError)
                  00019adc    0000004c                           : settings.obj (.text:_ZN2ot8Settings4WipeEv)
                  00019b28    0000004c                           : meshcop_tlvs.obj (.text:_ZNK2ot7MeshCoP14ChannelMaskTlv13GetMask0EntryEv)
                  00019b74    0000004c                           : message.obj (.text:_ZNK2ot7Message6CopyToEtttRS0_)
                  00019bc0    0000004c     rtsv7M4_T_le_v4SPD16_eabi.lib : atoi.c.obj (.text:atoi)
                  00019c0c    0000004c                                   : cpy_tbl.c.obj (.text:copy_in)
                  00019c58    0000004c     sha256_alt.obj (.text:mbedtls_sha256_starts_ret)
                  00019ca4    0000004c     libmbedcrypto.lib : bignum.obj (.text:mpi_sub_hlp$103)
                  00019cf0    0000004c     alarm.obj (.text:platformAlarmInit)
                  00019d3c    0000004c     alarm_micro.obj (.text:platformAlarmMicroInit)
                  00019d88    0000004c     radio.obj (.text:platformRadioProcessReceiveDone$16)
                  00019dd4    0000004c     rtsv7M4_T_le_v4SPD16_eabi.lib : snprintf.c.obj (.text:snprintf)
                  00019e20    0000004c     drivers_cc26x2.aem4f : UARTCC26XX.oem4f (.text:startTxFifoEmptyClk)
                  00019e6c    0000004a     display.aem4f : DisplayUart.oem4f (.text:DisplayUartMin_open)
                  00019eb6    0000004a     libopenthread_mtd.lib : mac_frame.obj (.text:_ZN2ot3Mac5Frame10SetSrcAddrERKNS0_7AddressE)
                  00019f00    0000004a                           : coap_header.obj (.text:_ZN2ot4Coap6Header24SetDefaultResponseHeaderERKS1_)
                  00019f4a    0000004a                           : lowpan.obj (.text:_ZN2ot6Lowpan6Lowpan20DispatchToNextHeaderEhRNS_3Ip67IpProtoE)
                  00019f94    00000048     CC26X2R1_LAUNCHXL_fxns.obj (.text:CC26X2R1_LAUNCHXL_wakeUpExtFlash)
                  00019fdc    00000048     driverlib.lib : rfc.obj (.text:NOROM_RFCSynthPowerDown)
                  0001a024    00000048     drivers_cc26x2.aem4f : NVS.oem4f (.text:NVS_open)
                  0001a06c    00000048                          : PINCC26XX.oem4f (.text:PIN_setOutputEnable)
                  0001a0b4    00000048                          : PowerCC26X2_calibrateRCOSC.oem4f (.text:PowerCC26X2_RCOSC_clockFunc)
                  0001a0fc    00000048                          : PowerCC26X2.oem4f (.text:PowerCC26XX_switchXOSC_HF)
                  0001a144    00000048                          : SHA2CC26X2.oem4f (.text:SHA2_waitForResult)
                  0001a18c    00000048     libopenthread_mtd.lib : key_manager.obj (.text:_ZN2ot10KeyManager22HandleKeyRotationTimerERNS_5TimerE)
                  0001a1d4    00000048                           : panid_query_server.obj (.text:_ZN2ot16PanIdQueryServerC1ERNS_8InstanceE)
                  0001a21c    00000048                           : netif.obj (.text:_ZN2ot3Ip65NetifC1ERNS_8InstanceEa)
                  0001a264    00000048                           : coap_header.obj (.text:_ZN2ot4Coap6Header8SetTokenEh)
                  0001a2ac    00000048                           : coap.obj (.text:_ZN2ot4Coap8CoapBase7ReceiveERNS_7MessageERKNS_3Ip611MessageInfoE)
                  0001a2f4    00000048     drivers_cc26x2.aem4f : NVSCC26XX.oem4f (.text:disableFlashCache)
                  0001a33c    00000048     settings.obj (.text:otPlatSettingsDelete)
                  0001a384    00000048     rom_sysbios.aem4f : rom_sysbios.obj (.text:pthread_setschedparam)
                  0001a3cc    00000048     rtsv7M4_T_le_v4SPD16_eabi.lib : fd_toi_t2.asm.obj (.text)
                  0001a414    00000048     drivers_cc26x2.aem4f : PowerCC26X2.oem4f (.text:switchXOSCHF)
                  0001a45c    00000048     rom_sysbios.aem4f : rom_sysbios.obj (.text:ti_sysbios_family_arm_cc26xx_Seconds_getTime__E)
                  0001a4a4    00000048     drivers_cc26x2.aem4f : UARTCC26XX.oem4f (.text:writeFinishedDoCallback)
                  0001a4ec    00000046     display.aem4f : DisplayUart.oem4f (.text:DisplayUartMin_vprintf)
                  0001a532    00000046     drivers_cc26x2.aem4f : RingBuf.oem4f (.text:RingBuf_put)
                  0001a578    00000046     libopenthread_mtd.lib : mle.obj (.text:_ZN2ot3Mle3Mle9SetRloc16Et)
                  0001a5be    00000046     libmbedcrypto.lib : ssl_tls.obj (.text:mbedtls_ssl_recv_flight_completed)
                  0001a604    00000044     drivers_cc26x2.aem4f : CryptoResourceCC26XX.oem4f (.text:CryptoResourceCC26XX_destructRTOSObjects)
                  0001a648    00000044                          : ECJPAKECC26X2.oem4f (.text:ECJPAKECC26X2_waitForResult)
                  0001a68c    00000044     nvoctp.obj (.text:NVOCTP_getItemLenApi$24)
                  0001a6d0    00000044     nvoctp.obj (.text:NVOCTP_setPageActive$24)
                  0001a714    00000044     drivers_cc26x2.aem4f : NVSCC26XX.oem4f (.text:NVSCC26XX_read)
                  0001a758    00000044                          : PINCC26XX.oem4f (.text:PIN_swi)
                  0001a79c    00000044                          : PKAResourceCC26XX.oem4f (.text:PKAResourceCC26XX_destructRTOSObjects)
                  0001a7e0    00000044     rf_multiMode_cc26x2.aem4f : RFCC26X2_multiMode.oem4f (.text:RF_cmdGet)
                  0001a824    00000044                               : RFCC26X2_multiMode.oem4f (.text:RF_cmdStoreEvents)
                  0001a868    00000044     drivers_cc26x2.aem4f : UART.oem4f (.text:UART_init)
                  0001a8ac    00000044     libopenthread_mtd.lib : mesh_forwarder.obj (.text:_ZN2ot13MeshForwarder19ClearReassemblyListEv)
                  0001a8f0    00000044                           : timer.obj (.text:_ZN2ot14TimerScheduler8SetAlarmERKNS0_8AlarmApiE)
                  0001a934    00000044                           : energy_scan_server.obj (.text:_ZN2ot16EnergyScanServer16HandleScanResultEPvP18otEnergyScanResult)
                  0001a978    00000044                           : ip6_mpl.obj (.text:_ZN2ot3Ip63MplC1ERNS_8InstanceE)
                  0001a9bc    00000044                           : udp6.obj (.text:_ZN2ot3Ip69UdpSocket5CloseEv)
                  0001aa00    00000044                           : mle.obj (.text:_ZN2ot3Mle3Mle4StopEb)
                  0001aa44    00000044     libmbedcrypto.lib : cipher.obj (.text:mbedtls_cipher_setkey)
                  0001aa88    00000044                       : md.obj (.text:mbedtls_md_setup)
                  0001aacc    00000044                       : sha256.obj (.text:mbedtls_sha256_ret)
                  0001ab10    00000044     libopenthread_mtd.lib : dataset_api.obj (.text:otDatasetIsCommissioned)
                  0001ab54    00000044     rtsv7M4_T_le_v4SPD16_eabi.lib : fd_tou_t2.asm.obj (.text)
                  0001ab98    00000044     ecjpake_alt.obj (.text:tls_write_point$21)
                  0001abdc    00000042     libopenthread_mtd.lib : message.obj (.text:_ZN2ot11MessagePoolC1ERNS_8InstanceE)
                  0001ac1e    00000042                           : dataset_manager.obj (.text:_ZN2ot7MeshCoP14PendingDataset3SetERKNS0_9TimestampERKNS_7MessageEth)
                  0001ac60    00000042                           : meshcop.obj (.text:_ZN2ot7MeshCoP15ComputeJoinerIdERKNS_3Mac10ExtAddressERS2_)
                  0001aca2    00000002     --HOLE-- [fill = 0]
                  0001aca4    00000040     nvoctp.obj (.text:NVOCTP_compactNvApi$24)
                  0001ace4    00000040     drivers_cc26x2.aem4f : PowerCC26X2.oem4f (.text:PowerCC26XX_isStableXOSC_HF)
                  0001ad24    00000040     rf_multiMode_cc26x2.aem4f : RFCC26X2_multiMode.oem4f (.text:RF_updateHpOscOverride)
                  0001ad64    00000040     drivers_cc26x2.aem4f : RingBuf.oem4f (.text:RingBuf_get)
                  0001ada4    00000040     libopenthread_mtd.lib : network_data.obj (.text:_ZN2ot11NetworkData11NetworkData11PrefixMatchEPKhS3_h)
                  0001ade4    00000040                           : mac.obj (.text:_ZN2ot3Mac3Mac15SetRxOnWhenIdleEb)
                  0001ae24    00000040                           : coap_header.obj (.text:_ZN2ot4Coap6Header4InitEv)
                  0001ae64    00000040                           : dtls.obj (.text:_ZN2ot7MeshCoP4Dtls8MapErrorEi)
[...]
1002f91b  xdc_runtime_Gate_enterSystem__E                                                                                                    
1002f91f  xdc_runtime_SysCallback_Module__startupDone__S                                                                                     
1002f91f  xdc_runtime_System_SupportProxy_Module__startupDone__S                                                                             
1002f923  xdc_runtime_System_Module_GateProxy_enter__E                                                                                       
1002f927  xdc_runtime_System_Module_GateProxy_leave__E                                                                                       
1002f92b  xdc_runtime_System_printf_va__F                                                                                                    
1002f92f  xdc_runtime_System_exitSpin__E                                                                                                     
1002f931  ti_sysbios_family_arm_m3_Hwi_dispatch__I                                                                                           
1002fa11  ti_sysbios_family_arm_m3_Hwi_interruptsAreDisabledButShouldNotBe                                                                   
1002fa2d  ti_sysbios_family_arm_m3_TaskSupport_buildTaskStack                                                                                
1002fab9  ti_sysbios_family_arm_m3_Hwi_initStacks__E                                                                                         
1002fb11  ti_sysbios_family_arm_m3_Hwi_pendSV__I                                                                                             
1002fb35  ti_sysbios_family_arm_m3_Hwi_return                                                                                                
1002fb39  ti_sysbios_family_arm_m3_Hwi_excHandlerAsm__I                                                                                      
1002fb59  ti_sysbios_family_xxx_Hwi_switchAndRunFunc                                                                                         
1002fb77  ti_sysbios_family_arm_m3_TaskSupport_swap__E                                                                                       
1002fb77  ti_sysbios_knl_Task_SupportProxy_swap__E                                                                                           
1002fb77  ti_sysbios_knl_Task_SupportProxy_swap__E                                                                                           
1002fb83  ti_sysbios_knl_Task_swapReturn                                                                                                     
1002fb8f  ti_sysbios_family_arm_m3_TaskSupport_glue                                                                                          
1002fba0  ti_sysbios_knl_Task_Object__PARAMS__C                                                                                              
1002fbdc  ti_sysbios_knl_Mailbox_Object__PARAMS__C                                                                                           
1002fc10  ti_sysbios_family_arm_m3_Hwi_Object__PARAMS__C                                                                                     
1002fc40  ti_sysbios_hal_Hwi_Object__PARAMS__C                                                                                               
1002fc6c  ti_sysbios_knl_Swi_Object__PARAMS__C                                                                                               
1002fc94  ti_sysbios_heaps_HeapMem_Object__PARAMS__C                                                                                         
1002fcb8  ti_sysbios_knl_Clock_Object__PARAMS__C                                                                                             
1002fcdc  ti_sysbios_knl_Semaphore_Object__PARAMS__C                                                                                         
1002fd00  ti_sysbios_gates_GateHwi_Object__PARAMS__C                                                                                         
1002fd18  ti_sysbios_gates_GateMutex_Object__PARAMS__C                                                                                       
1002fd30  ti_sysbios_knl_Event_Object__PARAMS__C                                                                                             
1002fd48  ti_sysbios_knl_Queue_Object__PARAMS__C                                                                                             
1002fd80  ti_sysbios_heaps_HeapTrack_Object__PARAMS__C                                                                                       
1002fd9c  ti_sysbios_heaps_HeapTrack_Instance_State_trackQueue__O                                                                            
1002fda0  ti_sysbios_heaps_HeapTrack_Module__diagsEnabled__C                                                                                 
1002fda4  ti_sysbios_heaps_HeapTrack_Module__diagsIncluded__C                                                                                
1002fda8  ti_sysbios_heaps_HeapTrack_Module__diagsMask__C                                                                                    
1002fddb  strlen                                                                                                                             
20000000  ti_sysbios_family_arm_m3_Hwi_ramVectors                                                                                            
20000100  xdcRomConstPtr                                                                                                                     
20000104  xdcRomExternFuncPtr                                                                                                                
20000108  xdcRomStatePtr                                                                                                                     
20003d30  uartCC26XXObjects                                                                                                                  
20004180  ti_sysbios_knl_Task_Instance_State_0_stack__A                                                                                      
20004380  ti_sysbios_family_arm_m3_Hwi_dispatchTable                                                                                         
200044d8  pinHandleTable                                                                                                                     
20004618  uartCC26XXRingBuffer                                                                                                               
20004834  _ZN2ot11Diagnostics4Diag8sTxPowerE                                                                                                 
20004835  _ZN2ot11Diagnostics4Diag8sChannelE                                                                                                 
20004836  _ZN2ot11Diagnostics4Diag6sTxLenE                                                                                                   
20004837  _ZN2ot11Diagnostics4Diag13sRepeatActiveE                                                                                           
20004838  _ZN2ot11Diagnostics4Diag9sTxPeriodE                                                                                                
2000483c  _ZN2ot11Diagnostics4Diag10sTxPacketsE                                                                                              
20004840  _ZN2ot11Diagnostics4Diag9sTxPacketE                                                                                                
20004844  _ZN2ot11Diagnostics4Diag9sInstanceE                                                                                                
20004848  _ZN2ot11Diagnostics4Diag6sStatsE                                                                                                   
200048d4  ecjpakeCC26X2Objects                                                                                                               
20004980  CryptoResourceCC26XX_accessSemaphore                                                                                               
2000499c  CryptoResourceCC26XX_hwi                                                                                                           
200049b8  CryptoResourceCC26XX_operationSemaphore                                                                                            
200049d4  PKAResourceCC26XX_accessSemaphore                                                                                                  
200049f0  PKAResourceCC26XX_hwi                                                                                                              
20004a0c  PKAResourceCC26XX_operationSemaphore                                                                                               
20004a70  aesecbCC26XXObjects                                                                                                                
20004b28  displayUartObject                                                                                                                  
20004b3f  driverlib_release_0_53646                                                                                                          
20004b4c  ClockP_tickPeriod                                                                                                                  
20004b50  PowerCC26XX_swiKey                                                                                                                 
20004b54  PowerCC26XX_taskKey                                                                                                                
20004b58  nvsCC26xxObjects                                                                                                                   
200070ac  pOverrides                                                                                                                         
200070f4  txPowerTable                                                                                                                       
200074b8  ROM_stateStruct                                                                                                                    
200074b8  ti_sysbios_knl_Clock_Module__state__V                                                                                              
200074e4  ti_sysbios_family_arm_cc26xx_TimestampProvider_Module__state__V                                                                    
200074e8  xdc_runtime_Startup_Module__state__V                                                                                               
200074f0  xdc_runtime_Registry_Module__state__V                                                                                              
200074f8  ti_sysbios_BIOS_Module__state__V                                                                                                   
2000751c  ti_sysbios_knl_Swi_Module__state__V                                                                                                
20007538  ti_sysbios_knl_Task_Module__state__V                                                                                               
2000757c  xdc_runtime_Memory_Module__state__V                                                                                                
20007580  xdc_runtime_System_Module__state__V                                                                                                
20007588  ti_sysbios_family_arm_m3_Hwi_Module__state__V                                                                                      
200075bc  ti_sysbios_family_arm_cc26xx_Timer_Module__state__V                                                                                
200075c4  PowerCC26X2_module                                                                                                                 
20007738  ti_sysbios_gates_GateMutex_Object__table__V                                                                                        
2000778c  ti_sysbios_knl_Task_Object__table__V                                                                                               
200077d8  ti_sysbios_family_arm_cc26xx_Timer_Object__table__V                                                                                
20007898  gpioPinConfigs                                                                                                                     
200078c8  ti_sysbios_knl_Swi_Module_State_0_readyQ__A                                                                                        
200078f8  ti_sysbios_knl_Swi_Object__table__V                                                                                                
20007928  ti_sysbios_knl_Task_Module_State_0_readyQ__A                                                                                       
200079d0  ti_sysbios_knl_Clock_Object__table__V                                                                                              
200079f0  xdc_runtime_Error_IgnoreBlock                                                                                                      
20007a28  ti_sysbios_family_arm_m3_Hwi_Object__table__V                                                                                      
20007a40  ti_sysbios_heaps_HeapMem_Object__table__V                                                                                          
20007a78  gpioCallbackFunctions                                                                                                              
20007a98  mbedtls_calloc                                                                                                                     
20007a9c  mbedtls_free                                                                                                                       
20007aa0  _lock                                                                                                                              
20007aa4  _unlock                                                                                                                            
20007aa8  lcdHandle                                                                                                                          
20007aac  serialHandle                                                                                                                       
20007ab8  pinUpperBound                                                                                                                      
20007abc  pinLowerBound                                                                                                                      
20007ac0  ti_sysbios_family_arm_cc26xx_Seconds_Module__state__V                                                                              
20007ac8  ti_sysbios_family_arm_m3_Hwi_Module__root__V                                                                                       
20007ad0  ti_sysbios_gates_GateHwi_Module__root__V                                                                                           
20007ad8  ti_sysbios_gates_GateMutexPri_Module__root__V                                                                                      
20007ae0  ti_sysbios_gates_GateMutex_Module__root__V                                                                                         
20007ae8  ti_sysbios_hal_Hwi_Module__root__V                                                                                                 
20007af0  ti_sysbios_heaps_HeapMem_Module__root__V                                                                                           
20007af8  ti_sysbios_knl_Clock_Module__root__V                                                                                               
20007b00  ti_sysbios_knl_Event_Module__root__V                                                                                               
20007b08  ti_sysbios_knl_Mailbox_Module__root__V                                                                                             
20007b10  ti_sysbios_knl_Queue_Module__root__V                                                                                               
20007b18  ti_sysbios_knl_Semaphore_Module__root__V                                                                                           
20007b20  ti_sysbios_knl_Swi_Module__root__V                                                                                                 
20007b28  ti_sysbios_knl_Task_Module__root__V                                                                                                
20007b30  xdc_runtime_System_Module_State_0_atexitHandlers__A                                                                                
20007b3d  CryptoResourceCC26XX_pollingFlag                                                                                                   
20007b4c  main_func_sp                                                                                                                       
20007b50  ti_sysbios_family_arm_m3_Hwi_Module_State_0_excContext__A                                                                          
20007b54  ti_sysbios_family_arm_m3_Hwi_Module_State_0_excStack__A                                                                            
20007b58  ti_sysbios_knl_Task_Module_State_0_idleTask__A                                                                                     
20007b5c  PKAResourceCC26XX_pollingFlag                                                                                                      
20007b5e  ti_sysbios_family_arm_m3_Hwi_Module_State_0_excActive__A                                                                           
20007b68  __primary_heap_start__                                                                                                             
20008b68  __primary_heap_end__                                                                                                               
20013c00  __stack                                                                                                                            
20014000  __STACK_END                                                                                                                        
e000e000  ti_sysbios_family_arm_m3_Hwi_nvic                                                                                                  
ffffffff  __TI_pprof_out_hndl                                                                                                                
ffffffff  __TI_prof_data_size                                                                                                                
ffffffff  __TI_prof_data_start                                                                                                               
ffffffff  __binit__                                                                                                                          
ffffffff  __c_args__                                                                                                                         
ffffffff  binit                                                                                                                              
UNDEFED   SHT$$INIT_ARRAY$$Base                                                                                                              
UNDEFED   SHT$$INIT_ARRAY$$Limit                                                                                                             

[1801 symbols]
