******************************************************************************
                  TI ARM Linker Unix v18.1.4                   
******************************************************************************
>> Linked Wed Mar 13 10:05:04 2019

OUTPUT FILE NAME:   <temp_sensor_CC26X2R1_LAUNCHXL_tirtos_ccs.out>
ENTRY POINT SYMBOL: "ResetISR"  address: 0001836d


MEMORY CONFIGURATION

         name            origin    length      used     unused   attr    fill
----------------------  --------  ---------  --------  --------  ----  --------
  FLASH                 00000000   00058000  00024c50  000333b0  R  X
  GPRAM                 11000000   00002000  00000000  00002000  RW X
  SRAM                  20000000   00014000  00008f3b  0000b0c5  RW X


SEGMENT ALLOCATION MAP

run origin  load origin   length   init length attrs members
----------  ----------- ---------- ----------- ----- -------
00000000    00000000    00020bf8   00020bf8    r-x
  00000000    00000000    0000003c   0000003c    r-- .resetVecs
  0000003c    0000003c    0001f6b4   0001f6b4    r-x .text
  0001f6f0    0001f6f0    00001260   00001260    r-- .const
  00020950    00020950    000002a8   000002a8    r-- .cinit
00052000    00052000    00004000   00000000    rw-
  00052000    00052000    00004000   00000000    rw- .TI.bound:flashBuf$0
00057fa8    00057fa8    00000058   00000058    r--
  00057fa8    00057fa8    00000058   00000058    r-- .ccfg
20000100    20000100    00007a6b   00000000    rw-
  20000100    20000100    00000004   00000000    rw- .data:xdcRomConstPtr
  20000104    20000104    00000004   00000000    rw- .data:xdcRomExternFuncPtr
  20000108    20000108    00000004   00000000    rw- .data:xdcRomStatePtr
  20000110    20000110    00004a4c   00000000    rw- .bss
  20004b60    20004b60    0000300b   00000000    rw- .data
20007b70    20007b70    00001000   00000000    r--
  20007b70    20007b70    00001000   00000000    r-- .priheap
20013c00    20013c00    00000400   00000000    rw-
  20013c00    20013c00    00000400   00000000    rw- .stack


SECTION ALLOCATION MAP

 output                                  attributes/
section   page    origin      length       input sections
--------  ----  ----------  ----------   ----------------
.binit     0    00000000    00000000     

.cinit     0    00020950    000002a8     
                  00020950    00000254     (.cinit..data.load) [load image, compression = lzss]
                  00020ba4    0000000c     (__TI_handler_table)
                  00020bb0    00000008     (.cinit..bss.load) [load image, compression = zero_init]
                  00020bb8    00000008     (.cinit..data:xdcRomConstPtr.load) [load image, compression = lzss]
                  00020bc0    00000008     (.cinit..data:xdcRomExternFuncPtr.load) [load image, compression = lzss]
                  00020bc8    00000008     (.cinit..data:xdcRomStatePtr.load) [load image, compression = lzss]
                  00020bd0    00000028     (__TI_cinit_table)

.init_array 
*          0    00000000    00000000     UNINITIALIZED

.ccfg      0    00057fa8    00000058     
                  00057fa8    00000058     ccfg.obj (.ccfg:retain)

.bss       0    20000110    00004a4c     UNINITIALIZED
                  20000110    00003c20     libopenthread_mtd.lib : instance.obj (.bss:_ZN34_INTERNAL_12_instance_cpp_0ce081802ot12sInstanceRawE$38)
                  20003d30    00000250     (.common:uartCC26XXObjects)
                  20003f80    00000200     rf_multiMode_cc26x2.aem4f : RFCC26X2_multiMode.oem4f (.bss:RF_cmdPool)
                  20004180    00000200     release_pem4f.oem4f (.bss:taskStackSection)
                  20004380    000000d8     (.common:ti_sysbios_family_arm_m3_Hwi_dispatchTable)
                  20004458    00000080     CC26X2R1_LAUNCHXL.obj (.bss:uartStringBuf$0)
                  200044d8    0000007c     (.common:pinHandleTable)
                  20004554    00000004     drivers_cc26x2.aem4f : ECJPAKECC26X2.oem4f (.bss)
                  20004558    00000068     rf_multiMode_cc26x2.aem4f : RFCC26X2_multiMode.oem4f (.bss:RF_ratModule)
                  200045c0    00000058     radio.obj (.bss:sSrcMatchExtData$16)
                  20004618    00000040     (.common:uartCC26XXRingBuffer)
                  20004658    0000003c     radio.obj (.bss:sReceiveCmd$16)
                  20004694    00000038     random.obj (.bss:$O13$$)
                  200046cc    00000034     rf_multiMode_cc26x2.aem4f : RFCC26X2_multiMode.oem4f (.bss:RF_swiFsmObj)
                  20004700    00000034                               : RFCC26X2_multiMode.oem4f (.bss:RF_swiHwObj)
                  20004734    00000034     drivers_cc26x2.aem4f : PINCC26XX.oem4f (.bss:pinSwi)
                  20004768    00000030     radio.obj (.bss:sSrcMatchShortData$16)
                  20004798    0000002c     otrtosapi.obj (.bss:OtRtosApi_mutexHandle$9)
                  200047c4    00000028     rf_multiMode_cc26x2.aem4f : RFCC26X2_multiMode.oem4f (.bss:RF_Sch)
                  200047ec    00000024                               : RFCC26X2_multiMode.oem4f (.bss:RF_clkInactivityObj)
                  20004810    00000024                               : RFCC26X2_multiMode.oem4f (.bss:RF_clkPowerUpObj)
                  20004834    00000020     libopenthread_diag_mtd.lib : diag_process.obj (.bss:$O18$$)
                  20004854    00000020     rf_multiMode_cc26x2.aem4f : RFCC26X2_multiMode.oem4f (.bss:RF_cmdQ)
                  20004874    00000020     drivers_cc26x2.aem4f : GPIOCC26XX.oem4f (.bss:gpioCallbackInfo)
                  20004894    00000020                          : PINCC26XX.oem4f (.bss:pinGpioConfigTable)
                  200048b4    00000020     radio.obj (.bss:sCsmaBackoffCmd$16)
                  200048d4    00000020     (.common:ecjpakeCC26X2Objects)
                  200048f4    0000001c     driverlib.lib : osc.obj (.bss:$O29$$)
                  20004910    0000001c     rf_multiMode_cc26x2.aem4f : RFCC26X2_multiMode.oem4f (.bss:RF_hwiCpe0Obj)
                  2000492c    0000001c                               : RFCC26X2_multiMode.oem4f (.bss:RF_hwiHwObj)
                  20004948    0000001c     drivers_cc26x2.aem4f : PINCC26XX.oem4f (.bss:pinHwi)
                  20004964    0000001c                          : PINCC26XX.oem4f (.bss:pinSemaphore)
                  20004980    0000001c     (.common:CryptoResourceCC26XX_accessSemaphore)
                  2000499c    0000001c     (.common:CryptoResourceCC26XX_hwi)
                  200049b8    0000001c     (.common:CryptoResourceCC26XX_operationSemaphore)
                  200049d4    0000001c     (.common:PKAResourceCC26XX_accessSemaphore)
                  200049f0    0000001c     (.common:PKAResourceCC26XX_hwi)
                  20004a0c    0000001c     (.common:PKAResourceCC26XX_operationSemaphore)
                  20004a28    00000018     radio.obj (.bss:sEdScanCmd$16)
                  20004a40    00000018     radio.obj (.bss:sRadioSetupCmd$16)
                  20004a58    00000018     radio.obj (.bss:sTransmitCmd$16)
                  20004a70    00000018     (.common:aesecbCC26XXObjects)
                  20004a88    00000016     rf_multiMode_cc26x2.aem4f : RFCC26X2_multiMode.oem4f (.bss)
                  20004a9e    00000002     drivers_cc26x2.aem4f : UARTCC26XX.oem4f (.bss)
                  20004aa0    00000014     rf_multiMode_cc26x2.aem4f : RFCC26X2_multiMode.oem4f (.bss:RF_ratSyncCmd)
                  20004ab4    00000014                               : RFCC26X2_multiMode.oem4f (.bss:RF_wakeupNotifyObj)
                  20004ac8    00000014     drivers_cc26x2.aem4f : GPIOCC26XX.oem4f (.bss:powerNotifyObj)
                  20004adc    00000014     radio.obj (.bss:sTransmitRxAckCmd$16)
                  20004af0    00000010     rf_multiMode_cc26x2.aem4f : RFCC26X2_multiMode.oem4f (.bss:RF_core)
                  20004b00    00000010     radio.obj (.bss:sRfStats$16)
                  20004b10    0000000c     drivers_cc26x2.aem4f : NVSCC26XX.oem4f (.bss)
                  20004b1c    0000000c                          : GPIOCC26XX.oem4f (.bss:gpioPinState)
                  20004b28    0000000c     (.common:displayUartObject)
                  20004b34    00000009                          : SHA2CC26X2.oem4f (.bss)
                  20004b3d    00000001     keys_utils.obj (.bss)
                  20004b3e    00000001     radio.obj (.bss)
                  20004b3f    00000001     (.common:driverlib_release_0_53646)
                  20004b40    00000008     drivers_cc26x2.aem4f : GPIOCC26XX.oem4f (.bss)
                  20004b48    00000004                          : PINCC26XX.oem4f (.bss)
                  20004b4c    00000004     (.common:ClockP_tickPeriod)
                  20004b50    00000004     (.common:PowerCC26XX_swiKey)
                  20004b54    00000004     (.common:PowerCC26XX_taskKey)
                  20004b58    00000004     (.common:nvsCC26xxObjects)

.data      0    20004b60    0000300b     UNINITIALIZED
                  20004b60    00001cdc     otstack.obj (.data:$O3$$)
                  2000683c    00000864     tempsensor.obj (.data:$O4$$)
                  200070a0    00000420     radio.obj (.data:$O11$$)
                  200074c0    0000010c     release_pem4f.oem4f (.data:ROM_stateStruct)
                  200075cc    000000ec     drivers_cc26x2.aem4f : PowerCC26X2.oem4f (.data:PowerCC26X2_module)
                  200076b8    00000088     rom_sysbios.aem4f : rom_sysbios.obj (.data:$O1$$)
                  20007740    00000054     release_pem4f.oem4f (.data:ti_sysbios_gates_GateMutex_Object__table__V)
                  20007794    0000004c     release_pem4f.oem4f (.data:ti_sysbios_knl_Task_Object__table__V)
                  200077e0    00000048     release_pem4f.oem4f (.data:ti_sysbios_family_arm_cc26xx_Timer_Object__table__V)
                  20007828    00000040     uart.obj (.data:$O14$$)
                  20007868    00000038     nvoctp.obj (.data:$O16$$)
                  200078a0    00000030     CC26X2R1_LAUNCHXL.obj (.data:gpioPinConfigs)
                  200078d0    00000030     release_pem4f.oem4f (.data:ti_sysbios_knl_Swi_Module_State_0_readyQ__A)
                  20007900    00000030     release_pem4f.oem4f (.data:ti_sysbios_knl_Swi_Object__table__V)
                  20007930    00000030     release_pem4f.oem4f (.data:ti_sysbios_knl_Task_Module_State_0_readyQ__A)
                  20007960    0000002c     keys_utils.obj (.data:$O2$$)
                  2000798c    00000028     settings.obj (.data:sNvoctpFps$25)
                  200079b4    00000024     libmbedcrypto.lib : ssl_tls.obj (.data:$O27$$)
                  200079d8    00000020     release_pem4f.oem4f (.data:ti_sysbios_knl_Clock_Object__table__V)
                  200079f8    00000020     release_pem4f.oem4f (.data:xdc_runtime_Error_IgnoreBlock)
                  20007a18    00000018     diag.obj (.data:$O10$$)
                  20007a30    00000018     release_pem4f.oem4f (.data:ti_sysbios_family_arm_m3_Hwi_Object__table__V)
                  20007a48    00000018     release_pem4f.oem4f (.data:ti_sysbios_heaps_HeapMem_Object__table__V)
                  20007a60    00000010     alarm.obj (.data:$O6$$)
                  20007a70    00000010     alarm_micro.obj (.data:$O8$$)
                  20007a80    00000010     CC26X2R1_LAUNCHXL.obj (.data:gpioCallbackFunctions)
                  20007a90    00000008     aes_alt.obj (.data:$O15$$)
                  20007a98    00000008     libmbedcrypto.lib : ecp.obj (.data:$O23$$)
                  20007aa0    00000008                       : platform.obj (.data:$O26$$)
                  20007aa8    00000008     rtsv7M4_T_le_v4SPD16_eabi.lib : _lock.c.obj (.data:$O31$$)
                  20007ab0    00000008     disp_utils.obj (.data)
                  20007ab8    00000008     drivers_cc26x2.aem4f : ECJPAKECC26X2.oem4f (.data)
                  20007ac0    00000008                          : PINCC26XX.oem4f (.data)
                  20007ac8    00000008     release_pem4f.oem4f (.data:ti_sysbios_family_arm_cc26xx_Seconds_Module__state__V)
                  20007ad0    00000008     release_pem4f.oem4f (.data:ti_sysbios_family_arm_m3_Hwi_Module__root__V)
                  20007ad8    00000008     release_pem4f.oem4f (.data:ti_sysbios_gates_GateHwi_Module__root__V)
                  20007ae0    00000008     release_pem4f.oem4f (.data:ti_sysbios_gates_GateMutexPri_Module__root__V)
                  20007ae8    00000008     release_pem4f.oem4f (.data:ti_sysbios_gates_GateMutex_Module__root__V)
                  20007af0    00000008     release_pem4f.oem4f (.data:ti_sysbios_hal_Hwi_Module__root__V)
                  20007af8    00000008     release_pem4f.oem4f (.data:ti_sysbios_heaps_HeapMem_Module__root__V)
                  20007b00    00000008     release_pem4f.oem4f (.data:ti_sysbios_knl_Clock_Module__root__V)
                  20007b08    00000008     release_pem4f.oem4f (.data:ti_sysbios_knl_Event_Module__root__V)
                  20007b10    00000008     release_pem4f.oem4f (.data:ti_sysbios_knl_Mailbox_Module__root__V)
                  20007b18    00000008     release_pem4f.oem4f (.data:ti_sysbios_knl_Queue_Module__root__V)
                  20007b20    00000008     release_pem4f.oem4f (.data:ti_sysbios_knl_Semaphore_Module__root__V)
                  20007b28    00000008     release_pem4f.oem4f (.data:ti_sysbios_knl_Swi_Module__root__V)
                  20007b30    00000008     release_pem4f.oem4f (.data:ti_sysbios_knl_Task_Module__root__V)
                  20007b38    00000008     release_pem4f.oem4f (.data:xdc_runtime_System_Module_State_0_atexitHandlers__A)
                  20007b40    00000005     drivers_cc26x2.aem4f : GPIOCC26XX.oem4f (.data)
                  20007b45    00000002                          : CryptoResourceCC26XX.oem4f (.data)
                  20007b47    00000001                          : AESECBCC26XX.oem4f (.data)
                  20007b48    00000004                          : GPIOCC26XX.oem4f (.data:gpioPinTable)
                  20007b4c    00000004     libmbedcrypto.lib : ecp_curves.obj (.data:one$1$96)
                  20007b50    00000004     radio.obj (.data)
                  20007b54    00000004     rtsv7M4_T_le_v4SPD16_eabi.lib : stkdepth_vars.c.obj (.data)
                  20007b58    00000004     release_pem4f.oem4f (.data:ti_sysbios_family_arm_m3_Hwi_Module_State_0_excContext__A)
                  20007b5c    00000004     release_pem4f.oem4f (.data:ti_sysbios_family_arm_m3_Hwi_Module_State_0_excStack__A)
                  20007b60    00000004     release_pem4f.oem4f (.data:ti_sysbios_knl_Task_Module_State_0_idleTask__A)
                  20007b64    00000002     drivers_cc26x2.aem4f : PKAResourceCC26XX.oem4f (.data)
                  20007b66    00000002     release_pem4f.oem4f (.data:ti_sysbios_family_arm_m3_Hwi_Module_State_0_excActive__A)
                  20007b68    00000001     drivers_cc26x2.aem4f : NVS.oem4f (.data)
                  20007b69    00000001                          : UART.oem4f (.data)
                  20007b6a    00000001     otstack.obj (.data)

.stack     0    20013c00    00000400     UNINITIALIZED
                  20013c00    00000400     --HOLE--

.priheap   0    20007b70    00001000     UNINITIALIZED
                  20007b70    00001000     --HOLE--

.data:xdcRomConstPtr 
*          0    20000100    00000004     UNINITIALIZED
                  20000100    00000004     release_pem4f.oem4f (.data:xdcRomConstPtr)

.data:xdcRomExternFuncPtr 
*          0    20000104    00000004     UNINITIALIZED
                  20000104    00000004     release_pem4f.oem4f (.data:xdcRomExternFuncPtr)

.data:xdcRomStatePtr 
*          0    20000108    00000004     UNINITIALIZED
                  20000108    00000004     release_pem4f.oem4f (.data:xdcRomStatePtr)

.bootVecs 
*          0    00000000    00000008     DSECT
                  00000000    00000008     boot.aem4f : boot.oem4f (.bootVecs)

.resetVecs 
*          0    00000000    0000003c     
                  00000000    0000003c     release_pem4f.oem4f (.resetVecs)

.vecs      0    20000000    000000d8     NOLOAD SECTION
                  20000000    000000d8     release_pem4f.oem4f (.vecs)

xdc.meta   0    00000000    0000011e     COPY SECTION
                  00000000    0000011e     release_pem4f.oem4f (xdc.meta)

xdc.noload 
*          0    00000000    00000000     COPY SECTION

.TI.bound:flashBuf$0 
*          0    00052000    00004000     UNINITIALIZED
                  00052000    00004000     CC26X2R1_LAUNCHXL.obj (.TI.bound:flashBuf$0)

.text      0    0000003c    0001f6b4     
                  0000003c    00001460     libmbedcrypto.lib : ssl_tls.obj (.text:mbedtls_ssl_handshake)
                  0000149c    000007a0                       : ssl_tls.obj (.text:mbedtls_ssl_read_record)
                  00001c3c    0000069a     drivers_cc26x2.aem4f : ECJPAKECC26X2.oem4f (.text:ECJPAKECC26X2_runFSM)
                  000022d6    000004ec     libmbedcrypto.lib : ecp_curves.obj (.text:ecp_mod_p256$96)
                  000027c2    000004e8     libopenthread_mtd.lib : lowpan.obj (.text:_ZN2ot6Lowpan6Lowpan8CompressERNS_7MessageERKNS_3Mac7AddressES7_Ph)
                  00002caa    000004b0                           : mle.obj (.text:_ZN2ot3Mle3Mle16HandleUdpReceiveERNS_7MessageERKNS_3Ip611MessageInfoE)
                  0000315a    0000049e                           : ip6.obj (.text:_ZN2ot3Ip63Ip614HandleDatagramERNS_7MessageEPNS0_5NetifEaPKvb)
                  000035f8    0000040e                           : mle.obj (.text:_ZN2ot3Mle3Mle20HandleParentResponseERKNS_7MessageERKNS_3Ip611MessageInfoEj)
                  00003a06    00000400                           : mac.obj (.text:_ZN2ot3Mac3Mac19HandleReceivedFrameEPNS0_5FrameE7otError)
                  00003e06    00000002     display.aem4f : DisplayUart.oem4f (.text:DisplayUartMin_clear)
                  00003e08    000003f8     tempsensor.obj (.text:TempSensor_task$7)
                  00004200    000003d0     libopenthread_mtd.lib : lowpan.obj (.text:_ZN2ot6Lowpan6Lowpan20DecompressBaseHeaderERNS_3Ip66HeaderERbRKNS_3Mac7AddressES9_PKht)
                  000045d0    000003b8     rf_multiMode_cc26x2.aem4f : RFCC26X2_multiMode.oem4f (.text:RF_fsmActiveState)
                  00004988    00000388     libopenthread_mtd.lib : mesh_forwarder.obj (.text:_ZN2ot13MeshForwarder19HandleReceivedFrameERNS_3Mac5FrameE)
                  00004d10    00000384                           : mle.obj (.text:_ZN2ot3Mle3Mle17HandleAttachTimerERNS_5TimerE)
                  00005094    00000360     otstack.obj (.text:OtStack_task)
                  000053f4    00000360     libopenthread_mtd.lib : lowpan.obj (.text:_ZN2ot6Lowpan6Lowpan10DecompressERNS_7MessageERKNS_3Mac7AddressES7_PKhtt)
                  00005754    0000034c                           : dtls.obj (.text:_ZN2ot7MeshCoP4Dtls5StartEbPFvPvbEPFvS2_PhtEPF7otErrorS2_PKhthES2_)
                  00005aa0    00000308                           : ip6.obj (.text:_ZN2ot3Ip63Ip613HandleOptionsERNS_7MessageERNS0_6HeaderERb)
                  00005da8    000002fe                           : mesh_forwarder.obj (.text:_ZN2ot13MeshForwarder12SendFragmentERNS_7MessageERNS_3Mac5FrameE)
                  000060a6    00000002     display.aem4f : DisplayUart.oem4f (.text:DisplayUartMin_clearLines)
                  000060a8    000002e8     libmbedcrypto.lib : ssl_tls.obj (.text:mbedtls_ssl_write_record)
                  00006390    000002de     libopenthread_mtd.lib : mac.obj (.text:_ZN2ot3Mac3Mac18HandleTransmitDoneEP12otRadioFrameS3_7otError)
                  0000666e    00000002     display.aem4f : DisplayUart.oem4f (.text:DisplayUartMin_init)
                  00006670    000002dc     libopenthread_mtd.lib : dtls.obj (.text:_ZN2ot7MeshCoP4Dtls7ProcessEv)
                  0000694c    000002d8     libmbedcrypto.lib : ssl_tls.obj (.text:mbedtls_ssl_derive_keys)
                  00006c24    000002cc     libopenthread_mtd.lib : mac.obj (.text:_ZN2ot3Mac3Mac13BeginTransmitEv)
                  00006ef0    000002c4                           : mle.obj (.text:_ZN2ot3Mle3MleC1ERNS_8InstanceE)
                  000071b4    00000294                           : mesh_forwarder.obj (.text:_ZN2ot13MeshForwarder15HandleSentFrameERNS_3Mac6SenderERNS1_5FrameE7otError)
                  00007448    0000027c                           : dataset_local.obj (.text:_ZNK2ot7MeshCoP12DatasetLocal3GetER20otOperationalDataset)
                  000076c4    00000264                           : mle.obj (.text:_ZN2ot3Mle3Mle23HandleDiscoveryResponseERKNS_7MessageERKNS_3Ip611MessageInfoE)
                  00007928    00000254                           : mle.obj (.text:_ZN2ot3Mle3Mle16HandleLeaderDataERKNS_7MessageERKNS_3Ip611MessageInfoE)
                  00007b7c    00000242     libmbedcrypto.lib : ccm.obj (.text:ccm_auth_crypt$110)
                  00007dbe    00000002     driverlib.lib : rfc.obj (.text:NOROM_RFCCpePatchReset)
                  00007dc0    0000022c     libopenthread_mtd.lib : joiner.obj (.text:_ZN2ot7MeshCoP6Joiner18SendJoinerFinalizeEv)
                  00007fec    0000021e                           : mle.obj (.text:_ZN2ot3Mle3Mle25HandleChildUpdateResponseERKNS_7MessageERKNS_3Ip611MessageInfoE)
                  0000820a    0000021c                           : mle.obj (.text:_ZN2ot3Mle3Mle21HandleChildIdResponseERKNS_7MessageERKNS_3Ip611MessageInfoE)
                  00008426    00000002     rf_multiMode_cc26x2.aem4f : RFCC26X2_multiMode.oem4f (.text:RF_defaultCallback)
                  00008428    00000210     ecjpake_alt.obj (.text:ecjpake_kzkp_kzkp_write$21)
                  00008638    00000208     libopenthread_mtd.lib : mesh_forwarder.obj (.text:_ZN2ot13MeshForwarder18HandleFrameRequestERNS_3Mac6SenderERNS1_5FrameE)
                  00008840    000001fe                           : mesh_forwarder.obj (.text:_ZN2ot13MeshForwarder24ScheduleTransmissionTaskERNS_7TaskletE)
                  00008a3e    000001ec                           : ip6.obj (.text:_ZN2ot3Ip63Ip619SelectSourceAddressERNS0_11MessageInfoE)
                  00008c2a    00000002     drivers_cc26x2.aem4f : SHA2CC26X2.oem4f (.text:SHA2_init)
                  00008c2c    000001e0     libopenthread_mtd.lib : mac.obj (.text:_ZN2ot3Mac3Mac22ProcessReceiveSecurityERNS0_5FrameERKNS0_7AddressEPNS_8NeighborE)
                  00008e0c    000001dc                           : mle.obj (.text:_ZN2ot3Mle3Mle24HandleChildUpdateRequestERKNS_7MessageERKNS_3Ip611MessageInfoE)
                  00008fe8    000001cc     rom_sysbios.aem4f : rom_sysbios.obj (.text:acquireMutex$50)
                  000091b4    000001c4     libopenthread_mtd.lib : coap.obj (.text:_ZN2ot4Coap8CoapBase23ProcessReceivedResponseERNS0_6HeaderERNS_7MessageERKNS_3Ip611MessageInfoE)
                  00009378    000001c0     drivers_cc26x2.aem4f : PINCC26XX.oem4f (.text:PIN_init)
                  00009538    000001ba     libopenthread_mtd.lib : mle.obj (.text:_ZN2ot3Mle3Mle11SendMessageERNS_7MessageERKNS_3Ip67AddressE)
                  000096f2    000001b6     rtsv7M4_T_le_v4SPD16_eabi.lib : fd_add_t2.asm.obj (.text)
                  000098a8    000001b4     libopenthread_mtd.lib : coap_header.obj (.text:_ZN2ot4Coap6Header11FromMessageERKNS_7MessageEt)
                  00009a5c    000001ac     drivers_cc26x2.aem4f : PowerCC26X2.oem4f (.text:Power_sleep)
                  00009c08    000001ac     libopenthread_mtd.lib : ip6_api.obj (.text:otIp6SetEnabled)
                  00009db4    000001a4                           : network_data.obj (.text:_ZN2ot11NetworkData11NetworkData19RemoveTemporaryDataEPhRh)
                  00009f58    000001a4                           : ip6.obj (.text:_ZN2ot3Ip63Ip612SendDatagramERNS_7MessageERNS0_11MessageInfoENS0_7IpProtoE)
                  0000a0fc    0000019c                           : mle.obj (.text:_ZN2ot3Mle3Mle19HandleAdvertisementERKNS_7MessageERKNS_3Ip611MessageInfoE)
                  0000a298    0000019c                           : mle.obj (.text:_ZN2ot3Mle3Mle25AppendAddressRegistrationERNS_7MessageE)
                  0000a434    00000198                           : dataset.obj (.text:_ZNK2ot7MeshCoP7Dataset18ApplyConfigurationERNS_8InstanceEPb)
                  0000a5cc    00000190     rf_multiMode_cc26x2.aem4f : RFCC26X2_multiMode.oem4f (.text:RF_scheduleCmd)
                  0000a75c    00000190     drivers_cc26x2.aem4f : PowerCC26X2_calibrateRCOSC.oem4f (.text:calibrateRcoscHf1)
                  0000a8ec    0000018c                          : PowerCC26X2_calibrateRCOSC.oem4f (.text:runCalibrateFsm)
                  0000aa78    00000188     libopenthread_mtd.lib : aes_ccm.obj (.text:_ZN2ot6Crypto6AesCcm4InitEjjhPKvh)
                  0000ac00    00000184     ecjpake_alt.obj (.text:mbedtls_ecjpake_write_round_two)
                  0000ad84    00000180     libmbedcrypto.lib : ssl_tls.obj (.text:mbedtls_ssl_set_hs_ecjpake_password)
                  0000af04    0000017e     libopenthread_mtd.lib : network_data.obj (.text:_ZN2ot11NetworkData11NetworkData19GetNextOnMeshPrefixEPjtP20otBorderRouterConfig)
                  0000b082    00000002     rtsv7M4_T_le_v4SPD16_eabi.lib : typeinfo.c.obj (.text:_ZN10__cxxabiv117__class_type_infoD1Ev)
                  0000b084    0000017c     libopenthread_mtd.lib : energy_scan_server.obj (.text:_ZN2ot16EnergyScanServer13HandleRequestERNS_4Coap6HeaderERNS_7MessageERKNS_3Ip611MessageInfoE)
                  0000b200    00000178     release_pem4f.oem4f (.text:xdc_runtime_System_printfExtend__I)
                  0000b378    00000174     nvoctp.obj (.text:NVOCTP_newItem$24)
                  0000b4ec    00000170     libopenthread_mtd.lib : coap.obj (.text:_ZN2ot4Coap8CoapBase11SendMessageERNS_7MessageERKNS_3Ip611MessageInfoEPFYvPvP12otCoapHeaderP9otMessagePK13otMessageInfo7otErrorES8_)
                  0000b65c    0000016c                           : mbedtls.obj (.text:_ZN33_INTERNAL_11_mbedtls_cpp_01b19df02ot6Crypto4FreeEPv$46)
                  0000b7c8    0000016c     libmbedcrypto.lib : ctr_drbg.obj (.text:block_cipher_df$94)
                  0000b934    00000164     drivers_cc26x2.aem4f : SHA2CC26X2.oem4f (.text:SHA2_addData)
                  0000ba98    00000164     libmbedcrypto.lib : ssl_tls.obj (.text:mbedtls_ssl_fetch_input)
                  0000bbfc    0000015e     libopenthread_mtd.lib : ip6.obj (.text:_ZN2ot3Ip63Ip615RemoveMplOptionERNS_7MessageE)
                  0000bd5a    00000002                           : dtls.obj (.text:_ZN2ot7MeshCoP4Dtls18HandleMbedtlsDebugEPviPKciS4_)
                  0000bd5c    0000015c     drivers_cc26x2.aem4f : UARTCC26XX.oem4f (.text:UARTCC26XX_open)
                  0000beb8    00000158     libopenthread_mtd.lib : coap.obj (.text:_ZN2ot4Coap8CoapBase25HandleRetransmissionTimerEv)
                  0000c010    00000154     drivers_cc26x2.aem4f : UARTCC26XX.oem4f (.text:UARTCC26XX_hwiIntFxn)
                  0000c164    00000152     libopenthread_mtd.lib : mle.obj (.text:_ZN2ot3Mle3Mle22SendChildUpdateRequestEv)
                  0000c2b6    00000002                           : key_manager.obj (.text:_ZNK2ot10KeyManager12GetMasterKeyEv)
                  0000c2b8    00000150     drivers_cc26x2.aem4f : PowerCC26X2.oem4f (.text:Power_init)
                  0000c408    0000014c                          : SHA2CC26X2.oem4f (.text:SHA2_finalize)
                  0000c554    0000014c     libopenthread_mtd.lib : joiner.obj (.text:_ZN2ot7MeshCoP6Joiner19HandleJoinerEntrustERNS_4Coap6HeaderERNS_7MessageERKNS_3Ip611MessageInfoE)
                  0000c6a0    0000013c     rf_multiMode_cc26x2.aem4f : RFCC26X2_multiMode.oem4f (.text:RF_dispatchNextCmd)
                  0000c7dc    0000013c     libopenthread_mtd.lib : energy_scan_server.obj (.text:_ZN2ot16EnergyScanServer10SendReportEv)
                  0000c918    0000013c     tempsensor.obj (.text:sendMessage$7)
                  0000ca54    00000138     nvoctp.obj (.text:NVOCTP_initNvApi$24)
                  0000cb8c    00000138     drivers_cc26x2.aem4f : NVSCC26XX.oem4f (.text:NVSCC26XX_write)
                  0000ccc4    00000138                          : UARTCC26XX.oem4f (.text:UARTCC26XX_read)
                  0000cdfc    00000134     nvoctp.obj (.text:NVOCTP_compactPage$24)
                  0000cf30    00000134     libopenthread_mtd.lib : panid_query_server.obj (.text:_ZN2ot16PanIdQueryServer12SendConflictEv)
                  0000d064    00000134     libmbedcrypto.lib : ssl_tls.obj (.text:ssl_handshake_init$103)
                  0000d198    00000130     libopenthread_mtd.lib : mac.obj (.text:_ZN2ot3Mac3MacC1ERNS_8InstanceE)
                  0000d2c8    00000130                           : joiner_api.obj (.text:otJoinerStart)
                  0000d3f8    00000130     libmbedcrypto.lib : ssl_tls.obj (.text:tls_prf_generic$103)
                  0000d528    0000012c     rf_multiMode_cc26x2.aem4f : RFCC26X2_multiMode.oem4f (.text:RF_init)
                  0000d654    0000012c     radio.obj (.text:handleTxState$16)
                  0000d780    0000012a     libopenthread_mtd.lib : slaac_address.obj (.text:_ZN2ot5Utils5Slaac15UpdateAddressesEP10otInstanceP14otNetifAddressjPF7otErrorS3_S5_PvES7_)
                  0000d8aa    00000002     rtsv7M4_T_le_v4SPD16_eabi.lib : _lock.c.obj (.text:_nop)
                  0000d8ac    00000128     rf_multiMode_cc26x2.aem4f : RFCC26X2_multiMode.oem4f (.text:RF_abortCmd)
                  0000d9d4    00000124     libopenthread_mtd.lib : panid_query_server.obj (.text:_ZN2ot16PanIdQueryServer11HandleQueryERNS_4Coap6HeaderERNS_7MessageERKNS_3Ip611MessageInfoE)
                  0000daf8    00000124                           : ip6_mpl.obj (.text:_ZN2ot3Ip63Mpl25HandleRetransmissionTimerERNS_5TimerE)
                  0000dc1c    00000120     rf_multiMode_cc26x2.aem4f : RFCC26X2_multiMode.oem4f (.text:RF_fsmSetupState)
                  0000dd3c    00000120     libopenthread_mtd.lib : aes_ccm.obj (.text:_ZN2ot6Crypto6AesCcm7PayloadEPvS2_jb)
                  0000de5c    0000011c                           : thread_netif.obj (.text:_ZN2ot11ThreadNetif11RouteLookupERKNS_3Ip67AddressES4_Ph)
                  0000df78    0000011c                           : announce_begin_server.obj (.text:_ZN2ot19AnnounceBeginServer13HandleRequestERNS_4Coap6HeaderERNS_7MessageERKNS_3Ip611MessageInfoE)
                  0000e094    0000011c                           : mle.obj (.text:_ZN2ot3Mle3Mle12SendAnnounceEhbRKNS_3Ip67AddressE)
                  0000e1b0    00000118     rf_multiMode_cc26x2.aem4f : RFCC26X2_multiMode.oem4f (.text:RF_decodeOverridePointers)
                  0000e2c8    00000110     drivers_cc26x2.aem4f : GPIOCC26XX.oem4f (.text:GPIO_setConfig)
                  0000e3d8    00000110                          : SHA2CC26X2.oem4f (.text:SHA2_hwiFxn)
                  0000e4e8    0000010e     libopenthread_mtd.lib : coap_header.obj (.text:_ZN2ot4Coap6Header12AppendOptionERKNS1_6OptionE)
                  0000e5f6    00000002     drivers_cc26x2.aem4f : PowerCC26X2.oem4f (.text:emptyClockFunc)
                  0000e5f8    00000108     nvoctp.obj (.text:NVOCTP_doNextApi$24)
                  0000e700    00000108     rf_multiMode_cc26x2.aem4f : RFCC26X2_multiMode.oem4f (.text:RF_fsmPowerUpState)
                  0000e808    00000104     drivers_cc26x2.aem4f : UARTCC26XX.oem4f (.text:UARTCC26XX_write)
                  0000e90c    00000104     libopenthread_mtd.lib : mesh_forwarder.obj (.text:_ZN2ot13MeshForwarderC1ERNS_8InstanceE)
                  0000ea10    00000104                           : dtls.obj (.text:_ZN2ot7MeshCoP4Dtls5CloseEv)
                  0000eb14    00000102                           : network_data_leader.obj (.text:_ZN2ot11NetworkData10LeaderBase19ExternalRouteLookupEhRKNS_3Ip67AddressEPhPt)
                  0000ec16    000000fc                           : mesh_forwarder.obj (.text:_ZN2ot13MeshForwarder14UpdateIp6RouteERNS_7MessageE)
                  0000ed12    00000002     drivers_cc26x2.aem4f : CryptoResourceCC26XX.oem4f (.text:errorSpin)
                  0000ed14    000000fc     libopenthread_mtd.lib : mle.obj (.text:_ZN2ot3Mle3Mle11BecomeChildENS0_10AttachModeE)
                  0000ee10    000000fc     libmbedcrypto.lib : ssl_tls.obj (.text:mbedtls_ssl_write_finished)
                  0000ef0c    000000fc     rtsv7M4_T_le_v4SPD16_eabi.lib : fd_mul_t2.asm.obj (.text)
                  0000f008    000000f8     drivers_cc26x2.aem4f : AESECBCC26XX.oem4f (.text:AESECB_startOperation)
                  0000f100    000000f8     libopenthread_mtd.lib : mle.obj (.text:_ZN2ot3Mle3Mle8DiscoverEjtbbPFvP18otActiveScanResultPvES4_)
                  0000f1f8    000000f8                           : joiner.obj (.text:_ZN2ot7MeshCoP6Joiner20HandleDiscoverResultEP18otActiveScanResult)
                  0000f2f0    000000f4     driverlib.lib : sys_ctrl.obj (.text:NOROM_SysCtrlStandby)
                  0000f3e4    000000f4     rom_sysbios.aem4f : rom_sysbios.obj (.text:pthread_create)
                  0000f4d8    000000f2     libopenthread_mtd.lib : coap.obj (.text:_ZN2ot4Coap8CoapBase22ProcessReceivedRequestERNS0_6HeaderERNS_7MessageERKNS_3Ip611MessageInfoE)
                  0000f5ca    000000f2                           : dataset_manager.obj (.text:_ZNK2ot7MeshCoP14DatasetManager15SendGetResponseERKNS_4Coap6HeaderERKNS_3Ip611MessageInfoEPhh)
                  0000f6bc    000000f0     rf_multiMode_cc26x2.aem4f : RFCC26X2_multiMode.oem4f (.text:RF_open)
                  0000f7ac    000000ee     libopenthread_mtd.lib : mle.obj (.text:_ZN2ot3Mle3Mle18SetMeshLocalPrefixERK17otMeshLocalPrefix)
                  0000f89a    00000002     drivers_cc26x2.aem4f : PKAResourceCC26XX.oem4f (.text:errorSpin)
                  0000f89c    000000ec     rom_sysbios.aem4f : rom_sysbios.obj (.text:timer_create)
                  0000f988    000000e8     libopenthread_mtd.lib : icmp6.obj (.text:_ZN2ot3Ip64Icmp17HandleEchoRequestERNS_7MessageERKNS0_11MessageInfoE)
                  0000fa70    000000e8                           : udp6.obj (.text:_ZN2ot3Ip69UdpSocket6SendToERNS_7MessageERKNS0_11MessageInfoE)
                  0000fb58    000000e4                           : coap.obj (.text:_ZN2ot4Coap14ResponsesQueue22GetMatchedResponseCopyERKNS0_6HeaderERKNS_3Ip611MessageInfoEPPNS_7MessageE)
                  0000fc3c    000000e4                           : dtls.obj (.text:_ZN2ot7MeshCoP4Dtls4SendERNS_7MessageEt)
                  0000fd20    000000e4     libmbedcrypto.lib : entropy.obj (.text:mbedtls_entropy_func)
                  0000fe04    000000e2     libopenthread_mtd.lib : mle.obj (.text:_ZN2ot3Mle3Mle7RestoreEv)
                  0000fee6    00000002     libmbedcrypto.lib : platform.obj (.text:platform_free_uninit$100)
                  0000fee8    000000e0     drivers_cc26x2.aem4f : PINCC26XX.oem4f (.text:PINCC26XX_setIoCfg)
                  0000ffc8    000000de     libopenthread_mtd.lib : message.obj (.text:_ZN2ot11MessagePool3NewEhth)
                  000100a6    000000de                           : mle.obj (.text:_ZN2ot3Mle3Mle15SendDataRequestERKNS_3Ip67AddressEPKhht)
                  00010184    000000da     rf_multiMode_cc26x2.aem4f : RFCC26X2_multiMode.oem4f (.text:RF_updatePaConfiguration)
                  0001025e    000000da     libopenthread_mtd.lib : ip6.obj (.text:_ZN2ot3Ip63Ip622ProcessReceiveCallbackERKNS_7MessageERKNS0_11MessageInfoEhb)
                  00010338    000000da     libmbedcrypto.lib : ssl_tls.obj (.text:mbedtls_ssl_dtls_replay_update)
                  00010412    00000002     radio.obj (.text:rfCoreErrorCallback$16)
                  00010414    000000d8     drivers_cc26x2.aem4f : GPIOCC26XX.oem4f (.text:GPIO_init)
                  000104ec    000000d8     driverlib.lib : setup.obj (.text:NOROM_SetupTrimDevice)
                  000105c4    000000d8                   : setup.obj (.text:TrimAfterColdResetWakeupFromShutDown$117)
                  0001069c    000000d8     libopenthread_mtd.lib : mle.obj (.text:_ZN2ot3Mle3Mle5StoreEv)
                  00010774    000000d8     ecjpake_alt.obj (.text:mbedtls_ecjpake_read_round_two)
                  0001084c    000000d8     rom_sysbios.aem4f : rom_sysbios.obj (.text:timer_settime)
                  00010924    000000d4     nvoctp.obj (.text:NVOCTP_readHeader$24)
                  000109f8    000000d4     rf_multiMode_cc26x2.aem4f : RFCC26X2_multiMode.oem4f (.text:RF_initRadioSetup)
                  00010acc    000000d4                               : RFCC26X2_multiMode.oem4f (.text:RF_swiHw)
                  00010ba0    000000d4     libopenthread_mtd.lib : data_poll_manager.obj (.text:_ZN2ot15DataPollManager12SendDataPollEv)
                  00010c74    000000d4                           : joiner.obj (.text:_ZN2ot7MeshCoP6Joiner11TryNextJoinEv)
                  00010d48    000000ce                           : dataset_manager.obj (.text:_ZN2ot7MeshCoP14DatasetManager3SetERKNS0_7DatasetE)
                  00010e16    00000002     rtsv7M4_T_le_v4SPD16_eabi.lib : div0.asm.obj (.text)
                  00010e18    000000cc     rf_multiMode_cc26x2.aem4f : RFCC26X2_multiMode.oem4f (.text:RF_hwiCpe0Active)
                  00010ee4    000000cc     libopenthread_mtd.lib : instance.obj (.text:_ZN2ot8Instance10InitSingleEv)
                  00010fb0    000000cc                           : mbedtls.obj (.text:_ZN33_INTERNAL_11_mbedtls_cpp_01b19df02ot6Crypto6CAllocEjj$46)
                  0001107c    000000cc     radio.obj (.text:otPlatRadioTransmit)
                  00011148    000000cc     radio.obj (.text:rfCommonCallback$16)
                  00011214    000000c8     drivers_cc26x2.aem4f : PowerCC26X2.oem4f (.text:Power_releaseDependency)
                  000112dc    000000c8     tiop_config.obj (.text:TIOP_init)
                  000113a4    000000c8     libopenthread_mtd.lib : coap_secure.obj (.text:_ZN2ot4Coap10CoapSecure7ReceiveERNS_7MessageERKNS_3Ip611MessageInfoE)
                  0001146c    000000c4     drivers_cc26x2.aem4f : PowerCC26X2.oem4f (.text:Power_setDependency)
                  00011530    000000c4     libopenthread_mtd.lib : coap.obj (.text:_ZN2ot4Coap14ResponsesQueue15EnqueueResponseERNS_7MessageERKNS_3Ip611MessageInfoE)
                  000115f4    000000c4                           : coap.obj (.text:_ZN2ot4Coap8CoapBase18SendHeaderResponseE10otCoapCodeRKNS0_6HeaderERKNS_3Ip611MessageInfoE)
                  000116b8    000000c4     ecjpake_alt.obj (.text:ecjpake_zkp_read$21)
                  0001177c    000000c4     random.obj (.text:getRandom$17)
                  00011840    000000c4     libopenthread_mtd.lib : ip6_api.obj (.text:otIp6AddressFromString)
                  00011904    000000c2                           : dataset_local.obj (.text:_ZNK2ot7MeshCoP12DatasetLocal3GetERNS0_7DatasetE)
                  000119c6    00000002     release_pem4f.oem4f (.text:ti_sysbios_BIOS_nullFunc__I)
                  000119c8    000000c0     drivers_cc26x2.aem4f : UARTCC26XX.oem4f (.text:UARTCC26XX_initIO)
                  00011a88    000000c0     libopenthread_mtd.lib : mac.obj (.text:_ZN2ot3Mac3Mac21ProcessTransmitAesCcmERNS0_5FrameEPKNS0_10ExtAddressE)
                  00011b48    000000c0                           : dtls.obj (.text:_ZN2ot7MeshCoP4DtlsC1ERNS_8InstanceE)
                  00011c08    000000c0     ecjpake_alt.obj (.text:ecjpake_hash$21)
                  00011cc8    000000c0     libmbedcrypto.lib : md.obj (.text:mbedtls_md_hmac_starts)
                  00011d88    000000c0                       : ssl_tls.obj (.text:mbedtls_ssl_parse_finished)
                  00011e48    000000bc     libopenthread_mtd.lib : dataset_manager.obj (.text:_ZN2ot7MeshCoP14DatasetManager8RegisterEv)
                  00011f04    000000bc     rom_sysbios.aem4f : rom_sysbios.obj (.text:clock_gettime)
                  00011fc0    000000ba     libopenthread_mtd.lib : lowpan.obj (.text:_ZN2ot6Lowpan6Lowpan17CompressSourceIidERKNS_3Mac7AddressERKNS_3Ip67AddressERKNS0_7ContextERtPh)
                  0001207a    000000ba                           : lowpan.obj (.text:_ZN2ot6Lowpan6Lowpan22CompressDestinationIidERKNS_3Mac7AddressERKNS_3Ip67AddressERKNS0_7ContextERtPh)
                  00012134    000000b8     drivers_cc26x2.aem4f : UARTCC26XX.oem4f (.text:UARTCC26XX_initHw)
                  000121ec    000000b4     dpl_cc26x2.aem4f : PowerCC26X2_tirtos.oem4f (.text:PowerCC26XX_standbyPolicy)
                  000122a0    000000b4     radio.obj (.text:otPlatRadioEnergyScan)
                  00012354    000000b2     libopenthread_mtd.lib : ip6.obj (.text:_ZN2ot3Ip63Ip612AddMplOptionERNS_7MessageERNS0_6HeaderE)
                  00012406    000000b2                           : ip6.obj (.text:_ZN2ot3Ip63Ip620AddTunneledMplOptionERNS_7MessageERNS0_6HeaderERNS0_11MessageInfoE)
                  000124b8    000000b2                           : mle.obj (.text:_ZN2ot3Mle3Mle18HandleStateChangedERNS_8Notifier8CallbackEj)
                  0001256a    00000002     release_pem4f.oem4f (.text:ti_sysbios_rom_cortexm_cc26xx_cc26x2v2_CC26xx_badRomRevision__E)
                  0001256c    000000b0     nvoctp.obj (.text:NVOCTP_findItem$24)
                  0001261c    000000b0     rf_multiMode_cc26x2.aem4f : RFCC26X2_multiMode.oem4f (.text:RF_corePowerDown)
                  000126cc    000000b0     libopenthread_mtd.lib : thread_netif.obj (.text:_ZN2ot11ThreadNetifC1ERNS_8InstanceE)
                  0001277c    000000b0     radio.obj (.text:populateReceiveFrame$16)
                  0001282c    000000ac     drivers_cc26x2.aem4f : PINCC26XX.oem4f (.text:PIN_open)
                  000128d8    000000ac     libopenthread_mtd.lib : mle.obj (.text:_ZN2ot3Mle3Mle13SetStateChildEt)
                  00012984    000000ac                           : mle.obj (.text:_ZN2ot3Mle3Mle30HandleMessageTransmissionTimerERNS_5TimerE)
                  00012a30    000000ac     tempsensor.obj (.text:coapHandleServer$7)
                  00012adc    000000ac     libmbedcrypto.lib : ssl_tls.obj (.text:mbedtls_ssl_dtls_replay_check)
                  00012b88    000000a8     libopenthread_mtd.lib : network_data_leader.obj (.text:_ZN2ot11NetworkData10LeaderBase10GetContextERKNS_3Ip67AddressERNS_6Lowpan7ContextE)
                  00012c30    000000a8                           : coap.obj (.text:_ZN2ot4Coap8CoapBase4StopEv)
                  00012cd8    000000a8     settings.obj (.text:otPlatSettingsGet)
                  00012d80    000000a6     libopenthread_mtd.lib : message.obj (.text:_ZN2ot7Message5WriteEttPKv)
                  00012e26    00000002     rom_sysbios.aem4f : rom_sysbios.obj (.text:xdc_runtime_SysCallback_defaultAbort)
                  00012e28    000000a5     libopenthread_mtd.lib : dataset_manager.obj (.text:_ZNK2ot7MeshCoP14DatasetManager3GetERKNS_4Coap6HeaderERKNS_7MessageERKNS_3Ip611MessageInfoE)
                  00012ecd    00000001     --HOLE-- [fill = 0]
                  00012ece    00000002     rom_sysbios.aem4f : rom_sysbios.obj (.text:xdc_runtime_SysCallback_defaultExit)
                  00012ed0    000000a4     nvoctp.obj (.text:NVOCTP_checkItem$24)
                  00012f74    000000a4     libopenthread_mtd.lib : mle.obj (.text:_ZN2ot3Mle3Mle17SendParentRequestENS1_17ParentRequestTypeE)
                  00013018    000000a4                           : coap_secure.obj (.text:_ZN2ot4Coap10CoapSecure14HandleDtlsSendEPvPKhth)
                  000130bc    000000a4                           : coap_header.obj (.text:_ZN2ot4Coap6Header13GetNextOptionEv)
                  00013160    000000a4                           : ip6_filter.obj (.text:_ZNK2ot3Ip66Filter6AcceptERNS_7MessageE)
                  00013204    000000a4     libmbedcrypto.lib : ssl_tls.obj (.text:mbedtls_ssl_flush_output)
                  000132a8    000000a0     drivers_cc26x2.aem4f : UARTCC26XX.oem4f (.text:UARTCC26XX_writeCancel)
                  00013348    000000a0     libopenthread_mtd.lib : timer.obj (.text:_ZN2ot10TimerMilli7StartAtEjj)
                  000133e8    000000a0                           : mac.obj (.text:_ZN2ot3Mac3Mac16PerformOperationEv)
                  00013488    000000a0                           : message.obj (.text:_ZNK2ot7Message4ReadEttPv)
                  00013528    000000a0     auto_init.aem4f : auto_init.oem4f (.text)
                  000135c8    000000a0     libmbedcrypto.lib : ssl_tls.obj (.text:mbedtls_ssl_parse_change_cipher_spec)
                  00013668    000000a0     rom_sysbios.aem4f : rom_sysbios.obj (.text:ti_sysbios_knl_Task_setPri__E)
                  00013708    0000009e     libopenthread_mtd.lib : mac_frame.obj (.text:_ZN2ot3Mac5Frame13InitMacHeaderEth)
                  000137a6    0000009e                           : mac_frame.obj (.text:_ZNK2ot3Mac5Frame16FindPayloadIndexEv)
                  00013844    0000009c     drivers_cc26x2.aem4f : ECJPAKECC26X2.oem4f (.text:ECJPAKECC26X2_hwiFxn)
                  000138e0    0000009c                          : UARTCC26XX.oem4f (.text:UARTCC26XX_swiIntFxn)
                  0001397c    0000009c     rtsv7M4_T_le_v4SPD16_eabi.lib : memcpy_t2.asm.obj (.text)
                  00013a18    00000096     libopenthread_mtd.lib : mac.obj (.text:_ZN2ot3Mac3Mac17PerformEnergyScanEv)
                  00013aae    00000096                           : mle.obj (.text:_ZN2ot3Mle3Mle26HandleDelayedResponseTimerEv)
                  00013b44    00000096     libmbedcrypto.lib : ctr_drbg.obj (.text:mbedtls_ctr_drbg_random_with_add)
                  00013bda    00000096     rtsv7M4_T_le_v4SPD16_eabi.lib : ull_div_t2.asm.obj (.text)
                  00013c70    00000092     libmbedcrypto.lib : ssl_tls.obj (.text:mbedtls_ssl_resend)
                  00013d02    00000002     rom_sysbios.aem4f : rom_sysbios.obj (.text:xdc_runtime_SysCallback_defaultFlush)
                  00013d04    00000090     CC26X2R1_LAUNCHXL_fxns.obj (.text:CC26X2R1_LAUNCHXL_shutDownExtFlash)
                  00013d94    00000090     rf_multiMode_cc26x2.aem4f : RFCC26X2_multiMode.oem4f (.text:RF_discardPendCmd)
                  00013e24    00000090                               : RFCC26X2_multiMode.oem4f (.text:RF_radioOpDoneCb)
                  00013eb4    00000090     libopenthread_mtd.lib : mle.obj (.text:_ZN2ot3Mle3Mle20PrepareAnnounceStateEv)
                  00013f44    00000090                           : message.obj (.text:_ZN2ot7Message9SetLengthEt)
                  00013fd4    00000090     otstack.obj (.text:handleNetifStateChanged)
                  00014064    00000090     drivers_cc26x2.aem4f : UARTCC26XX.oem4f (.text:writeTxFifoFlush)
                  000140f4    0000008e     libmbedcrypto.lib : entropy.obj (.text:entropy_gather_internal$97)
                  00014182    0000008e     libopenthread_mtd.lib : ip6_api.obj (.text:otIp6AddUnicastAddress)
                  00014210    0000008c                           : mac.obj (.text:_ZN2ot3Mac3Mac16StartCsmaBackoffEv)
                  0001429c    0000008c                           : mle.obj (.text:_ZN2ot3Mle3Mle18SendOrphanAnnounceEv)
                  00014328    0000008c                           : coap.obj (.text:_ZN2ot4Coap12CoapMetadataC1EbRKNS_3Ip611MessageInfoEPFYvPvP12otCoapHeaderP9otMessagePK13otMessageInfo7otErrorES6_)
                  000143b4    0000008c                           : aes_ccm.obj (.text:_ZN2ot6Crypto6AesCcm6HeaderEPKvj)
                  00014440    0000008c     ecjpake_alt.obj (.text:mbedtls_ecjpake_derive_secret)
                  000144cc    0000008c     rom_sysbios.aem4f : rom_sysbios.obj (.text:ti_sysbios_gates_GateMutexPri_enter__E)
                  00014558    0000008a     libopenthread_mtd.lib : timestamp.obj (.text:_ZNK2ot7MeshCoP9Timestamp7CompareERKS1_)
                  000145e2    00000002     rom_sysbios.aem4f : rom_sysbios.obj (.text:xdc_runtime_SysCallback_defaultPutch)
                  000145e4    00000088     driverlib.lib : osc.obj (.text:NOROM_OSCHF_AttemptToSwitchToXosc)
                  0001466c    00000088     rf_multiMode_cc26x2.aem4f : RFCC26X2_multiMode.oem4f (.text:RF_ratFreeChannel)
                  000146f4    00000088     rom_sysbios.aem4f : rom_sysbios.obj (.text:_pthread_removeThreadKeys)
                  0001477c    00000088     drivers_cc26x2.aem4f : PowerCC26X2_calibrateRCOSC.oem4f (.text:calibrateRcoscHf2)
                  00014804    00000088                          : PowerCC26X2.oem4f (.text:disableLFClockQualifiers)
                  0001488c    00000088     libmbedcrypto.lib : ssl_tls.obj (.text:ssl_calc_finished_tls_sha256$103)
                  00014914    00000088     drivers_cc26x2.aem4f : PowerCC26X2_calibrateRCOSC.oem4f (.text:updateSubSecInc)
                  0001499c    00000086     rtsv7M4_T_le_v4SPD16_eabi.lib : fd_cmp_t2.asm.obj (.text:__aeabi_cdcmple)
                  00014a22    00000086                                   : fd_cmp_t2.asm.obj (.text:__aeabi_cdrcmple)
                  00014aa8    00000084     drivers_cc26x2.aem4f : ECJPAKECC26X2.oem4f (.text:ECJPAKE_generateZKP)
                  00014b2c    00000084                          : SHA2CC26X2.oem4f (.text:SHA2_cancelOperation)
                  00014bb0    00000084                          : UARTCC26XX.oem4f (.text:UARTCC26XX_close)
                  00014c34    00000084     libmbedcrypto.lib : ecp_curves.obj (.text:mbedtls_ecp_group_load)
                  00014cb8    00000084     rom_sysbios.aem4f : rom_sysbios.obj (.text:pthread_mutex_init)
                  00014d3c    00000082     libopenthread_mtd.lib : link_quality.obj (.text:_ZN2ot11RssAverager3AddEa)
                  00014dbe    00000082                           : lowpan.obj (.text:_ZN2ot6Lowpan6Lowpan10ComputeIidERKNS_3Mac7AddressERKNS0_7ContextERNS_3Ip67AddressE)
                  00014e40    00000080     drivers_cc26x2.aem4f : ECJPAKECC26X2.oem4f (.text:ECJPAKE_computeSharedSecret)
                  00014ec0    00000080                          : ECJPAKECC26X2.oem4f (.text:ECJPAKE_roundTwoGenerateKeys)
                  00014f40    00000080     nvoctp.obj (.text:NVOCTP_writeItemApi$24)
                  00014fc0    00000080     drivers_cc26x2.aem4f : NVSCC26XX.oem4f (.text:NVSCC26XX_open)
                  00015040    00000080     rf_multiMode_cc26x2.aem4f : RFCC26X2_multiMode.oem4f (.text:RF_yield)
                  000150c0    00000080     libopenthread_mtd.lib : dataset_manager.obj (.text:_ZN2ot7MeshCoP14DatasetManager7RestoreEv)
                  00015140    00000080                           : dataset_manager.obj (.text:_ZN2ot7MeshCoP14PendingDataset16HandleDelayTimerEv)
                  000151c0    00000080     libmbedcrypto.lib : ctr_drbg.obj (.text:ctr_drbg_update_internal$94)
                  00015240    00000080     rom_sysbios.aem4f : rom_sysbios.obj (.text:ti_sysbios_family_arm_cc26xx_Timer_start__E)
                  000152c0    0000007e     rf_multiMode_cc26x2.aem4f : RFCC26X2_multiMode.oem4f (.text:RF_verifyGap)
                  0001533e    0000007e     libopenthread_mtd.lib : mle.obj (.text:_ZN2ot3Mle3Mle5StartEbb)
                  000153bc    0000007e                           : message.obj (.text:_ZNK2ot7Message5CloneEt)
                  0001543a    00000002     --HOLE-- [fill = 0]
                  0001543c    0000007c     drivers_cc26x2.aem4f : ECJPAKECC26X2.oem4f (.text:ECJPAKE_verifyZKP)
                  000154b8    0000007c     libopenthread_mtd.lib : data_poll_manager.obj (.text:_ZN2ot15DataPollManager16ScheduleNextPollENS0_18PollPeriodSelectorE)
                  00015534    0000007c                           : mle.obj (.text:_ZN2ot3Mle3Mle22AppendPendingTimestampERNS_7MessageE)
                  000155b0    0000007c                           : joiner.obj (.text:_ZN2ot7MeshCoP6Joiner25SendJoinerEntrustResponseERKNS_4Coap6HeaderERKNS_3Ip611MessageInfoE)
                  0001562c    0000007c                           : message.obj (.text:_ZNK2ot7Message14UpdateChecksumEttt)
                  000156a8    0000007c     drivers_cc26x2.aem4f : PowerCC26X2.oem4f (.text:configureXOSCHF)
                  00015724    0000007c     radio.obj (.text:otPlatRadioReceive)
                  000157a0    0000007a     libopenthread_mtd.lib : message.obj (.text:_ZN2ot11MessagePool14ReclaimBuffersEih)
                  0001581a    0000007a                           : announce_begin_server.obj (.text:_ZN2ot19AnnounceBeginServer11HandleTimerERNS_5TimerE)
                  00015894    0000007a     rtsv7M4_T_le_v4SPD16_eabi.lib : memset_t2.asm.obj (.text)
                  0001590e    00000002     --HOLE-- [fill = 0]
                  00015910    00000078     drivers_cc26x2.aem4f : ECJPAKECC26X2.oem4f (.text:ECJPAKE_roundOneGenerateKeys)
                  00015988    00000078     otstack.obj (.text:OtStack_taskCreate)
                  00015a00    00000078     rf_multiMode_cc26x2.aem4f : RFCC26X2_multiMode.oem4f (.text:RF_ratDispatchTime)
                  00015a78    00000078     libopenthread_diag_mtd.lib : diag_process.obj (.text:_ZN2ot11Diagnostics4Diag15DiagReceiveDoneEP10otInstanceP12otRadioFrame7otError)
                  00015af0    00000078     libopenthread_mtd.lib : network_data_leader.obj (.text:_ZN2ot11NetworkData10LeaderBase10GetContextEhRNS_6Lowpan7ContextE)
                  00015b68    00000078                           : joiner.obj (.text:_ZN2ot7MeshCoP6Joiner8CompleteE7otError)
                  00015be0    00000078     libmbedcrypto.lib : cipher.obj (.text:mbedtls_cipher_update)
                  00015c58    00000078                       : bignum.obj (.text:mbedtls_mpi_cmp_abs)
                  00015cd0    00000076     libopenthread_mtd.lib : tlvs.obj (.text:_ZN2ot3Tlv9GetOffsetERKNS_7MessageEhRt)
                  00015d46    00000076     libmbedcrypto.lib : ctr_drbg.obj (.text:mbedtls_ctr_drbg_reseed)
                  00015dbc    00000074     drivers_cc26x2.aem4f : PowerCC26X2_calibrateRCOSC.oem4f (.text:PowerCC26X2_auxISR)
                  00015e30    00000074     rf_multiMode_cc26x2.aem4f : RFCC26X2_multiMode.oem4f (.text:RF_issueRadioFreeCb)
                  00015ea4    00000074                               : RFCC26X2_multiMode.oem4f (.text:RF_setInactivityTimeout)
                  00015f18    00000074     ecjpake_alt.obj (.text:mbedtls_ecjpake_read_round_one)
                  00015f8c    00000074     rom_sysbios.aem4f : rom_sysbios.obj (.text:ti_sysbios_gates_GateMutexPri_leave__E)
                  00016000    00000072     rf_multiMode_cc26x2.aem4f : RFCC26X2_multiMode.oem4f (.text:RF_detachOverrides)
                  00016072    00000072     libopenthread_mtd.lib : mle.obj (.text:_ZN2ot3Mle3Mle16SetStateDetachedEv)
                  000160e4    00000072                           : mle.obj (.text:_ZN2ot3Mle3Mle7SetRoleE12otDeviceRole)
                  00016156    00000072                           : dataset_manager.obj (.text:_ZN2ot7MeshCoP14DatasetManager11HandleTimerEv)
                  000161c8    00000072                           : message.obj (.text:_ZN2ot7Message7PrependEPKvt)
                  0001623a    00000070     driverlib.lib : rfc.obj (.text:NOROM_RFCAnaDivTxOverride)
                  000162aa    00000002     --HOLE-- [fill = 0]
                  000162ac    00000070     drivers_cc26x2.aem4f : PINCC26XX.oem4f (.text:PIN_add)
                  0001631c    00000070     rf_multiMode_cc26x2.aem4f : RFCC26X2_multiMode.oem4f (.text:RF_hwiHw)
                  0001638c    00000070     libopenthread_mtd.lib : energy_scan_server.obj (.text:_ZN2ot16EnergyScanServerC1ERNS_8InstanceE)
                  000163fc    00000070     libmbedcrypto.lib : bignum.obj (.text:mbedtls_mpi_sub_abs)
                  0001646c    00000070     settings.obj (.text:otPlatSettingsSet)
                  000164dc    0000006e     rf_multiMode_cc26x2.aem4f : RFCC26X2_multiMode.oem4f (.text:RF_attachOverrides)
                  0001654a    0000006e     libopenthread_mtd.lib : key_manager.obj (.text:_ZN2ot10KeyManager21SetCurrentKeySequenceEj)
                  000165b8    0000006d     rom_sysbios.aem4f : rom_sysbios.obj (.text:xdc_runtime_System_formatNum__I)
                  00016625    00000003     --HOLE-- [fill = 0]
                  00016628    0000006c     drivers_cc26x2.aem4f : UARTCC26XX.oem4f (.text:UARTCC26XX_readCancel)
                  00016694    0000006c     libopenthread_mtd.lib : mle.obj (.text:_ZN2ot3Mle3Mle13SetLeaderDataEjhh)
                  00016700    0000006c                           : coap.obj (.text:_ZN2ot4Coap8CoapBase16SendEmptyMessageE10otCoapTypeRKNS0_6HeaderERKNS_3Ip611MessageInfoE)
                  0001676c    0000006c                           : dataset.obj (.text:_ZN2ot7MeshCoP7Dataset3SetERKNS0_3TlvE)
                  000167d8    0000006c     libmbedcrypto.lib : entropy.obj (.text:entropy_update$97)
                  00016844    0000006c                       : bignum.obj (.text:mbedtls_mpi_copy)
                  000168b0    0000006c     radio.obj (.text:processRxQueue$16)
                  0001691c    0000006a     rf_multiMode_cc26x2.aem4f : RFCC26X2_multiMode.oem4f (.text:RF_howToSchedule)
                  00016986    0000006a     libopenthread_mtd.lib : network_data_leader.obj (.text:_ZN2ot11NetworkData10LeaderBase14SetNetworkDataEhhbRKNS_7MessageEt)
                  000169f0    0000006a                           : mesh_forwarder.obj (.text:_ZN2ot13MeshForwarder21HandleReassemblyTimerERNS_5TimerE)
                  00016a5a    0000006a                           : instance.obj (.text:_ZN2ot8InstanceC1Ev)
                  00016ac4    00000068     rf_multiMode_cc26x2.aem4f : RFCC26X2_multiMode.oem4f (.text:RF_getCurrentTime)
                  00016b2c    00000068     libopenthread_mtd.lib : key_manager.obj (.text:_ZN2ot10KeyManager12SetMasterKeyERK11otMasterKey)
                  00016b94    00000068                           : message.obj (.text:_ZN2ot12MessageQueue7DequeueERNS_7MessageE)
                  00016bfc    00000068                           : mesh_forwarder.obj (.text:_ZN2ot13MeshForwarder22HandleDiscoverCompleteEv)
                  00016c64    00000068                           : mesh_forwarder.obj (.text:_ZN2ot13MeshForwarder24GetMacDestinationAddressERKNS_3Ip67AddressERNS_3Mac7AddressE)
                  00016ccc    00000068     rtsv7M4_T_le_v4SPD16_eabi.lib : copy_decompress_lzss.c.obj (.text:decompress:lzss:__TI_decompress_lzss)
                  00016d34    00000068     ecjpake_alt.obj (.text:ecjpake_k_zkp_read$21)
                  00016d9c    00000068     random.obj (.text:fillRandomPool$17)
                  00016e04    00000068     libmbedcrypto.lib : ecp.obj (.text:mbedtls_ecp_group_free)
                  00016e6c    00000068     alarm.obj (.text:otPlatAlarmMilliStartAt)
                  00016ed4    00000064     drivers_cc26x2.aem4f : CryptoResourceCC26XX.oem4f (.text:CryptoResourceCC26XX_constructRTOSObjects)
                  00016f38    00000064                          : ECJPAKECC26X2.oem4f (.text:ECJPAKE_open)
                  00016f9c    00000064     keys_utils.obj (.text:KeysUtils_initialize)
                  00017000    00000064     driverlib.lib : osc.obj (.text:NOROM_OSCHF_SwitchToRcOscTurnOffXosc)
                  00017064    00000064     drivers_cc26x2.aem4f : PKAResourceCC26XX.oem4f (.text:PKAResourceCC26XX_constructRTOSObjects)
                  000170c8    00000064                          : UARTCC26XX.oem4f (.text:UARTCC26XX_control)
                  0001712c    00000064     libmbedcrypto.lib : ssl_tls.obj (.text:mbedtls_ssl_handshake_free)
                  00017190    00000064     radio.obj (.text:otPlatRadioSetExtendedAddress)
                  000171f4    00000064     libmbedcrypto.lib : ssl_tls.obj (.text:ssl_swap_epochs$103)
                  00017258    00000062     libopenthread_mtd.lib : mesh_forwarder.obj (.text:_ZN2ot13MeshForwarder19HandleDiscoverTimerERNS_5TimerE)
                  000172ba    00000002     --HOLE-- [fill = 0]
                  000172bc    00000060     drivers_cc26x2.aem4f : AESECBCC26XX.oem4f (.text:AESECB_hwiFxn)
                  0001731c    00000060                          : AESECBCC26XX.oem4f (.text:AESECB_open)
                  0001737c    00000060                          : AESECBCC26XX.oem4f (.text:AESECB_waitForResult)
                  000173dc    00000060                          : GPIOCC26XX.oem4f (.text:GPIO_write)
                  0001743c    00000060     nvoctp.obj (.text:NVOCTP_copyItem$24)
                  0001749c    00000060     nvoctp.obj (.text:NVOCTP_readItemApi$24)
                  000174fc    00000060     rf_multiMode_cc26x2.aem4f : RFCC26X2_multiMode.oem4f (.text:RF_applyRfCorePatch)
                  0001755c    00000060                               : RFCC26X2_multiMode.oem4f (.text:RF_dispatchNextEvent)
                  000175bc    00000060                               : RFCC26X2_multiMode.oem4f (.text:RF_ratArmChannel)
                  0001761c    00000060     libopenthread_mtd.lib : netif.obj (.text:_ZN2ot3Ip65Netif28UnsubscribeExternalMulticastERKNS0_7AddressE)
                  0001767c    00000060                           : mac.obj (.text:_ZN2ot3Mac3Mac10RadioSleepEv)
                  000176dc    00000060                           : coap.obj (.text:_ZN2ot4Coap14ResponsesQueue11HandleTimerEv)
                  0001773c    00000060                           : dataset_manager.obj (.text:_ZN2ot7MeshCoP14PendingDatasetC1ERNS_8InstanceE)
                  0001779c    00000060                           : joiner.obj (.text:_ZN2ot7MeshCoP6JoinerC1ERNS_8InstanceE)
                  000177fc    00000060     ecjpake_alt.obj (.text:ecjpake_write_len_point$21)
                  0001785c    00000060     libmbedcrypto.lib : md.obj (.text:mbedtls_md_hmac_finish)
                  000178bc    00000060                       : ssl_tls.obj (.text:mbedtls_ssl_handshake_wrapup)
                  0001791c    00000060     rom_sysbios.aem4f : rom_sysbios.obj (.text:pthread_mutex_unlock)
                  0001797c    0000005e     libopenthread_mtd.lib : netif.obj (.text:_ZN2ot3Ip65Netif28RemoveExternalUnicastAddressERKNS0_7AddressE)
                  000179da    0000005e                           : mle.obj (.text:_ZN2ot3Mle3Mle18AddDelayedResponseERNS_7MessageERKNS_3Ip67AddressEt)
                  00017a38    0000005c     display.aem4f : Display.oem4f (.text:Display_doOpen)
                  00017a94    0000005c     nvoctp.obj (.text:NVOCTP_createItemApi$24)
                  00017af0    0000005c     nvoctp.obj (.text:NVOCTP_readItem$24)
                  00017b4c    0000005c     drivers_cc26x2.aem4f : PINCC26XX.oem4f (.text:PIN_remove)
                  00017ba8    0000005c     rf_multiMode_cc26x2.aem4f : RFCC26X2_multiMode.oem4f (.text:RF_fsmXOSCState)
                  00017c04    0000005c                               : RFCC26X2_multiMode.oem4f (.text:RF_hwiCpe0PowerFsm)
                  00017c60    0000005c     libopenthread_mtd.lib : mac.obj (.text:_ZN2ot3Mac3Mac14SetNetworkNameEPKch)
                  00017cbc    0000005c                           : mle.obj (.text:_ZN2ot3Mle3Mle11GetNeighborERKNS_3Mac10ExtAddressE)
                  00017d18    0000005c                           : coap_secure.obj (.text:_ZN2ot4Coap10CoapSecureC1ERNS_8InstanceE)
                  00017d74    0000005c                           : dataset_manager.obj (.text:_ZN2ot7MeshCoP14PendingDataset15StartDelayTimerEv)
                  00017dd0    0000005c     drivers_cc26x2.aem4f : NVSCC26XX.oem4f (.text:doErase)
                  00017e2c    0000005c     libmbedcrypto.lib : bignum.obj (.text:mbedtls_mpi_grow)
                  00017e88    0000005c     ecjpake_alt.obj (.text:read_tls_point$21)
                  00017ee4    0000005c     tempsensor.obj (.text:startReportingTimer$7)
                  00017f40    0000005c     rom_sysbios.aem4f : rom_sysbios.obj (.text:ti_sysbios_heaps_HeapMem_initPrimary__I)
                  00017f9c    0000005c     release_pem4f.oem4f (.text:xdc_runtime_Startup_getState__I)
                  00017ff8    0000005a     libopenthread_mtd.lib : heap.obj (.text:_ZN2ot5Utils4HeapC1Ev)
                  00018052    0000005a     rom_sysbios.aem4f : rom_sysbios.obj (.text:pthread_cancel)
                  000180ac    00000058     nvoctp.obj (.text:NVOCTP_doNVCRC$24)
                  00018104    00000058     drivers_cc26x2.aem4f : PowerCC26X2_calibrateRCOSC.oem4f (.text:PowerCC26X2_initiateCalibration)
                  0001815c    00000058     rf_multiMode_cc26x2.aem4f : RFCC26X2_multiMode.oem4f (.text:RF_TxPowerTable_findValue)
                  000181b4    00000058                               : RFCC26X2_multiMode.oem4f (.text:RF_cmdDispatchTime)
                  0001820c    00000058     drivers_cc26x2.aem4f : SHA2CC26X2.oem4f (.text:SHA2CC26X2_construct)
                  00018264    00000058     tempsensor.obj (.text:TempSensor_taskCreate)
                  000182bc    00000058     libopenthread_mtd.lib : key_manager.obj (.text:_ZN2ot10KeyManager10ComputeKeyEjPh)
                  00018314    00000058                           : key_manager.obj (.text:_ZN2ot10KeyManagerC1ERNS_8InstanceE)
                  0001836c    00000058     boot.aem4f : boot.oem4f (.text)
                  000183c4    00000058     libmbedcrypto.lib : cipher_wrap.obj (.text:ccm_aes_setkey_wrap$106)
                  0001841c    00000058     radio.obj (.text:otPlatRadioEnable)
                  00018474    00000058     radio.obj (.text:otPlatRadioSetPanId)
                  000184cc    00000058     radio.obj (.text:otPlatRadioSetShortAddress)
                  00018524    00000058     rom_sysbios.aem4f : rom_sysbios.obj (.text:pthread_exit)
                  0001857c    00000056     libopenthread_mtd.lib : mac.obj (.text:_ZN2ot3Mac3Mac14StartOperationENS1_9OperationE)
                  000185d2    00000056                           : mle.obj (.text:_ZN2ot3Mle3Mle14BecomeDetachedEv)
                  00018628    00000056                           : lowpan.obj (.text:_ZN2ot6Lowpan6Lowpan11CopyContextERKNS0_7ContextERNS_3Ip67AddressE)
                  0001867e    00000002     --HOLE-- [fill = 0]
                  00018680    00000054     nvoctp.obj (.text:NVOCTP_deleteItemApi$24)
                  000186d4    00000054     drivers_cc26x2.aem4f : NVSCC26XX.oem4f (.text:NVSCC26XX_init)
                  00018728    00000054     libopenthread_mtd.lib : message.obj (.text:_ZN2ot12MessageQueue7EnqueueERNS_7MessageENS0_13QueuePositionE)
                  0001877c    00000054                           : ip6_headers.obj (.text:_ZN2ot3Ip66Header4InitERKNS_7MessageE)
                  000187d0    00000054                           : mac.obj (.text:_ZN2ot3Mac3Mac13SetPanChannelEh)
                  00018824    00000054                           : dtls.obj (.text:_ZN2ot7MeshCoP4Dtls23HandleMbedtlsExportKeysEPKhS3_jjj)
                  00018878    00000054                           : mac_frame.obj (.text:_ZNK2ot3Mac5Frame10GetDstAddrERNS0_7AddressE)
                  000188cc    00000054                           : mac_frame.obj (.text:_ZNK2ot3Mac5Frame10GetSrcAddrERNS0_7AddressE)
                  00018920    00000054     libmbedcrypto.lib : ctr_drbg.obj (.text:mbedtls_ctr_drbg_seed_entropy_len)
                  00018974    00000054     drivers_cc26x2.aem4f : GPIOCC26XX.oem4f (.text:powerPostNotify)
                  000189c8    00000054     rom_sysbios.aem4f : rom_sysbios.obj (.text:timer_gettime)
                  00018a1c    00000052     rf_multiMode_cc26x2.aem4f : RFCC26X2_multiMode.oem4f (.text:RF_defaultSubmitPolicy)
                  00018a6e    00000052     libopenthread_mtd.lib : joiner.obj (.text:_ZN2ot7MeshCoP6Joiner11HandleTimerERNS_5TimerE)
                  00018ac0    00000050     dpl_cc26x2.aem4f : ClockP_tirtos.oem4f (.text:ClockP_construct)
                  00018b10    00000050     drivers_cc26x2.aem4f : GPIOCC26XX.oem4f (.text:GPIO_enableInt)
                  00018b60    00000050     nvoctp.obj (.text:NVOCTP_findOffset$24)
                  00018bb0    00000050     rf_multiMode_cc26x2.aem4f : RFCC26X2_multiMode.oem4f (.text:RF_wakeupNotification)
                  00018c00    00000050     libopenthread_mtd.lib : mesh_forwarder.obj (.text:_ZN2ot13MeshForwarder15SetRxOnWhenIdleEb)
                  00018c50    00000050                           : ip6_mpl.obj (.text:_ZN2ot3Ip63Mpl10InitOptionERNS0_9OptionMplERKNS0_7AddressE)
                  00018ca0    00000050                           : mac_frame.obj (.text:_ZN2ot3Mac5Frame10SetDstAddrERKNS0_7AddressE)
                  00018cf0    00000050                           : coap.obj (.text:_ZN2ot4Coap8CoapBaseC1ERNS_8InstanceEPFvRNS_5TimerEES7_)
                  00018d40    00000050                           : dataset_manager.obj (.text:_ZN2ot7MeshCoP13ActiveDatasetC1ERNS_8InstanceE)
                  00018d90    00000050                           : mac_frame.obj (.text:_ZNK2ot3Mac5Frame23FindSecurityHeaderIndexEv)
                  00018de0    00000050     libmbedcrypto.lib : bignum.obj (.text:mbedtls_mpi_bitlen)
                  00018e30    0000004e     libopenthread_mtd.lib : thread_netif.obj (.text:_ZN2ot11ThreadNetif12IsTmfMessageERKNS_3Ip611MessageInfoE)
                  00018e7e    0000004e                           : message.obj (.text:_ZN2ot13PriorityQueue14RemoveFromListEhRNS_7MessageE)
                  00018ecc    0000004e                           : announce_begin_server.obj (.text:_ZN2ot19AnnounceBeginServer12SendAnnounceEjht)
                  00018f1a    0000004e                           : mac.obj (.text:_ZN2ot3Mac3Mac14HandleMacTimerERNS_5TimerE)
                  00018f68    0000004e                           : mle.obj (.text:_ZN2ot3Mle3Mle21AppendActiveTimestampERNS_7MessageE)
                  00018fb6    0000004e                           : mle.obj (.text:_ZN2ot3Mle3Mle32ScheduleMessageTransmissionTimerEv)
                  00019004    0000004e                           : dataset_manager.obj (.text:_ZN2ot7MeshCoP14DatasetManager5ClearEv)
                  00019052    00000002     --HOLE-- [fill = 0]
                  00019054    0000004c     driverlib.lib : chipinfo.obj (.text:NOROM_ChipInfo_GetChipType)
                  000190a0    0000004c     nvoctp.obj (.text:NVOCTP_write$24)
                  000190ec    0000004c     rf_multiMode_cc26x2.aem4f : RFCC26X2_multiMode.oem4f (.text:RF_ratRestartChannels)
                  00019138    0000004c     libopenthread_mtd.lib : ip6.obj (.text:_ZN2ot3Ip63Ip6C1ERNS_8InstanceE)
                  00019184    0000004c                           : aes_ccm.obj (.text:_ZN2ot6Crypto6AesCcm8FinalizeEPvPh)
                  000191d0    0000004c                           : dtls.obj (.text:_ZN2ot7MeshCoP4Dtls20HandleMbedtlsReceiveEPvPhj)
                  0001921c    0000004c                           : joiner.obj (.text:_ZN2ot7MeshCoP6Joiner28HandleJoinerFinalizeResponseEPvP12otCoapHeaderP9otMessagePK13otMessageInfo7otError)
                  00019268    0000004c                           : settings.obj (.text:_ZN2ot8Settings4WipeEv)
                  000192b4    0000004c                           : meshcop_tlvs.obj (.text:_ZNK2ot7MeshCoP14ChannelMaskTlv13GetMask0EntryEv)
                  00019300    0000004c                           : message.obj (.text:_ZNK2ot7Message6CopyToEtttRS0_)
                  0001934c    0000004c     rtsv7M4_T_le_v4SPD16_eabi.lib : cpy_tbl.c.obj (.text:copy_in)
                  00019398    0000004c     sha256_alt.obj (.text:mbedtls_sha256_starts_ret)
                  000193e4    0000004c     libmbedcrypto.lib : bignum.obj (.text:mpi_sub_hlp$104)
                  00019430    0000004c     alarm.obj (.text:platformAlarmInit)
                  0001947c    0000004c     alarm_micro.obj (.text:platformAlarmMicroInit)
                  000194c8    0000004c     radio.obj (.text:platformRadioProcessReceiveDone$16)
                  00019514    0000004c     drivers_cc26x2.aem4f : UARTCC26XX.oem4f (.text:startTxFifoEmptyClk)
                  00019560    0000004a     display.aem4f : DisplayUart.oem4f (.text:DisplayUartMin_open)
                  000195aa    0000004a     libopenthread_mtd.lib : mac_frame.obj (.text:_ZN2ot3Mac5Frame10SetSrcAddrERKNS0_7AddressE)
                  000195f4    0000004a                           : coap_header.obj (.text:_ZN2ot4Coap6Header24SetDefaultResponseHeaderERKS1_)
                  0001963e    0000004a                           : lowpan.obj (.text:_ZN2ot6Lowpan6Lowpan20DispatchToNextHeaderEhRNS_3Ip67IpProtoE)
                  00019688    00000048     CC26X2R1_LAUNCHXL_fxns.obj (.text:CC26X2R1_LAUNCHXL_wakeUpExtFlash)
                  000196d0    00000048     driverlib.lib : rfc.obj (.text:NOROM_RFCSynthPowerDown)
                  00019718    00000048     drivers_cc26x2.aem4f : NVS.oem4f (.text:NVS_open)
                  00019760    00000048                          : PINCC26XX.oem4f (.text:PIN_setOutputEnable)
                  000197a8    00000048                          : PowerCC26X2_calibrateRCOSC.oem4f (.text:PowerCC26X2_RCOSC_clockFunc)
                  000197f0    00000048                          : PowerCC26X2.oem4f (.text:PowerCC26XX_switchXOSC_HF)
                  00019838    00000048                          : SHA2CC26X2.oem4f (.text:SHA2_waitForResult)
                  00019880    00000048     libopenthread_mtd.lib : key_manager.obj (.text:_ZN2ot10KeyManager22HandleKeyRotationTimerERNS_5TimerE)
                  000198c8    00000048                           : panid_query_server.obj (.text:_ZN2ot16PanIdQueryServerC1ERNS_8InstanceE)
                  00019910    00000048                           : netif.obj (.text:_ZN2ot3Ip65NetifC1ERNS_8InstanceEa)
                  00019958    00000048                           : coap_header.obj (.text:_ZN2ot4Coap6Header8SetTokenEh)
                  000199a0    00000048                           : coap.obj (.text:_ZN2ot4Coap8CoapBase7ReceiveERNS_7MessageERKNS_3Ip611MessageInfoE)
                  000199e8    00000048     drivers_cc26x2.aem4f : NVSCC26XX.oem4f (.text:disableFlashCache)
                  00019a30    00000048     settings.obj (.text:otPlatSettingsDelete)
                  00019a78    00000048     rom_sysbios.aem4f : rom_sysbios.obj (.text:pthread_setschedparam)
                  00019ac0    00000048     rtsv7M4_T_le_v4SPD16_eabi.lib : fd_toi_t2.asm.obj (.text)
                  00019b08    00000048     drivers_cc26x2.aem4f : PowerCC26X2.oem4f (.text:switchXOSCHF)
                  00019b50    00000048     rom_sysbios.aem4f : rom_sysbios.obj (.text:ti_sysbios_family_arm_cc26xx_Seconds_getTime__E)
                  00019b98    00000048     drivers_cc26x2.aem4f : UARTCC26XX.oem4f (.text:writeFinishedDoCallback)
                  00019be0    00000046     display.aem4f : DisplayUart.oem4f (.text:DisplayUartMin_vprintf)
                  00019c26    00000046     drivers_cc26x2.aem4f : RingBuf.oem4f (.text:RingBuf_put)
                  00019c6c    00000046     libopenthread_mtd.lib : mle.obj (.text:_ZN2ot3Mle3Mle9SetRloc16Et)
                  00019cb2    00000046     libmbedcrypto.lib : ssl_tls.obj (.text:mbedtls_ssl_recv_flight_completed)
                  00019cf8    00000044     drivers_cc26x2.aem4f : CryptoResourceCC26XX.oem4f (.text:CryptoResourceCC26XX_destructRTOSObjects)
                  00019d3c    00000044                          : ECJPAKECC26X2.oem4f (.text:ECJPAKECC26X2_waitForResult)
                  00019d80    00000044     nvoctp.obj (.text:NVOCTP_getItemLenApi$24)
                  00019dc4    00000044     nvoctp.obj (.text:NVOCTP_setPageActive$24)
                  00019e08    00000044     drivers_cc26x2.aem4f : NVSCC26XX.oem4f (.text:NVSCC26XX_read)
                  00019e4c    00000044                          : PINCC26XX.oem4f (.text:PIN_swi)
                  00019e90    00000044                          : PKAResourceCC26XX.oem4f (.text:PKAResourceCC26XX_destructRTOSObjects)
                  00019ed4    00000044     rf_multiMode_cc26x2.aem4f : RFCC26X2_multiMode.oem4f (.text:RF_cmdGet)
                  00019f18    00000044                               : RFCC26X2_multiMode.oem4f (.text:RF_cmdStoreEvents)
                  00019f5c    00000044     drivers_cc26x2.aem4f : UART.oem4f (.text:UART_init)
                  00019fa0    00000044     libopenthread_mtd.lib : mesh_forwarder.obj (.text:_ZN2ot13MeshForwarder19ClearReassemblyListEv)
                  00019fe4    00000044                           : timer.obj (.text:_ZN2ot14TimerScheduler8SetAlarmERKNS0_8AlarmApiE)
                  0001a028    00000044                           : energy_scan_server.obj (.text:_ZN2ot16EnergyScanServer16HandleScanResultEPvP18otEnergyScanResult)
                  0001a06c    00000044                           : ip6_mpl.obj (.text:_ZN2ot3Ip63MplC1ERNS_8InstanceE)
                  0001a0b0    00000044                           : udp6.obj (.text:_ZN2ot3Ip69UdpSocket5CloseEv)
                  0001a0f4    00000044                           : mle.obj (.text:_ZN2ot3Mle3Mle4StopEb)
                  0001a138    00000044     libmbedcrypto.lib : cipher.obj (.text:mbedtls_cipher_setkey)
                  0001a17c    00000044                       : md.obj (.text:mbedtls_md_setup)
                  0001a1c0    00000044                       : sha256.obj (.text:mbedtls_sha256_ret)
                  0001a204    00000044     libopenthread_mtd.lib : dataset_api.obj (.text:otDatasetIsCommissioned)
                  0001a248    00000044     rtsv7M4_T_le_v4SPD16_eabi.lib : fd_tou_t2.asm.obj (.text)
                  0001a28c    00000044     ecjpake_alt.obj (.text:tls_write_point$21)
                  0001a2d0    00000042     libopenthread_mtd.lib : message.obj (.text:_ZN2ot11MessagePoolC1ERNS_8InstanceE)
                  0001a312    00000042                           : dataset_manager.obj (.text:_ZN2ot7MeshCoP14PendingDataset3SetERKNS0_9TimestampERKNS_7MessageEth)
                  0001a354    00000042                           : meshcop.obj (.text:_ZN2ot7MeshCoP15ComputeJoinerIdERKNS_3Mac10ExtAddressERS2_)
                  0001a396    00000002     --HOLE-- [fill = 0]
                  0001a398    00000040     nvoctp.obj (.text:NVOCTP_compactNvApi$24)
                  0001a3d8    00000040     drivers_cc26x2.aem4f : PowerCC26X2.oem4f (.text:PowerCC26XX_isStableXOSC_HF)
                  0001a418    00000040     rf_multiMode_cc26x2.aem4f : RFCC26X2_multiMode.oem4f (.text:RF_updateHpOscOverride)
                  0001a458    00000040     drivers_cc26x2.aem4f : RingBuf.oem4f (.text:RingBuf_get)
                  0001a498    00000040     libopenthread_mtd.lib : network_data.obj (.text:_ZN2ot11NetworkData11NetworkData11PrefixMatchEPKhS3_h)
                  0001a4d8    00000040                           : mac.obj (.text:_ZN2ot3Mac3Mac15SetRxOnWhenIdleEb)
                  0001a518    00000040                           : coap_header.obj (.text:_ZN2ot4Coap6Header4InitEv)
                  0001a558    00000040                           : dtls.obj (.text:_ZN2ot7MeshCoP4Dtls8MapErrorEi)
                  0001a598    00000040                           : dataset.obj (.text:_ZN2ot7MeshCoP7Dataset12SetTimestampERKNS0_9TimestampE)
                  0001a5d8    00000040     radio.obj (.text:rfCoreInitReceiveParams$16)
                  0001a618    00000040     rtsv7M4_T_le_v4SPD16_eabi.lib : u_divt2.asm.obj (.text)
                  0001a658    00000040     rom_sysbios.aem4f : rom_sysbios.obj (.text:ti_sysbios_family_arm_cc26xx_Timer_setThreshold__I)
                  0001a698    0000003e     dpl_cc26x2.aem4f : HwiP_tirtos.oem4f (.text:HwiP_construct)
[...]
1002f91b  xdc_runtime_Gate_enterSystem__E                                                                                                    
1002f91f  xdc_runtime_SysCallback_Module__startupDone__S                                                                                     
1002f91f  xdc_runtime_System_SupportProxy_Module__startupDone__S                                                                             
1002f923  xdc_runtime_System_Module_GateProxy_enter__E                                                                                       
1002f927  xdc_runtime_System_Module_GateProxy_leave__E                                                                                       
1002f92b  xdc_runtime_System_printf_va__F                                                                                                    
1002f92f  xdc_runtime_System_exitSpin__E                                                                                                     
1002f931  ti_sysbios_family_arm_m3_Hwi_dispatch__I                                                                                           
1002fa11  ti_sysbios_family_arm_m3_Hwi_interruptsAreDisabledButShouldNotBe                                                                   
1002fa2d  ti_sysbios_family_arm_m3_TaskSupport_buildTaskStack                                                                                
1002fab9  ti_sysbios_family_arm_m3_Hwi_initStacks__E                                                                                         
1002fb11  ti_sysbios_family_arm_m3_Hwi_pendSV__I                                                                                             
1002fb35  ti_sysbios_family_arm_m3_Hwi_return                                                                                                
1002fb39  ti_sysbios_family_arm_m3_Hwi_excHandlerAsm__I                                                                                      
1002fb59  ti_sysbios_family_xxx_Hwi_switchAndRunFunc                                                                                         
1002fb77  ti_sysbios_family_arm_m3_TaskSupport_swap__E                                                                                       
1002fb77  ti_sysbios_knl_Task_SupportProxy_swap__E                                                                                           
1002fb77  ti_sysbios_knl_Task_SupportProxy_swap__E                                                                                           
1002fb83  ti_sysbios_knl_Task_swapReturn                                                                                                     
1002fb8f  ti_sysbios_family_arm_m3_TaskSupport_glue                                                                                          
1002fba0  ti_sysbios_knl_Task_Object__PARAMS__C                                                                                              
1002fbdc  ti_sysbios_knl_Mailbox_Object__PARAMS__C                                                                                           
1002fc10  ti_sysbios_family_arm_m3_Hwi_Object__PARAMS__C                                                                                     
1002fc40  ti_sysbios_hal_Hwi_Object__PARAMS__C                                                                                               
1002fc6c  ti_sysbios_knl_Swi_Object__PARAMS__C                                                                                               
1002fc94  ti_sysbios_heaps_HeapMem_Object__PARAMS__C                                                                                         
1002fcb8  ti_sysbios_knl_Clock_Object__PARAMS__C                                                                                             
1002fcdc  ti_sysbios_knl_Semaphore_Object__PARAMS__C                                                                                         
1002fd00  ti_sysbios_gates_GateHwi_Object__PARAMS__C                                                                                         
1002fd18  ti_sysbios_gates_GateMutex_Object__PARAMS__C                                                                                       
1002fd30  ti_sysbios_knl_Event_Object__PARAMS__C                                                                                             
1002fd48  ti_sysbios_knl_Queue_Object__PARAMS__C                                                                                             
1002fd80  ti_sysbios_heaps_HeapTrack_Object__PARAMS__C                                                                                       
1002fd9c  ti_sysbios_heaps_HeapTrack_Instance_State_trackQueue__O                                                                            
1002fda0  ti_sysbios_heaps_HeapTrack_Module__diagsEnabled__C                                                                                 
1002fda4  ti_sysbios_heaps_HeapTrack_Module__diagsIncluded__C                                                                                
1002fda8  ti_sysbios_heaps_HeapTrack_Module__diagsMask__C                                                                                    
1002fddb  strlen                                                                                                                             
20000000  ti_sysbios_family_arm_m3_Hwi_ramVectors                                                                                            
20000100  xdcRomConstPtr                                                                                                                     
20000104  xdcRomExternFuncPtr                                                                                                                
20000108  xdcRomStatePtr                                                                                                                     
20003d30  uartCC26XXObjects                                                                                                                  
20004180  ti_sysbios_knl_Task_Instance_State_0_stack__A                                                                                      
20004380  ti_sysbios_family_arm_m3_Hwi_dispatchTable                                                                                         
200044d8  pinHandleTable                                                                                                                     
20004618  uartCC26XXRingBuffer                                                                                                               
20004834  _ZN2ot11Diagnostics4Diag8sTxPowerE                                                                                                 
20004835  _ZN2ot11Diagnostics4Diag8sChannelE                                                                                                 
20004836  _ZN2ot11Diagnostics4Diag6sTxLenE                                                                                                   
20004837  _ZN2ot11Diagnostics4Diag13sRepeatActiveE                                                                                           
20004838  _ZN2ot11Diagnostics4Diag9sTxPeriodE                                                                                                
2000483c  _ZN2ot11Diagnostics4Diag10sTxPacketsE                                                                                              
20004840  _ZN2ot11Diagnostics4Diag9sTxPacketE                                                                                                
20004844  _ZN2ot11Diagnostics4Diag9sInstanceE                                                                                                
20004848  _ZN2ot11Diagnostics4Diag6sStatsE                                                                                                   
200048d4  ecjpakeCC26X2Objects                                                                                                               
20004980  CryptoResourceCC26XX_accessSemaphore                                                                                               
2000499c  CryptoResourceCC26XX_hwi                                                                                                           
200049b8  CryptoResourceCC26XX_operationSemaphore                                                                                            
200049d4  PKAResourceCC26XX_accessSemaphore                                                                                                  
200049f0  PKAResourceCC26XX_hwi                                                                                                              
20004a0c  PKAResourceCC26XX_operationSemaphore                                                                                               
20004a70  aesecbCC26XXObjects                                                                                                                
20004b28  displayUartObject                                                                                                                  
20004b3f  driverlib_release_0_53646                                                                                                          
20004b4c  ClockP_tickPeriod                                                                                                                  
20004b50  PowerCC26XX_swiKey                                                                                                                 
20004b54  PowerCC26XX_taskKey                                                                                                                
20004b58  nvsCC26xxObjects                                                                                                                   
200070b4  pOverrides                                                                                                                         
200070fc  txPowerTable                                                                                                                       
200074c0  ROM_stateStruct                                                                                                                    
200074c0  ti_sysbios_knl_Clock_Module__state__V                                                                                              
200074ec  ti_sysbios_family_arm_cc26xx_TimestampProvider_Module__state__V                                                                    
200074f0  xdc_runtime_Startup_Module__state__V                                                                                               
200074f8  xdc_runtime_Registry_Module__state__V                                                                                              
20007500  ti_sysbios_BIOS_Module__state__V                                                                                                   
20007524  ti_sysbios_knl_Swi_Module__state__V                                                                                                
20007540  ti_sysbios_knl_Task_Module__state__V                                                                                               
20007584  xdc_runtime_Memory_Module__state__V                                                                                                
20007588  xdc_runtime_System_Module__state__V                                                                                                
20007590  ti_sysbios_family_arm_m3_Hwi_Module__state__V                                                                                      
200075c4  ti_sysbios_family_arm_cc26xx_Timer_Module__state__V                                                                                
200075cc  PowerCC26X2_module                                                                                                                 
20007740  ti_sysbios_gates_GateMutex_Object__table__V                                                                                        
20007794  ti_sysbios_knl_Task_Object__table__V                                                                                               
200077e0  ti_sysbios_family_arm_cc26xx_Timer_Object__table__V                                                                                
200078a0  gpioPinConfigs                                                                                                                     
200078d0  ti_sysbios_knl_Swi_Module_State_0_readyQ__A                                                                                        
20007900  ti_sysbios_knl_Swi_Object__table__V                                                                                                
20007930  ti_sysbios_knl_Task_Module_State_0_readyQ__A                                                                                       
200079d8  ti_sysbios_knl_Clock_Object__table__V                                                                                              
200079f8  xdc_runtime_Error_IgnoreBlock                                                                                                      
20007a30  ti_sysbios_family_arm_m3_Hwi_Object__table__V                                                                                      
20007a48  ti_sysbios_heaps_HeapMem_Object__table__V                                                                                          
20007a80  gpioCallbackFunctions                                                                                                              
20007aa0  mbedtls_calloc                                                                                                                     
20007aa4  mbedtls_free                                                                                                                       
20007aa8  _lock                                                                                                                              
20007aac  _unlock                                                                                                                            
20007ab0  lcdHandle                                                                                                                          
20007ab4  serialHandle                                                                                                                       
20007ac0  pinUpperBound                                                                                                                      
20007ac4  pinLowerBound                                                                                                                      
20007ac8  ti_sysbios_family_arm_cc26xx_Seconds_Module__state__V                                                                              
20007ad0  ti_sysbios_family_arm_m3_Hwi_Module__root__V                                                                                       
20007ad8  ti_sysbios_gates_GateHwi_Module__root__V                                                                                           
20007ae0  ti_sysbios_gates_GateMutexPri_Module__root__V                                                                                      
20007ae8  ti_sysbios_gates_GateMutex_Module__root__V                                                                                         
20007af0  ti_sysbios_hal_Hwi_Module__root__V                                                                                                 
20007af8  ti_sysbios_heaps_HeapMem_Module__root__V                                                                                           
20007b00  ti_sysbios_knl_Clock_Module__root__V                                                                                               
20007b08  ti_sysbios_knl_Event_Module__root__V                                                                                               
20007b10  ti_sysbios_knl_Mailbox_Module__root__V                                                                                             
20007b18  ti_sysbios_knl_Queue_Module__root__V                                                                                               
20007b20  ti_sysbios_knl_Semaphore_Module__root__V                                                                                           
20007b28  ti_sysbios_knl_Swi_Module__root__V                                                                                                 
20007b30  ti_sysbios_knl_Task_Module__root__V                                                                                                
20007b38  xdc_runtime_System_Module_State_0_atexitHandlers__A                                                                                
20007b45  CryptoResourceCC26XX_pollingFlag                                                                                                   
20007b54  main_func_sp                                                                                                                       
20007b58  ti_sysbios_family_arm_m3_Hwi_Module_State_0_excContext__A                                                                          
20007b5c  ti_sysbios_family_arm_m3_Hwi_Module_State_0_excStack__A                                                                            
20007b60  ti_sysbios_knl_Task_Module_State_0_idleTask__A                                                                                     
20007b64  PKAResourceCC26XX_pollingFlag                                                                                                      
20007b66  ti_sysbios_family_arm_m3_Hwi_Module_State_0_excActive__A                                                                           
20007b70  __primary_heap_start__                                                                                                             
20008b70  __primary_heap_end__                                                                                                               
20013c00  __stack                                                                                                                            
20014000  __STACK_END                                                                                                                        
e000e000  ti_sysbios_family_arm_m3_Hwi_nvic                                                                                                  
ffffffff  __TI_pprof_out_hndl                                                                                                                
ffffffff  __TI_prof_data_size                                                                                                                
ffffffff  __TI_prof_data_start                                                                                                               
ffffffff  __binit__                                                                                                                          
ffffffff  __c_args__                                                                                                                         
ffffffff  binit                                                                                                                              
UNDEFED   SHT$$INIT_ARRAY$$Base                                                                                                              
UNDEFED   SHT$$INIT_ARRAY$$Limit                                                                                                             

[1799 symbols]
